===== AD vs CN within ADNI1 (custom_cnn) =====
subjects  train 122  val 26  test 26
slices    train 3904  val 832  test 832
class balance (test subjects): {'AD': 11, 'CN': 15}
Epoch  1/40 - train_loss 0.6392 train_acc 0.6270 - val_loss 0.6359 val_acc 0.6466
Epoch  2/40 - train_loss 0.5805 train_acc 0.6962 - val_loss 0.6483 val_acc 0.6226
Epoch  3/40 - train_loss 0.5257 train_acc 0.7308 - val_loss 0.6512 val_acc 0.6695
Epoch  4/40 - train_loss 0.4934 train_acc 0.7559 - val_loss 0.8492 val_acc 0.5589
Epoch  5/40 - train_loss 0.4484 train_acc 0.7871 - val_loss 0.7089 val_acc 0.6334
Epoch  6/40 - train_loss 0.4349 train_acc 0.7894 - val_loss 0.7037 val_acc 0.6466
Epoch  7/40 - train_loss 0.4271 train_acc 0.8046 - val_loss 0.8214 val_acc 0.6262
Epoch  8/40 - train_loss 0.4037 train_acc 0.8140 - val_loss 0.7458 val_acc 0.6394
Early stopping at epoch 8 (no val_loss improvement for 7 epochs)

trained 8 epochs in 7.2 min

===== SUBJECT LEVEL, AD vs CN =====
              precision    recall  f1-score   support

          CN       0.58      0.73      0.65        15
          AD       0.43      0.27      0.33        11

    accuracy                           0.54        26
   macro avg       0.50      0.50      0.49        26
weighted avg       0.52      0.54      0.51        26

confusion matrix (rows=true, cols=pred) ['CN', 'AD']:
[[11  4]
 [ 8  3]]

accuracy    53.8%  (14/26)   95% CI [35.5%, 71.2%]
majority baseline 57.7%  <- must be beaten to mean anything
ROC AUC     0.509   (0.5 = no signal; robust to the class imbalance)
verdict: INCONCLUSIVE - CI straddles the trivial baseline (test set is small)

{
  "task": "AD vs CN within ADNI1 (no cohort confound)",
  "arch": "custom_cnn",
  "n_test_subjects": 26,
  "accuracy": 0.5384615384615384,
  "accuracy_95CI": [
    0.3545763620443012,
    0.712444173047651
  ],
  "majority_baseline": 0.5769230769230769,
  "roc_auc": 0.5090909090909091,
  "verdict": "INCONCLUSIVE - CI straddles the trivial baseline (test set is small)",
  "macro_f1": 0.4901960784313726,
  "epochs_run": 8,
  "train_minutes": 7.2
}
