manifest: manifest_v2.csv
===== AD vs CN within ADNI1 (custom_cnn) =====
subjects  train 122  val 26  test 26
slices    train 3904  val 832  test 832
class balance (test subjects): {'AD': 11, 'CN': 15}
Epoch  1/40 - train_loss 0.5900 train_acc 0.6685 - val_loss 0.8603 val_acc 0.5541
Epoch  2/40 - train_loss 0.5205 train_acc 0.7472 - val_loss 0.7180 val_acc 0.6466
Epoch  3/40 - train_loss 0.4757 train_acc 0.7705 - val_loss 1.0647 val_acc 0.5517
Epoch  4/40 - train_loss 0.4605 train_acc 0.7725 - val_loss 0.7496 val_acc 0.6166
Epoch  5/40 - train_loss 0.4483 train_acc 0.7861 - val_loss 2.3681 val_acc 0.4615
Epoch  6/40 - train_loss 0.4151 train_acc 0.8143 - val_loss 0.7188 val_acc 0.6286
Epoch  7/40 - train_loss 0.3930 train_acc 0.8202 - val_loss 1.0197 val_acc 0.6190
Epoch  8/40 - train_loss 0.3651 train_acc 0.8294 - val_loss 0.8556 val_acc 0.6779
Epoch  9/40 - train_loss 0.3327 train_acc 0.8502 - val_loss 0.9683 val_acc 0.6502
Early stopping at epoch 9 (no val_loss improvement for 7 epochs)

threshold chosen on validation: 0.170 (Youden's J = 0.571); default 0.5 would have been used otherwise

trained 9 epochs in 6.5 min

===== SUBJECT LEVEL, AD vs CN =====
              precision    recall  f1-score   support

          CN       0.64      0.60      0.62        15
          AD       0.50      0.55      0.52        11

    accuracy                           0.58        26
   macro avg       0.57      0.57      0.57        26
weighted avg       0.58      0.58      0.58        26

confusion matrix (rows=true, cols=pred) ['CN', 'AD']:
[[9 6]
 [5 6]]

accuracy    57.7%  (15/26)   95% CI [38.9%, 74.5%]
majority baseline 57.7%  <- must be beaten to mean anything
ROC AUC     0.673   95% CI [0.457, 0.889]   (0.5 = no signal; robust to the class imbalance)
            ^ interval still includes 0.5 -> suggestive, not established
verdict: INCONCLUSIVE - CI straddles the trivial baseline (test set is small)

{
  "task": "AD vs CN within ADNI1 (no cohort confound)",
  "arch": "custom_cnn",
  "manifest": "manifest_v2.csv",
  "n_test_subjects": 26,
  "accuracy": 0.5769230769230769,
  "accuracy_95CI": [
    0.3894829692111983,
    0.744558100972706
  ],
  "decision_threshold": 0.1704999953508377,
  "accuracy_at_default_0.5": 0.5769230769230769,
  "majority_baseline": 0.5769230769230769,
  "roc_auc": 0.6727272727272727,
  "roc_auc_95CI": [
    0.4567946582421367,
    0.8886598872124087
  ],
  "verdict": "INCONCLUSIVE - CI straddles the trivial baseline (test set is small)",
  "macro_f1": 0.5712143928035982,
  "epochs_run": 9,
  "train_minutes": 6.5
}
