manifest: manifest_v2.csv
===== AD vs CN within ADNI1 (mobilenetv2) =====
subjects  train 122  val 26  test 26
slices    train 3904  val 832  test 832
class balance (test subjects): {'AD': 11, 'CN': 15}
Epoch  1/40 - train_loss 0.7027 train_acc 0.5489 - val_loss 0.6855 val_acc 0.6334
Epoch  2/40 - train_loss 0.5973 train_acc 0.6670 - val_loss 0.5737 val_acc 0.7067
Epoch  3/40 - train_loss 0.5217 train_acc 0.7398 - val_loss 0.8818 val_acc 0.6959
Epoch  4/40 - train_loss 0.5002 train_acc 0.7462 - val_loss 1.1559 val_acc 0.5757
Epoch  5/40 - train_loss 0.4478 train_acc 0.7818 - val_loss 0.6620 val_acc 0.6442
Epoch  6/40 - train_loss 0.3906 train_acc 0.8204 - val_loss 0.8325 val_acc 0.6190
Epoch  7/40 - train_loss 0.3603 train_acc 0.8384 - val_loss 0.9455 val_acc 0.6118
Epoch  8/40 - train_loss 0.3432 train_acc 0.8466 - val_loss 0.9237 val_acc 0.6430
Epoch  9/40 - train_loss 0.2625 train_acc 0.8796 - val_loss 1.2818 val_acc 0.5505
Early stopping at epoch 9 (no val_loss improvement for 7 epochs)

threshold chosen on validation: 0.347 (Youden's J = 0.679); default 0.5 would have been used otherwise

trained 9 epochs in 7.5 min

===== SUBJECT LEVEL, AD vs CN =====
              precision    recall  f1-score   support

          CN       0.59      0.67      0.62        15
          AD       0.44      0.36      0.40        11

    accuracy                           0.54        26
   macro avg       0.52      0.52      0.51        26
weighted avg       0.53      0.54      0.53        26

confusion matrix (rows=true, cols=pred) ['CN', 'AD']:
[[10  5]
 [ 7  4]]

accuracy    53.8%  (14/26)   95% CI [35.5%, 71.2%]
majority baseline 57.7%  <- must be beaten to mean anything
ROC AUC     0.667   95% CI [0.450, 0.884]   (0.5 = no signal; robust to the class imbalance)
            ^ interval still includes 0.5 -> suggestive, not established
verdict: INCONCLUSIVE - CI straddles the trivial baseline (test set is small)

{
  "task": "AD vs CN within ADNI1 (no cohort confound)",
  "arch": "mobilenetv2",
  "manifest": "manifest_v2.csv",
  "n_test_subjects": 26,
  "accuracy": 0.5384615384615384,
  "accuracy_95CI": [
    0.3545763620443012,
    0.712444173047651
  ],
  "decision_threshold": 0.34700000286102295,
  "accuracy_at_default_0.5": 0.5,
  "majority_baseline": 0.5769230769230769,
  "roc_auc": 0.6666666666666667,
  "roc_auc_95CI": [
    0.44968225319363475,
    0.8836510801396987
  ],
  "verdict": "INCONCLUSIVE - CI straddles the trivial baseline (test set is small)",
  "macro_f1": 0.5125,
  "epochs_run": 9,
  "train_minutes": 7.5
}
