manifest: manifest_v2.csv
===== AD vs CN within ADNI1 (efficientnet_b0) =====
subjects  train 122  val 26  test 26
slices    train 3904  val 832  test 832
class balance (test subjects): {'AD': 11, 'CN': 15}
Epoch  1/40 - train_loss 0.6844 train_acc 0.5853 - val_loss 1.8530 val_acc 0.6322
Epoch  2/40 - train_loss 0.5943 train_acc 0.6785 - val_loss 0.6040 val_acc 0.6683
Epoch  3/40 - train_loss 0.5697 train_acc 0.6931 - val_loss 0.9052 val_acc 0.6490
Epoch  4/40 - train_loss 0.4758 train_acc 0.7661 - val_loss 0.8223 val_acc 0.6202
Epoch  5/40 - train_loss 0.4525 train_acc 0.7879 - val_loss 0.8213 val_acc 0.6250
Epoch  6/40 - train_loss 0.3884 train_acc 0.8117 - val_loss 0.8945 val_acc 0.6719
Epoch  7/40 - train_loss 0.3437 train_acc 0.8399 - val_loss 0.6580 val_acc 0.7067
Epoch  8/40 - train_loss 0.3226 train_acc 0.8573 - val_loss 1.1804 val_acc 0.6466
Epoch  9/40 - train_loss 0.2607 train_acc 0.8850 - val_loss 0.7353 val_acc 0.7079
Early stopping at epoch 9 (no val_loss improvement for 7 epochs)

threshold chosen on validation: 0.689 (Youden's J = 0.595); default 0.5 would have been used otherwise

trained 9 epochs in 6.7 min

===== SUBJECT LEVEL, AD vs CN =====
              precision    recall  f1-score   support

          CN       0.61      0.93      0.74        15
          AD       0.67      0.18      0.29        11

    accuracy                           0.62        26
   macro avg       0.64      0.56      0.51        26
weighted avg       0.63      0.62      0.55        26

confusion matrix (rows=true, cols=pred) ['CN', 'AD']:
[[14  1]
 [ 9  2]]

accuracy    61.5%  (16/26)   95% CI [42.5%, 77.6%]
majority baseline 57.7%  <- must be beaten to mean anything
ROC AUC     0.588   95% CI [0.361, 0.814]   (0.5 = no signal; robust to the class imbalance)
            ^ interval still includes 0.5 -> suggestive, not established
verdict: INCONCLUSIVE - CI straddles the trivial baseline (test set is small)

{
  "task": "AD vs CN within ADNI1 (no cohort confound)",
  "arch": "efficientnet_b0",
  "manifest": "manifest_v2.csv",
  "n_test_subjects": 26,
  "accuracy": 0.6153846153846154,
  "accuracy_95CI": [
    0.42534520039420076,
    0.7757164048816557
  ],
  "decision_threshold": 0.6891999840736389,
  "accuracy_at_default_0.5": 0.5769230769230769,
  "majority_baseline": 0.5769230769230769,
  "roc_auc": 0.5878787878787879,
  "roc_auc_95CI": [
    0.361293969768804,
    0.8144636059887718
  ],
  "verdict": "INCONCLUSIVE - CI straddles the trivial baseline (test set is small)",
  "macro_f1": 0.5112781954887218,
  "epochs_run": 9,
  "train_minutes": 6.7
}
