manifest: manifest_v2_braincrop.csv
===== AD vs CN within ADNI1 (mobilenetv2) =====
subjects  train 122  val 26  test 26
slices    train 3904  val 832  test 832
class balance (test subjects): {'AD': 11, 'CN': 15}
Epoch  1/40 - train_loss 0.7099 train_acc 0.5389 - val_loss 0.6629 val_acc 0.6010
Epoch  2/40 - train_loss 0.6514 train_acc 0.6055 - val_loss 0.6892 val_acc 0.6022
Epoch  3/40 - train_loss 0.5751 train_acc 0.6934 - val_loss 0.8260 val_acc 0.6430
Epoch  4/40 - train_loss 0.5454 train_acc 0.7228 - val_loss 0.8259 val_acc 0.6130
Epoch  5/40 - train_loss 0.4755 train_acc 0.7651 - val_loss 0.5728 val_acc 0.7091
Epoch  6/40 - train_loss 0.4564 train_acc 0.7853 - val_loss 0.7139 val_acc 0.6502
Epoch  7/40 - train_loss 0.4431 train_acc 0.7856 - val_loss 0.7051 val_acc 0.6671
Epoch  8/40 - train_loss 0.4131 train_acc 0.8087 - val_loss 1.0311 val_acc 0.6106
Epoch  9/40 - train_loss 0.3430 train_acc 0.8404 - val_loss 0.6515 val_acc 0.6851
Epoch 10/40 - train_loss 0.3178 train_acc 0.8589 - val_loss 0.6322 val_acc 0.7356
Epoch 11/40 - train_loss 0.3126 train_acc 0.8635 - val_loss 0.7154 val_acc 0.6599
Epoch 12/40 - train_loss 0.2732 train_acc 0.8850 - val_loss 0.6703 val_acc 0.7055
Early stopping at epoch 12 (no val_loss improvement for 7 epochs)

threshold chosen on validation: 0.415 (Youden's J = 0.702); default 0.5 would have been used otherwise

trained 12 epochs in 10.6 min

===== SUBJECT LEVEL, AD vs CN =====
              precision    recall  f1-score   support

          CN       0.62      0.53      0.57        15
          AD       0.46      0.55      0.50        11

    accuracy                           0.54        26
   macro avg       0.54      0.54      0.54        26
weighted avg       0.55      0.54      0.54        26

confusion matrix (rows=true, cols=pred) ['CN', 'AD']:
[[8 7]
 [5 6]]

accuracy    53.8%  (14/26)   95% CI [35.5%, 71.2%]
majority baseline 57.7%  <- must be beaten to mean anything
ROC AUC     0.576   95% CI [0.348, 0.803]   (0.5 = no signal; robust to the class imbalance)
            ^ interval still includes 0.5 -> suggestive, not established
verdict: INCONCLUSIVE - CI straddles the trivial baseline (test set is small)

{
  "task": "AD vs CN within ADNI1 (no cohort confound)",
  "arch": "mobilenetv2",
  "manifest": "manifest_v2_braincrop.csv",
  "n_test_subjects": 26,
  "accuracy": 0.5384615384615384,
  "accuracy_95CI": [
    0.3545763620443012,
    0.712444173047651
  ],
  "decision_threshold": 0.4154999852180481,
  "accuracy_at_default_0.5": 0.5384615384615384,
  "majority_baseline": 0.5769230769230769,
  "roc_auc": 0.5757575757575757,
  "roc_auc_95CI": [
    0.3483415676874039,
    0.8031735838277475
  ],
  "verdict": "INCONCLUSIVE - CI straddles the trivial baseline (test set is small)",
  "macro_f1": 0.5357142857142857,
  "epochs_run": 12,
  "train_minutes": 10.6
}
