manifest: manifest_v2.csv
===== AD vs CN within ADNI1 (mobilenetv2) =====
subjects  train 122  val 26  test 26
slices    train 3904  val 832  test 832
class balance (test subjects): {'AD': 11, 'CN': 15}
Epoch  1/40 - train_loss 0.7027 train_acc 0.5489 - val_loss 0.6855 val_acc 0.6334
Epoch  2/40 - train_loss 0.5973 train_acc 0.6670 - val_loss 0.5737 val_acc 0.7067
Epoch  3/40 - train_loss 0.5217 train_acc 0.7398 - val_loss 0.8818 val_acc 0.6959
Epoch  4/40 - train_loss 0.5002 train_acc 0.7462 - val_loss 1.1559 val_acc 0.5757
Epoch  5/40 - train_loss 0.4478 train_acc 0.7818 - val_loss 0.6620 val_acc 0.6442
Epoch  6/40 - train_loss 0.3906 train_acc 0.8204 - val_loss 0.8325 val_acc 0.6190
Epoch  7/40 - train_loss 0.3603 train_acc 0.8384 - val_loss 0.9455 val_acc 0.6118
Epoch  8/40 - train_loss 0.3432 train_acc 0.8466 - val_loss 0.9237 val_acc 0.6430
Epoch  9/40 - train_loss 0.2625 train_acc 0.8796 - val_loss 1.2818 val_acc 0.5505
Early stopping at epoch 9 (no val_loss improvement for 7 epochs)

trained 9 epochs in 5.7 min

===== SUBJECT LEVEL, AD vs CN =====
              precision    recall  f1-score   support

          CN       0.54      0.87      0.67        15
          AD       0.00      0.00      0.00        11

    accuracy                           0.50        26
   macro avg       0.27      0.43      0.33        26
weighted avg       0.31      0.50      0.38        26

confusion matrix (rows=true, cols=pred) ['CN', 'AD']:
[[13  2]
 [11  0]]

accuracy    50.0%  (13/26)   95% CI [32.1%, 67.9%]
majority baseline 57.7%  <- must be beaten to mean anything
ROC AUC     0.667   (0.5 = no signal; robust to the class imbalance)
verdict: INCONCLUSIVE - CI straddles the trivial baseline (test set is small)

{
  "task": "AD vs CN within ADNI1 (no cohort confound)",
  "arch": "mobilenetv2",
  "manifest": "manifest_v2.csv",
  "n_test_subjects": 26,
  "accuracy": 0.5,
  "accuracy_95CI": [
    0.32060306315002074,
    0.6793969368499793
  ],
  "majority_baseline": 0.5769230769230769,
  "roc_auc": 0.6666666666666667,
  "verdict": "INCONCLUSIVE - CI straddles the trivial baseline (test set is small)",
  "macro_f1": 0.3333333333333333,
  "epochs_run": 9,
  "train_minutes": 5.7
}
