manifest: manifest_v2_masked.csv
===== AD vs CN within ADNI1 (mobilenetv2) =====
subjects  train 122  val 26  test 26
slices    train 3904  val 832  test 832
class balance (test subjects): {'AD': 11, 'CN': 15}
Epoch  1/40 - train_loss 0.7064 train_acc 0.5415 - val_loss 0.6496 val_acc 0.6226
Epoch  2/40 - train_loss 0.6527 train_acc 0.6173 - val_loss 0.6190 val_acc 0.6526
Epoch  3/40 - train_loss 0.5803 train_acc 0.6913 - val_loss 0.6903 val_acc 0.6010
Epoch  4/40 - train_loss 0.5318 train_acc 0.7262 - val_loss 0.5700 val_acc 0.6851
Epoch  5/40 - train_loss 0.5042 train_acc 0.7544 - val_loss 0.6008 val_acc 0.6755
Epoch  6/40 - train_loss 0.4662 train_acc 0.7725 - val_loss 0.9777 val_acc 0.6562
Epoch  7/40 - train_loss 0.4419 train_acc 0.7918 - val_loss 0.8235 val_acc 0.6406
Epoch  8/40 - train_loss 0.3752 train_acc 0.8302 - val_loss 0.8213 val_acc 0.6599
Epoch  9/40 - train_loss 0.3330 train_acc 0.8491 - val_loss 0.6334 val_acc 0.6779
Epoch 10/40 - train_loss 0.3059 train_acc 0.8686 - val_loss 0.6901 val_acc 0.7055
Epoch 11/40 - train_loss 0.2688 train_acc 0.8873 - val_loss 0.8258 val_acc 0.6647
Early stopping at epoch 11 (no val_loss improvement for 7 epochs)

threshold chosen on validation: 0.663 (Youden's J = 0.595); default 0.5 would have been used otherwise

trained 11 epochs in 8.4 min

===== SUBJECT LEVEL, AD vs CN =====
              precision    recall  f1-score   support

          CN       0.61      0.73      0.67        15
          AD       0.50      0.36      0.42        11

    accuracy                           0.58        26
   macro avg       0.56      0.55      0.54        26
weighted avg       0.56      0.58      0.56        26

confusion matrix (rows=true, cols=pred) ['CN', 'AD']:
[[11  4]
 [ 7  4]]

accuracy    57.7%  (15/26)   95% CI [38.9%, 74.5%]
majority baseline 57.7%  <- must be beaten to mean anything
ROC AUC     0.588   95% CI [0.361, 0.814]   (0.5 = no signal; robust to the class imbalance)
            ^ interval still includes 0.5 -> suggestive, not established
verdict: INCONCLUSIVE - CI straddles the trivial baseline (test set is small)

{
  "task": "AD vs CN within ADNI1 (no cohort confound)",
  "arch": "mobilenetv2",
  "manifest": "manifest_v2_masked.csv",
  "n_test_subjects": 26,
  "accuracy": 0.5769230769230769,
  "accuracy_95CI": [
    0.3894829692111983,
    0.744558100972706
  ],
  "decision_threshold": 0.6632000207901001,
  "accuracy_at_default_0.5": 0.5384615384615384,
  "majority_baseline": 0.5769230769230769,
  "roc_auc": 0.5878787878787879,
  "roc_auc_95CI": [
    0.361293969768804,
    0.8144636059887718
  ],
  "verdict": "INCONCLUSIVE - CI straddles the trivial baseline (test set is small)",
  "macro_f1": 0.5438596491228069,
  "epochs_run": 11,
  "train_minutes": 8.4
}
