===== custom_cnn_crossera_adni1_to_go2 on cuda =====
train/val cohort: ADNI1     test cohort: GO2
subjects  train 200  val 35  test 266
test-cohort class balance: {'AD': 108, 'CN': 158}
train/test subject overlap: 0 (must be 0)
Epoch  1/40 - train_loss 0.6321 train_acc 0.6316 - val_loss 0.5799 val_acc 0.6696 val_macro_f1 0.6619
Epoch  2/40 - train_loss 0.5993 train_acc 0.6766 - val_loss 0.6761 val_acc 0.5723 val_macro_f1 0.4507
Epoch  3/40 - train_loss 0.5769 train_acc 0.6969 - val_loss 1.2081 val_acc 0.5000 val_macro_f1 0.3964
Epoch  4/40 - train_loss 0.5605 train_acc 0.7211 - val_loss 0.5888 val_acc 0.6625 val_macro_f1 0.6623
Epoch  5/40 - train_loss 0.5307 train_acc 0.7388 - val_loss 1.5245 val_acc 0.5446 val_macro_f1 0.3562
Epoch  6/40 - train_loss 0.5237 train_acc 0.7398 - val_loss 1.1208 val_acc 0.5500 val_macro_f1 0.4811
Epoch  7/40 - train_loss 0.5049 train_acc 0.7558 - val_loss 0.6554 val_acc 0.6482 val_macro_f1 0.5980
Epoch  8/40 - train_loss 0.4722 train_acc 0.7755 - val_loss 0.5389 val_acc 0.7286 val_macro_f1 0.7285
Epoch  9/40 - train_loss 0.4542 train_acc 0.7853 - val_loss 0.6149 val_acc 0.7116 val_macro_f1 0.7004
Epoch 10/40 - train_loss 0.4310 train_acc 0.8000 - val_loss 0.6116 val_acc 0.6929 val_macro_f1 0.6872
Epoch 11/40 - train_loss 0.4276 train_acc 0.7992 - val_loss 0.6380 val_acc 0.7098 val_macro_f1 0.6947
Epoch 12/40 - train_loss 0.3842 train_acc 0.8298 - val_loss 0.7036 val_acc 0.7045 val_macro_f1 0.7018
Epoch 13/40 - train_loss 0.3720 train_acc 0.8336 - val_loss 0.5523 val_acc 0.7625 val_macro_f1 0.7623
Epoch 14/40 - train_loss 0.3486 train_acc 0.8461 - val_loss 0.6322 val_acc 0.7357 val_macro_f1 0.7326
Epoch 15/40 - train_loss 0.3182 train_acc 0.8573 - val_loss 0.8831 val_acc 0.6795 val_macro_f1 0.6573
Early stopping at epoch 15 (no val_loss improvement for 7 epochs)
restoring best checkpoint from epoch 8 (selected by val_loss)

threshold 0.628 chosen on the ADNI1 validation split (Youden's J 0.645) -- the test cohort was never used for this

trained 15 epochs (best epoch 8) in 12.5 min

===== EXTERNAL COHORT (GO2), SUBJECT LEVEL =====
              precision    recall  f1-score   support

          CN       0.73      0.85      0.79       158
          AD       0.71      0.55      0.62       108

    accuracy                           0.73       266
   macro avg       0.72      0.70      0.70       266
weighted avg       0.72      0.73      0.72       266

confusion matrix (rows=true, cols=pred) ['CN', 'AD']:
[[134  24]
 [ 49  59]]

accuracy    72.6%  (193/266)   95% CI [66.9%, 77.6%]
majority baseline 59.4%
ROC AUC     0.786   95% CI [0.728, 0.844]
            ^ interval excludes 0.5 -> the signal TRANSFERS across cohorts
verdict: TRANSFERS - significantly above baseline on a cohort never trained on

{
  "task": "AD vs CN, trained on ADNI1, tested on GO2 (external cohort, zero subject overlap)",
  "arch": "custom_cnn",
  "direction": "adni1->go2",
  "train_cohort": "ADNI1",
  "test_cohort": "GO2",
  "n_train_subjects": 200,
  "n_val_subjects": 35,
  "n_test_subjects": 266,
  "accuracy": 0.7255639097744361,
  "accuracy_95CI": [
    0.6690132172430641,
    0.7756921209998162
  ],
  "majority_baseline": 0.5939849624060151,
  "roc_auc": 0.7860407876230662,
  "roc_auc_95CI": [
    0.7280060268409426,
    0.8440755484051897
  ],
  "decision_threshold": 0.6284000277519226,
  "verdict": "TRANSFERS - significantly above baseline on a cohort never trained on",
  "macro_f1": 0.701862400393054,
  "epochs_run": 15,
  "best_epoch": 8,
  "train_minutes": 12.5
}
