===== efficientnet_b0_crossera_adni1_to_go2 on cuda (checkpoint selected by val_loss) =====
train/val cohort: ADNI1     test cohort: GO2
subjects  train 200  val 35  test 266
test-cohort class balance: {'AD': 108, 'CN': 158}
train/test subject overlap: 0 (must be 0)
Epoch  1/40 - train_loss 0.6841 train_acc 0.5889 - val_loss 0.6487 val_acc 0.6062 val_macro_f1 0.5868
Epoch  2/40 - train_loss 0.6157 train_acc 0.6720 - val_loss 0.6860 val_acc 0.5929 val_macro_f1 0.5399
Epoch  3/40 - train_loss 0.5668 train_acc 0.7127 - val_loss 0.7294 val_acc 0.5616 val_macro_f1 0.5614
Epoch  4/40 - train_loss 0.5339 train_acc 0.7323 - val_loss 0.6226 val_acc 0.6786 val_macro_f1 0.6760
Epoch  5/40 - train_loss 0.5101 train_acc 0.7562 - val_loss 0.6238 val_acc 0.7009 val_macro_f1 0.7005
Epoch  6/40 - train_loss 0.4621 train_acc 0.7741 - val_loss 0.6396 val_acc 0.7295 val_macro_f1 0.7294
Epoch  7/40 - train_loss 0.4346 train_acc 0.7977 - val_loss 0.9432 val_acc 0.5964 val_macro_f1 0.5820
Epoch  8/40 - train_loss 0.3677 train_acc 0.8320 - val_loss 0.9483 val_acc 0.5911 val_macro_f1 0.5379
Epoch  9/40 - train_loss 0.3555 train_acc 0.8417 - val_loss 0.9065 val_acc 0.7143 val_macro_f1 0.7123
Epoch 10/40 - train_loss 0.3085 train_acc 0.8614 - val_loss 0.9801 val_acc 0.6509 val_macro_f1 0.6468
Epoch 11/40 - train_loss 0.2477 train_acc 0.8927 - val_loss 1.0054 val_acc 0.6786 val_macro_f1 0.6778
Early stopping at epoch 11 (no val_loss improvement for 7 epochs)
restoring best checkpoint from epoch 4 (selected by val_loss)

threshold 0.376 chosen on the ADNI1 validation split (Youden's J 0.526) -- the test cohort was never used for this

trained 11 epochs (best epoch 4) in 8.3 min

===== EXTERNAL COHORT (GO2), SUBJECT LEVEL =====
              precision    recall  f1-score   support

          CN       0.77      0.49      0.60       158
          AD       0.52      0.79      0.62       108

    accuracy                           0.61       266
   macro avg       0.64      0.64      0.61       266
weighted avg       0.67      0.61      0.61       266

confusion matrix (rows=true, cols=pred) ['CN', 'AD']:
[[78 80]
 [23 85]]

accuracy    61.3%  (163/266)   95% CI [55.3%, 66.9%]
majority baseline 59.4%
ROC AUC     0.739   95% CI [0.677, 0.802]
            ^ interval excludes 0.5 -> the signal TRANSFERS across cohorts
verdict: INCONCLUSIVE - CI straddles the baseline

{
  "task": "AD vs CN, trained on ADNI1, tested on GO2 (external cohort, zero subject overlap)",
  "arch": "efficientnet_b0",
  "direction": "adni1->go2",
  "select_by": "val_loss",
  "train_cohort": "ADNI1",
  "test_cohort": "GO2",
  "n_train_subjects": 200,
  "n_val_subjects": 35,
  "n_test_subjects": 266,
  "accuracy": 0.6127819548872181,
  "accuracy_95CI": [
    0.5530332517866334,
    0.6693194173348067
  ],
  "majority_baseline": 0.5939849624060151,
  "roc_auc": 0.7393342709798405,
  "roc_auc_95CI": [
    0.6768945814404193,
    0.8017739605192618
  ],
  "decision_threshold": 0.37560001015663147,
  "verdict": "INCONCLUSIVE - CI straddles the baseline",
  "macro_f1": 0.6125136125136126,
  "epochs_run": 11,
  "best_epoch": 4,
  "train_minutes": 8.3
}
