===== custom_cnn_crossera_go2_to_adni1 on cuda (checkpoint selected by val_loss) =====
train/val cohort: GO2     test cohort: ADNI1
subjects  train 226  val 40  test 235
test-cohort class balance: {'AD': 108, 'CN': 127}
train/test subject overlap: 0 (must be 0)
Epoch  1/40 - train_loss 0.6225 train_acc 0.6578 - val_loss 0.7943 val_acc 0.5281 val_macro_f1 0.5003
Epoch  2/40 - train_loss 0.5742 train_acc 0.7045 - val_loss 0.6643 val_acc 0.6180 val_macro_f1 0.6140
Epoch  3/40 - train_loss 0.5533 train_acc 0.7226 - val_loss 0.6735 val_acc 0.6211 val_macro_f1 0.6193
Epoch  4/40 - train_loss 0.5348 train_acc 0.7340 - val_loss 0.8849 val_acc 0.6500 val_macro_f1 0.6146
Epoch  5/40 - train_loss 0.5247 train_acc 0.7405 - val_loss 0.5987 val_acc 0.6766 val_macro_f1 0.6738
Epoch  6/40 - train_loss 0.5161 train_acc 0.7394 - val_loss 0.7054 val_acc 0.5922 val_macro_f1 0.5905
Epoch  7/40 - train_loss 0.4992 train_acc 0.7508 - val_loss 0.7180 val_acc 0.6852 val_macro_f1 0.6405
Epoch  8/40 - train_loss 0.4873 train_acc 0.7637 - val_loss 0.7509 val_acc 0.6117 val_macro_f1 0.6112
Epoch  9/40 - train_loss 0.4508 train_acc 0.7836 - val_loss 0.6428 val_acc 0.6602 val_macro_f1 0.6497
Epoch 10/40 - train_loss 0.4374 train_acc 0.7902 - val_loss 0.9921 val_acc 0.5758 val_macro_f1 0.5756
Epoch 11/40 - train_loss 0.4272 train_acc 0.7930 - val_loss 0.6532 val_acc 0.6539 val_macro_f1 0.6297
Epoch 12/40 - train_loss 0.3913 train_acc 0.8140 - val_loss 0.7269 val_acc 0.6984 val_macro_f1 0.6719
Early stopping at epoch 12 (no val_loss improvement for 7 epochs)
restoring best checkpoint from epoch 5 (selected by val_loss)

threshold 0.434 chosen on the GO2 validation split (Youden's J 0.458) -- the test cohort was never used for this

trained 12 epochs (best epoch 5) in 9.7 min

===== EXTERNAL COHORT (ADNI1), SUBJECT LEVEL =====
              precision    recall  f1-score   support

          CN       0.70      0.22      0.34       127
          AD       0.49      0.89      0.63       108

    accuracy                           0.53       235
   macro avg       0.60      0.55      0.48       235
weighted avg       0.60      0.53      0.47       235

confusion matrix (rows=true, cols=pred) ['CN', 'AD']:
[[28 99]
 [12 96]]

accuracy    52.8%  (124/235)   95% CI [46.4%, 59.1%]
majority baseline 54.0%
ROC AUC     0.699   95% CI [0.632, 0.767]
            ^ interval excludes 0.5 -> the signal TRANSFERS across cohorts
verdict: INCONCLUSIVE - CI straddles the baseline

{
  "task": "AD vs CN, trained on GO2, tested on ADNI1 (external cohort, zero subject overlap)",
  "arch": "custom_cnn",
  "direction": "go2->adni1",
  "select_by": "val_loss",
  "train_cohort": "GO2",
  "test_cohort": "ADNI1",
  "n_train_subjects": 226,
  "n_val_subjects": 40,
  "n_test_subjects": 235,
  "accuracy": 0.5276595744680851,
  "accuracy_95CI": [
    0.46389828054853016,
    0.5905310985881026
  ],
  "majority_baseline": 0.5404255319148936,
  "roc_auc": 0.6992563429571304,
  "roc_auc_95CI": [
    0.6316543278829779,
    0.7668583580312828
  ],
  "decision_threshold": 0.4336000084877014,
  "verdict": "INCONCLUSIVE - CI straddles the baseline",
  "macro_f1": 0.48449635382699946,
  "epochs_run": 12,
  "best_epoch": 5,
  "train_minutes": 9.7
}
