===== mobilenetv2_crossera_go2_to_adni1 on cuda =====
train/val cohort: GO2     test cohort: ADNI1
subjects  train 226  val 40  test 235
test-cohort class balance: {'AD': 108, 'CN': 127}
train/test subject overlap: 0 (must be 0)
Epoch  1/40 - train_loss 0.7024 train_acc 0.5537 - val_loss 0.8634 val_acc 0.5242 val_macro_f1 0.5104
Epoch  2/40 - train_loss 0.6031 train_acc 0.6851 - val_loss 0.6498 val_acc 0.6672 val_macro_f1 0.5870
Epoch  3/40 - train_loss 0.5524 train_acc 0.7230 - val_loss 0.7731 val_acc 0.5687 val_macro_f1 0.5667
Epoch  4/40 - train_loss 0.5227 train_acc 0.7410 - val_loss 0.7166 val_acc 0.6062 val_macro_f1 0.6019
Epoch  5/40 - train_loss 0.4840 train_acc 0.7670 - val_loss 0.7008 val_acc 0.5977 val_macro_f1 0.5935
Epoch  6/40 - train_loss 0.4172 train_acc 0.8064 - val_loss 0.6652 val_acc 0.7234 val_macro_f1 0.7182
Epoch  7/40 - train_loss 0.3836 train_acc 0.8222 - val_loss 0.8024 val_acc 0.6328 val_macro_f1 0.6317
Epoch  8/40 - train_loss 0.3622 train_acc 0.8349 - val_loss 0.8151 val_acc 0.6773 val_macro_f1 0.6722
Epoch  9/40 - train_loss 0.2975 train_acc 0.8674 - val_loss 0.8141 val_acc 0.6789 val_macro_f1 0.6470
Early stopping at epoch 9 (no val_loss improvement for 7 epochs)
restoring best checkpoint from epoch 2 (selected by val_loss)

threshold 0.214 chosen on the GO2 validation split (Youden's J 0.562) -- the test cohort was never used for this

trained 9 epochs (best epoch 2) in 5.9 min

===== EXTERNAL COHORT (ADNI1), SUBJECT LEVEL =====
              precision    recall  f1-score   support

          CN       0.77      0.51      0.62       127
          AD       0.59      0.82      0.69       108

    accuracy                           0.66       235
   macro avg       0.68      0.67      0.65       235
weighted avg       0.69      0.66      0.65       235

confusion matrix (rows=true, cols=pred) ['CN', 'AD']:
[[65 62]
 [19 89]]

accuracy    65.5%  (154/235)   95% CI [59.2%, 71.3%]
majority baseline 54.0%
ROC AUC     0.738   95% CI [0.673, 0.802]
            ^ interval excludes 0.5 -> the signal TRANSFERS across cohorts
verdict: TRANSFERS - significantly above baseline on a cohort never trained on

{
  "task": "AD vs CN, trained on GO2, tested on ADNI1 (external cohort, zero subject overlap)",
  "arch": "mobilenetv2",
  "direction": "go2->adni1",
  "train_cohort": "GO2",
  "test_cohort": "ADNI1",
  "n_train_subjects": 226,
  "n_val_subjects": 40,
  "n_test_subjects": 235,
  "accuracy": 0.6553191489361702,
  "accuracy_95CI": [
    0.592494356406365,
    0.713147541822419
  ],
  "majority_baseline": 0.5404255319148936,
  "roc_auc": 0.7375328083989502,
  "roc_auc_95CI": [
    0.6730343322208129,
    0.8020312845770875
  ],
  "decision_threshold": 0.21439999341964722,
  "verdict": "TRANSFERS - significantly above baseline on a cohort never trained on",
  "macro_f1": 0.6516862156672583,
  "epochs_run": 9,
  "best_epoch": 2,
  "train_minutes": 5.9
}
