===== custom_cnn_honest25d on cuda =====
custom_cnn: 1,207,588 params, in_channels=3, mode=honest25d
Epoch  1/40 - train_loss 0.9286 train_acc 0.4666 - val_loss 0.7912 val_acc 0.4749
Epoch  2/40 - train_loss 0.8602 train_acc 0.4881 - val_loss 2.3821 val_acc 0.3182
Epoch  3/40 - train_loss 0.8341 train_acc 0.5003 - val_loss 0.7616 val_acc 0.5104
Epoch  4/40 - train_loss 0.7908 train_acc 0.5134 - val_loss 2.2743 val_acc 0.2652
Epoch  5/40 - train_loss 0.7766 train_acc 0.5324 - val_loss 0.8307 val_acc 0.4304
Epoch  6/40 - train_loss 0.7496 train_acc 0.5521 - val_loss 4.2199 val_acc 0.3546
Epoch  7/40 - train_loss 0.7116 train_acc 0.5887 - val_loss 3.3959 val_acc 0.3040
Epoch  8/40 - train_loss 0.6927 train_acc 0.5990 - val_loss 0.7324 val_acc 0.5606
Epoch  9/40 - train_loss 0.6777 train_acc 0.6114 - val_loss 5.5974 val_acc 0.3239
Epoch 10/40 - train_loss 0.6571 train_acc 0.6203 - val_loss 0.7629 val_acc 0.5857
Epoch 11/40 - train_loss 0.6504 train_acc 0.6334 - val_loss 0.9177 val_acc 0.5047
Epoch 12/40 - train_loss 0.6177 train_acc 0.6570 - val_loss 0.8074 val_acc 0.5781
Epoch 13/40 - train_loss 0.6089 train_acc 0.6610 - val_loss 0.8590 val_acc 0.5194
Epoch 14/40 - train_loss 0.6072 train_acc 0.6622 - val_loss 0.8699 val_acc 0.5152
Epoch 15/40 - train_loss 0.5791 train_acc 0.6803 - val_loss 0.7823 val_acc 0.5251
Early stopping at epoch 15 (no val_loss improvement for 7 epochs)

--- custom_cnn_honest25d SLICE LEVEL ---
              precision    recall  f1-score   support

          CN       0.60      0.36      0.45       480
          AD       0.36      0.50      0.42       352
        EMCI       0.60      0.42      0.49       672
        LMCI       0.50      0.72      0.59       608

    accuracy                           0.51      2112
   macro avg       0.52      0.50      0.49      2112
weighted avg       0.53      0.51      0.50      2112

slice confusion matrix (rows=true, cols=pred) ['CN', 'AD', 'EMCI', 'LMCI']:
[[171 306   0   3]
 [115 176  19  42]
 [  0   2 283 387]
 [  0   0 170 438]]

--- custom_cnn_honest25d SUBJECT LEVEL (hard majority vote) ---
              precision    recall  f1-score   support

          CN       0.57      0.27      0.36        15
          AD       0.35      0.55      0.43        11
        EMCI       0.62      0.38      0.47        21
        LMCI       0.52      0.79      0.62        19

    accuracy                           0.50        66
   macro avg       0.51      0.50      0.47        66
weighted avg       0.53      0.50      0.48        66


--- custom_cnn_honest25d SUBJECT LEVEL (soft vote) ---
              precision    recall  f1-score   support

          CN       0.67      0.40      0.50        15
          AD       0.40      0.55      0.46        11
        EMCI       0.67      0.38      0.48        21
        LMCI       0.50      0.79      0.61        19

    accuracy                           0.53        66
   macro avg       0.56      0.53      0.51        66
weighted avg       0.57      0.53      0.52        66

soft-vote confusion matrix (rows=true, cols=pred) ['CN', 'AD', 'EMCI', 'LMCI']:
[[ 6  9  0  0]
 [ 3  6  0  2]
 [ 0  0  8 13]
 [ 0  0  4 15]]

=== custom_cnn_honest25d SUMMARY ===
{
  "arch": "custom_cnn",
  "mode": "honest25d",
  "n_params": 1207588,
  "epochs_run": 15,
  "train_minutes": 19.5,
  "slice_level_accuracy": 0.5056818181818182,
  "slice_level_macro_f1": 0.48874397507569745,
  "subject_level_accuracy": 0.5,
  "subject_level_macro_f1": 0.4719490068754775,
  "subject_level_accuracy_softvote": 0.5303030303030303,
  "subject_level_macro_f1_softvote": 0.5146579610865325
}
=== custom_cnn_honest25d DONE in 19.5 min ===

