===== custom_cnn_braincrop2d on cuda (manifest: manifest_braincrop.csv) =====
custom_cnn: 1,207,012 params, in_channels=1, mode=braincrop2d
Epoch  1/40 - train_loss 1.0296 train_acc 0.4566 - val_loss 1.2462 val_acc 0.4086
Epoch  2/40 - train_loss 0.8858 train_acc 0.5317 - val_loss 2.2709 val_acc 0.3243
Epoch  3/40 - train_loss 0.8331 train_acc 0.5562 - val_loss 0.7952 val_acc 0.5668
Epoch  4/40 - train_loss 0.8085 train_acc 0.5663 - val_loss 1.6465 val_acc 0.3845
Epoch  5/40 - train_loss 0.7804 train_acc 0.5813 - val_loss 0.8335 val_acc 0.5549
Epoch  6/40 - train_loss 0.7595 train_acc 0.5877 - val_loss 2.2982 val_acc 0.3054
Epoch  7/40 - train_loss 0.6908 train_acc 0.6192 - val_loss 0.9263 val_acc 0.4901
Epoch  8/40 - train_loss 0.6849 train_acc 0.6171 - val_loss 0.8232 val_acc 0.5208
Epoch  9/40 - train_loss 0.6599 train_acc 0.6321 - val_loss 0.7836 val_acc 0.5644
Epoch 10/40 - train_loss 0.6517 train_acc 0.6357 - val_loss 0.8638 val_acc 0.5384
Epoch 11/40 - train_loss 0.6445 train_acc 0.6398 - val_loss 0.8424 val_acc 0.5322
Epoch 12/40 - train_loss 0.6297 train_acc 0.6455 - val_loss 1.1115 val_acc 0.4664
Epoch 13/40 - train_loss 0.5954 train_acc 0.6590 - val_loss 1.1815 val_acc 0.4583
Epoch 14/40 - train_loss 0.5851 train_acc 0.6652 - val_loss 0.8525 val_acc 0.5303
Epoch 15/40 - train_loss 0.5748 train_acc 0.6789 - val_loss 0.8538 val_acc 0.5379
Epoch 16/40 - train_loss 0.5393 train_acc 0.6944 - val_loss 0.9191 val_acc 0.5076
Early stopping at epoch 16 (no val_loss improvement for 7 epochs)

--- custom_cnn_braincrop2d SLICE LEVEL ---
              precision    recall  f1-score   support

          CN       0.61      0.70      0.65       480
          AD       0.50      0.18      0.27       352
        EMCI       0.54      0.43      0.48       672
        LMCI       0.45      0.66      0.53       608

    accuracy                           0.52      2112
   macro avg       0.52      0.49      0.48      2112
weighted avg       0.52      0.52      0.50      2112

slice confusion matrix (rows=true, cols=pred) ['CN', 'AD', 'EMCI', 'LMCI']:
[[337  65   8  70]
 [203  65  29  55]
 [ 13   0 290 369]
 [  1   1 207 399]]

--- custom_cnn_braincrop2d SUBJECT LEVEL (hard majority vote) ---
              precision    recall  f1-score   support

          CN       0.61      0.73      0.67        15
          AD       0.67      0.18      0.29        11
        EMCI       0.60      0.43      0.50        21
        LMCI       0.47      0.74      0.57        19

    accuracy                           0.55        66
   macro avg       0.59      0.52      0.51        66
weighted avg       0.58      0.55      0.52        66


--- custom_cnn_braincrop2d SUBJECT LEVEL (soft vote) ---
              precision    recall  f1-score   support

          CN       0.68      0.87      0.76        15
          AD       1.00      0.27      0.43        11
        EMCI       0.56      0.43      0.49        21
        LMCI       0.46      0.68      0.55        19

    accuracy                           0.58        66
   macro avg       0.68      0.56      0.56        66
weighted avg       0.63      0.58      0.56        66

soft-vote confusion matrix (rows=true, cols=pred) ['CN', 'AD', 'EMCI', 'LMCI']:
[[13  0  0  2]
 [ 6  3  1  1]
 [ 0  0  9 12]
 [ 0  0  6 13]]

=== custom_cnn_braincrop2d SUMMARY ===
{
  "arch": "custom_cnn",
  "mode": "braincrop2d",
  "n_params": 1207012,
  "epochs_run": 16,
  "train_minutes": 22.6,
  "slice_level_accuracy": 0.5165719696969697,
  "slice_level_macro_f1": 0.4833907305996182,
  "subject_level_accuracy": 0.5454545454545454,
  "subject_level_macro_f1": 0.5059523809523809,
  "subject_level_accuracy_softvote": 0.5757575757575758,
  "subject_level_macro_f1_softvote": 0.5582388216931397
}
=== custom_cnn_braincrop2d DONE in 22.6 min ===

