===== custom_cnn_leaky on cuda =====
LEAKY split: 434 test subjects, 434 of them also in train (100.0% overlap). Honest split has 0% by construction.
custom_cnn: 1,207,012 params, in_channels=1, mode=leaky
Epoch  1/30 - train_loss 0.9525 train_acc 0.4595 - val_loss 1.2491 val_acc 0.3816
Epoch  2/30 - train_loss 0.8629 train_acc 0.4779 - val_loss 1.4646 val_acc 0.4442
Epoch  3/30 - train_loss 0.8201 train_acc 0.5033 - val_loss 4.0554 val_acc 0.1941
Epoch  4/30 - train_loss 0.7929 train_acc 0.5215 - val_loss 2.2300 val_acc 0.2971
Epoch  5/30 - train_loss 0.7410 train_acc 0.5594 - val_loss 1.5884 val_acc 0.3669
Epoch  6/30 - train_loss 0.7276 train_acc 0.5761 - val_loss 0.9046 val_acc 0.5297
Epoch  7/30 - train_loss 0.7067 train_acc 0.5822 - val_loss 1.1023 val_acc 0.5088
Epoch  8/30 - train_loss 0.7010 train_acc 0.5915 - val_loss 0.7322 val_acc 0.5994
Epoch  9/30 - train_loss 0.7027 train_acc 0.5893 - val_loss 1.5733 val_acc 0.4010
Epoch 10/30 - train_loss 0.6885 train_acc 0.5964 - val_loss 0.6522 val_acc 0.6246
Epoch 11/30 - train_loss 0.6782 train_acc 0.6055 - val_loss 1.3907 val_acc 0.4243
Epoch 12/30 - train_loss 0.6631 train_acc 0.6189 - val_loss 0.6702 val_acc 0.6512
Epoch 13/30 - train_loss 0.6699 train_acc 0.6256 - val_loss 0.6635 val_acc 0.6198
Epoch 14/30 - train_loss 0.6403 train_acc 0.6307 - val_loss 0.7637 val_acc 0.6108
Epoch 15/30 - train_loss 0.6257 train_acc 0.6395 - val_loss 0.6276 val_acc 0.6554
Epoch 16/30 - train_loss 0.6223 train_acc 0.6482 - val_loss 0.6137 val_acc 0.6725
Epoch 17/30 - train_loss 0.6176 train_acc 0.6457 - val_loss 0.6078 val_acc 0.6607
Epoch 18/30 - train_loss 0.6167 train_acc 0.6508 - val_loss 0.6293 val_acc 0.6640
Epoch 19/30 - train_loss 0.6097 train_acc 0.6508 - val_loss 0.6106 val_acc 0.6531
Epoch 20/30 - train_loss 0.5975 train_acc 0.6573 - val_loss 0.5831 val_acc 0.6768
Epoch 21/30 - train_loss 0.5981 train_acc 0.6613 - val_loss 0.5635 val_acc 0.7034
Epoch 22/30 - train_loss 0.5941 train_acc 0.6560 - val_loss 0.5939 val_acc 0.6635
Epoch 23/30 - train_loss 0.5905 train_acc 0.6665 - val_loss 0.5592 val_acc 0.7024
Epoch 24/30 - train_loss 0.5753 train_acc 0.6747 - val_loss 0.6642 val_acc 0.6213
Epoch 25/30 - train_loss 0.5680 train_acc 0.6746 - val_loss 0.5867 val_acc 0.6972
Epoch 26/30 - train_loss 0.5736 train_acc 0.6771 - val_loss 0.5533 val_acc 0.7029
Epoch 27/30 - train_loss 0.5613 train_acc 0.6806 - val_loss 0.6927 val_acc 0.6844
Epoch 28/30 - train_loss 0.5643 train_acc 0.6819 - val_loss 3.0914 val_acc 0.3911
Epoch 29/30 - train_loss 0.5622 train_acc 0.6818 - val_loss 0.5853 val_acc 0.6863
Epoch 30/30 - train_loss 0.5329 train_acc 0.7001 - val_loss 0.5692 val_acc 0.6654

--- custom_cnn_leaky SLICE LEVEL ---
              precision    recall  f1-score   support

          CN       0.88      0.70      0.78       490
          AD       0.67      0.87      0.75       342
        EMCI       0.67      0.70      0.68       678
        LMCI       0.64      0.60      0.62       598

    accuracy                           0.70      2108
   macro avg       0.71      0.72      0.71      2108
weighted avg       0.71      0.70      0.70      2108

slice confusion matrix (rows=true, cols=pred) ['CN', 'AD', 'EMCI', 'LMCI']:
[[343 147   0   0]
 [ 46 296   0   0]
 [  1   0 473 204]
 [  1   0 238 359]]

=== custom_cnn_leaky SUMMARY ===
{
  "arch": "custom_cnn",
  "mode": "leaky",
  "n_params": 1207012,
  "epochs_run": 30,
  "train_minutes": 35.9,
  "slice_level_accuracy": 0.6978178368121443,
  "slice_level_macro_f1": 0.7080746602403605,
  "WARNING": "INVALID FOR REPORTING. Slice-wise split leaks the same subject into train and test; this number largely reflects subject re-identification, not diagnostic accuracy."
}
=== custom_cnn_leaky DONE in 35.9 min ===

