===== custom_cnn_v2 on cuda (manifest: manifest_v2.csv) =====
custom_cnn: 1,207,012 params, in_channels=1, mode=v2
Epoch  1/40 - train_loss 0.9018 train_acc 0.4942 - val_loss 0.8599 val_acc 0.4688
Epoch  2/40 - train_loss 0.7864 train_acc 0.5502 - val_loss 1.3343 val_acc 0.3906
Epoch  3/40 - train_loss 0.7307 train_acc 0.5941 - val_loss 0.8293 val_acc 0.5038
Epoch  4/40 - train_loss 0.6960 train_acc 0.6183 - val_loss 0.7449 val_acc 0.5090
Epoch  5/40 - train_loss 0.6717 train_acc 0.6288 - val_loss 0.7377 val_acc 0.5862
Epoch  6/40 - train_loss 0.6584 train_acc 0.6410 - val_loss 1.4330 val_acc 0.4096
Epoch  7/40 - train_loss 0.6310 train_acc 0.6622 - val_loss 10.3852 val_acc 0.1837
Epoch  8/40 - train_loss 0.6274 train_acc 0.6657 - val_loss 0.8583 val_acc 0.5885
Epoch  9/40 - train_loss 0.5763 train_acc 0.6856 - val_loss 0.7719 val_acc 0.5668
Epoch 10/40 - train_loss 0.5722 train_acc 0.6942 - val_loss 0.8873 val_acc 0.4811
Epoch 11/40 - train_loss 0.5462 train_acc 0.7054 - val_loss 0.8171 val_acc 0.5668
Epoch 12/40 - train_loss 0.5169 train_acc 0.7242 - val_loss 0.8232 val_acc 0.5232
Early stopping at epoch 12 (no val_loss improvement for 7 epochs)

--- custom_cnn_v2 SLICE LEVEL ---
              precision    recall  f1-score   support

          CN       0.54      0.84      0.66       480
          AD       0.51      0.15      0.23       352
        EMCI       0.52      0.95      0.67       672
        LMCI       0.23      0.02      0.03       608

    accuracy                           0.52      2112
   macro avg       0.45      0.49      0.40      2112
weighted avg       0.44      0.52      0.41      2112

slice confusion matrix (rows=true, cols=pred) ['CN', 'AD', 'EMCI', 'LMCI']:
[[403  49  23   5]
 [281  52  19   0]
 [  6   0 638  28]
 [ 50   0 548  10]]

--- custom_cnn_v2 SUBJECT LEVEL (hard majority vote) ---
C:\Users\Nikunj\miniconda3\envs\ml\Lib\site-packages\sklearn\metrics\_classification.py:1879: UndefinedMetricWarning: Precision is ill-defined and being set to 0.0 in labels with no predicted samples. Use `zero_division` parameter to control this behavior.
  _warn_prf(average, modifier, f"{metric.capitalize()} is", result.shape[0])
C:\Users\Nikunj\miniconda3\envs\ml\Lib\site-packages\sklearn\metrics\_classification.py:1879: UndefinedMetricWarning: Precision is ill-defined and being set to 0.0 in labels with no predicted samples. Use `zero_division` parameter to control this behavior.
  _warn_prf(average, modifier, f"{metric.capitalize()} is", result.shape[0])
C:\Users\Nikunj\miniconda3\envs\ml\Lib\site-packages\sklearn\metrics\_classification.py:1879: UndefinedMetricWarning: Precision is ill-defined and being set to 0.0 in labels with no predicted samples. Use `zero_division` parameter to control this behavior.
  _warn_prf(average, modifier, f"{metric.capitalize()} is", result.shape[0])
              precision    recall  f1-score   support

          CN       0.56      0.93      0.70        15
          AD       1.00      0.09      0.17        11
        EMCI       0.53      1.00      0.69        21
        LMCI       0.00      0.00      0.00        19

    accuracy                           0.55        66
   macro avg       0.52      0.51      0.39        66
weighted avg       0.46      0.55      0.41        66


--- custom_cnn_v2 SUBJECT LEVEL (soft vote) ---
              precision    recall  f1-score   support

          CN       0.58      0.93      0.72        15
          AD       1.00      0.18      0.31        11
        EMCI       0.51      0.95      0.67        21
        LMCI       0.00      0.00      0.00        19

    accuracy                           0.55        66
   macro avg       0.52      0.52      0.42        66
weighted avg       0.46      0.55      0.43        66

soft-vote confusion matrix (rows=true, cols=pred) ['CN', 'AD', 'EMCI', 'LMCI']:
[[14  0  1  0]
 [ 8  2  1  0]
 [ 0  0 20  1]
 [ 2  0 17  0]]

=== custom_cnn_v2 SUMMARY ===
{
  "arch": "custom_cnn",
  "mode": "v2",
  "n_params": 1207012,
  "epochs_run": 12,
  "train_minutes": 13.8,
  "slice_level_accuracy": 0.5222537878787878,
  "slice_level_macro_f1": 0.3981343063076528,
  "subject_level_accuracy": 0.5454545454545454,
  "subject_level_macro_f1": 0.38879781420765025,
  "subject_level_accuracy_softvote": 0.5454545454545454,
  "subject_level_macro_f1_softvote": 0.423076923076923
}
=== custom_cnn_v2 DONE in 13.8 min ===

