===== cv_custom_cnn_random_k5 on cuda =====
618 subjects, 5 folds (sizes [125, 125, 124, 122, 122])
class balance: {'EMCI': 227, 'CN': 158, 'LMCI': 125, 'AD': 108}

--- fold 1/5: 125 test subjects ---
Epoch  1/40 - train_loss 1.3346 train_acc 0.3411 - val_loss 2.4735 val_acc 0.2568 val_macro_f1 0.1022
Epoch  2/40 - train_loss 1.2845 train_acc 0.3967 - val_loss 1.4064 val_acc 0.3049 val_macro_f1 0.2961
Epoch  3/40 - train_loss 1.2532 train_acc 0.4192 - val_loss 1.6604 val_acc 0.2416 val_macro_f1 0.1424
Epoch  4/40 - train_loss 1.2347 train_acc 0.4311 - val_loss 1.7104 val_acc 0.2736 val_macro_f1 0.1765
Epoch  5/40 - train_loss 1.2231 train_acc 0.4415 - val_loss 1.2875 val_acc 0.3767 val_macro_f1 0.3587
Epoch  6/40 - train_loss 1.2137 train_acc 0.4419 - val_loss 1.3662 val_acc 0.3716 val_macro_f1 0.3329
Epoch  7/40 - train_loss 1.2041 train_acc 0.4423 - val_loss 2.3637 val_acc 0.2137 val_macro_f1 0.1387
Epoch  8/40 - train_loss 1.1978 train_acc 0.4511 - val_loss 1.4981 val_acc 0.4037 val_macro_f1 0.2550
Epoch  9/40 - train_loss 1.1642 train_acc 0.4722 - val_loss 1.3336 val_acc 0.3678 val_macro_f1 0.3316
Epoch 10/40 - train_loss 1.1584 train_acc 0.4626 - val_loss 1.5173 val_acc 0.4071 val_macro_f1 0.3155
Epoch 11/40 - train_loss 1.1423 train_acc 0.4715 - val_loss 1.7514 val_acc 0.2639 val_macro_f1 0.2454
Epoch 12/40 - train_loss 1.1069 train_acc 0.4841 - val_loss 1.4292 val_acc 0.4029 val_macro_f1 0.3482
Early stopping at epoch 12 (no val_macro_f1 improvement for 7 epochs)
restoring best checkpoint from epoch 5 (selected by val_macro_f1)
  fold 1: acc 47.2%  macroF1 0.456  best_epoch 5/12  15.0 min

--- fold 2/5: 125 test subjects ---
Epoch  1/40 - train_loss 1.3412 train_acc 0.3435 - val_loss 1.7329 val_acc 0.1879 val_macro_f1 0.1209
Epoch  2/40 - train_loss 1.2684 train_acc 0.4080 - val_loss 1.2467 val_acc 0.4223 val_macro_f1 0.3763
Epoch  3/40 - train_loss 1.2535 train_acc 0.4179 - val_loss 1.3800 val_acc 0.2314 val_macro_f1 0.1813
Epoch  4/40 - train_loss 1.2471 train_acc 0.4121 - val_loss 1.3223 val_acc 0.3530 val_macro_f1 0.3688
Epoch  5/40 - train_loss 1.2306 train_acc 0.4301 - val_loss 1.5537 val_acc 0.2280 val_macro_f1 0.1587
Epoch  6/40 - train_loss 1.2110 train_acc 0.4379 - val_loss 1.9126 val_acc 0.1829 val_macro_f1 0.1108
Epoch  7/40 - train_loss 1.1986 train_acc 0.4443 - val_loss 1.2206 val_acc 0.4590 val_macro_f1 0.4374
Epoch  8/40 - train_loss 1.1932 train_acc 0.4474 - val_loss 1.2494 val_acc 0.4054 val_macro_f1 0.3961
Epoch  9/40 - train_loss 1.1826 train_acc 0.4513 - val_loss 1.6138 val_acc 0.2492 val_macro_f1 0.2106
Epoch 10/40 - train_loss 1.1669 train_acc 0.4538 - val_loss 1.4249 val_acc 0.4379 val_macro_f1 0.3739
Epoch 11/40 - train_loss 1.1382 train_acc 0.4732 - val_loss 1.2418 val_acc 0.4768 val_macro_f1 0.4544
Epoch 12/40 - train_loss 1.1138 train_acc 0.4824 - val_loss 1.2261 val_acc 0.4573 val_macro_f1 0.4374
Epoch 13/40 - train_loss 1.1060 train_acc 0.4828 - val_loss 1.2826 val_acc 0.4265 val_macro_f1 0.4202
Epoch 14/40 - train_loss 1.0724 train_acc 0.4966 - val_loss 1.3240 val_acc 0.3830 val_macro_f1 0.3835
Epoch 15/40 - train_loss 1.0625 train_acc 0.5017 - val_loss 1.3264 val_acc 0.3488 val_macro_f1 0.3487
Epoch 16/40 - train_loss 1.0506 train_acc 0.5089 - val_loss 1.3546 val_acc 0.4126 val_macro_f1 0.4055
Epoch 17/40 - train_loss 1.0233 train_acc 0.5140 - val_loss 1.3015 val_acc 0.4278 val_macro_f1 0.4379
Epoch 18/40 - train_loss 1.0066 train_acc 0.5257 - val_loss 1.3553 val_acc 0.4189 val_macro_f1 0.4210
Early stopping at epoch 18 (no val_macro_f1 improvement for 7 epochs)
restoring best checkpoint from epoch 11 (selected by val_macro_f1)
  fold 2: acc 41.6%  macroF1 0.381  best_epoch 11/18  20.8 min

--- fold 3/5: 124 test subjects ---
Epoch  1/40 - train_loss 1.3394 train_acc 0.3418 - val_loss 1.6778 val_acc 0.2107 val_macro_f1 0.1060
Epoch  2/40 - train_loss 1.2753 train_acc 0.3885 - val_loss 1.8242 val_acc 0.1985 val_macro_f1 0.0900
Epoch  3/40 - train_loss 1.2459 train_acc 0.4038 - val_loss 1.6981 val_acc 0.2517 val_macro_f1 0.2258
Epoch  4/40 - train_loss 1.2267 train_acc 0.4161 - val_loss 1.4794 val_acc 0.3155 val_macro_f1 0.3135
Epoch  5/40 - train_loss 1.2177 train_acc 0.4227 - val_loss 2.2780 val_acc 0.1837 val_macro_f1 0.1044
Epoch  6/40 - train_loss 1.2179 train_acc 0.4164 - val_loss 1.3800 val_acc 0.3184 val_macro_f1 0.3180
Epoch  7/40 - train_loss 1.2074 train_acc 0.4221 - val_loss 1.3785 val_acc 0.3894 val_macro_f1 0.3596
Epoch  8/40 - train_loss 1.1918 train_acc 0.4313 - val_loss 1.4029 val_acc 0.3839 val_macro_f1 0.3342
Epoch  9/40 - train_loss 1.1805 train_acc 0.4391 - val_loss 1.5510 val_acc 0.2175 val_macro_f1 0.2066
Epoch 10/40 - train_loss 1.1758 train_acc 0.4353 - val_loss 2.3288 val_acc 0.1888 val_macro_f1 0.1268
Epoch 11/40 - train_loss 1.1331 train_acc 0.4623 - val_loss 1.4620 val_acc 0.3539 val_macro_f1 0.3314
Epoch 12/40 - train_loss 1.1139 train_acc 0.4646 - val_loss 2.3177 val_acc 0.2542 val_macro_f1 0.2012
Epoch 13/40 - train_loss 1.0992 train_acc 0.4704 - val_loss 1.4446 val_acc 0.3155 val_macro_f1 0.3268
Epoch 14/40 - train_loss 1.0563 train_acc 0.4938 - val_loss 1.4735 val_acc 0.3425 val_macro_f1 0.3407
Early stopping at epoch 14 (no val_macro_f1 improvement for 7 epochs)
restoring best checkpoint from epoch 7 (selected by val_macro_f1)
  fold 3: acc 46.8%  macroF1 0.433  best_epoch 7/14  16.7 min

--- fold 4/5: 122 test subjects ---
Epoch  1/40 - train_loss 1.3225 train_acc 0.3657 - val_loss 1.3588 val_acc 0.3117 val_macro_f1 0.3044
Epoch  2/40 - train_loss 1.2699 train_acc 0.4191 - val_loss 1.4599 val_acc 0.3628 val_macro_f1 0.2049
Epoch  3/40 - train_loss 1.2564 train_acc 0.4208 - val_loss 1.4575 val_acc 0.2935 val_macro_f1 0.2650
Epoch  4/40 - train_loss 1.2443 train_acc 0.4327 - val_loss 1.6234 val_acc 0.2226 val_macro_f1 0.1767
Epoch  5/40 - train_loss 1.2159 train_acc 0.4362 - val_loss 1.3464 val_acc 0.3936 val_macro_f1 0.3693
Epoch  6/40 - train_loss 1.2036 train_acc 0.4453 - val_loss 1.3699 val_acc 0.3877 val_macro_f1 0.3789
Epoch  7/40 - train_loss 1.1886 train_acc 0.4498 - val_loss 1.4230 val_acc 0.3699 val_macro_f1 0.3542
Epoch  8/40 - train_loss 1.1793 train_acc 0.4613 - val_loss 1.7483 val_acc 0.2787 val_macro_f1 0.2470
Epoch  9/40 - train_loss 1.1417 train_acc 0.4793 - val_loss 1.7546 val_acc 0.2910 val_macro_f1 0.2663
Epoch 10/40 - train_loss 1.1218 train_acc 0.4903 - val_loss 1.5111 val_acc 0.3602 val_macro_f1 0.3632
Epoch 11/40 - train_loss 1.1096 train_acc 0.4905 - val_loss 1.3529 val_acc 0.3974 val_macro_f1 0.4016
Epoch 12/40 - train_loss 1.0748 train_acc 0.5107 - val_loss 1.3211 val_acc 0.4409 val_macro_f1 0.4192
Epoch 13/40 - train_loss 1.0566 train_acc 0.5159 - val_loss 1.4249 val_acc 0.3834 val_macro_f1 0.3781
Epoch 14/40 - train_loss 1.0413 train_acc 0.5218 - val_loss 1.6330 val_acc 0.3429 val_macro_f1 0.3219
Epoch 15/40 - train_loss 1.0252 train_acc 0.5342 - val_loss 1.4187 val_acc 0.4054 val_macro_f1 0.3969
Epoch 16/40 - train_loss 1.0009 train_acc 0.5447 - val_loss 1.4695 val_acc 0.4130 val_macro_f1 0.4024
Epoch 17/40 - train_loss 0.9832 train_acc 0.5464 - val_loss 1.5103 val_acc 0.4084 val_macro_f1 0.4027
Epoch 18/40 - train_loss 0.9667 train_acc 0.5577 - val_loss 1.5713 val_acc 0.3906 val_macro_f1 0.3810
Epoch 19/40 - train_loss 0.9517 train_acc 0.5615 - val_loss 1.4824 val_acc 0.4109 val_macro_f1 0.3949
Early stopping at epoch 19 (no val_macro_f1 improvement for 7 epochs)
restoring best checkpoint from epoch 12 (selected by val_macro_f1)
  fold 4: acc 37.7%  macroF1 0.377  best_epoch 12/19  23.3 min

--- fold 5/5: 122 test subjects ---
Epoch  1/40 - train_loss 1.3287 train_acc 0.3512 - val_loss 1.7792 val_acc 0.2002 val_macro_f1 0.1275
Epoch  2/40 - train_loss 1.2689 train_acc 0.4063 - val_loss 1.8926 val_acc 0.2162 val_macro_f1 0.1459
Epoch  3/40 - train_loss 1.2503 train_acc 0.4097 - val_loss 1.5400 val_acc 0.2627 val_macro_f1 0.2652
Epoch  4/40 - train_loss 1.2325 train_acc 0.4202 - val_loss 1.2921 val_acc 0.4307 val_macro_f1 0.3234
Epoch  5/40 - train_loss 1.2246 train_acc 0.4222 - val_loss 1.3811 val_acc 0.3750 val_macro_f1 0.2787
Epoch  6/40 - train_loss 1.2169 train_acc 0.4233 - val_loss 1.4264 val_acc 0.4122 val_macro_f1 0.3066
Epoch  7/40 - train_loss 1.2057 train_acc 0.4345 - val_loss 1.6322 val_acc 0.3201 val_macro_f1 0.2932
Epoch  8/40 - train_loss 1.1644 train_acc 0.4505 - val_loss 1.5014 val_acc 0.2741 val_macro_f1 0.2816
Epoch  9/40 - train_loss 1.1561 train_acc 0.4537 - val_loss 1.3406 val_acc 0.3948 val_macro_f1 0.3932
Epoch 10/40 - train_loss 1.1404 train_acc 0.4650 - val_loss 1.6646 val_acc 0.3421 val_macro_f1 0.2959
Epoch 11/40 - train_loss 1.1040 train_acc 0.4781 - val_loss 1.3341 val_acc 0.3986 val_macro_f1 0.4107
Epoch 12/40 - train_loss 1.0901 train_acc 0.4839 - val_loss 1.3906 val_acc 0.3788 val_macro_f1 0.3653
Epoch 13/40 - train_loss 1.0702 train_acc 0.4975 - val_loss 1.4337 val_acc 0.3877 val_macro_f1 0.3719
Epoch 14/40 - train_loss 1.0235 train_acc 0.5173 - val_loss 1.3347 val_acc 0.4160 val_macro_f1 0.4194
Epoch 15/40 - train_loss 1.0051 train_acc 0.5259 - val_loss 1.2961 val_acc 0.4329 val_macro_f1 0.4300
Epoch 16/40 - train_loss 0.9897 train_acc 0.5324 - val_loss 1.3381 val_acc 0.3864 val_macro_f1 0.3890
Epoch 17/40 - train_loss 0.9549 train_acc 0.5498 - val_loss 1.4130 val_acc 0.3666 val_macro_f1 0.3754
Epoch 18/40 - train_loss 0.9437 train_acc 0.5527 - val_loss 1.5998 val_acc 0.3142 val_macro_f1 0.3300
Epoch 19/40 - train_loss 0.9342 train_acc 0.5580 - val_loss 1.4190 val_acc 0.3590 val_macro_f1 0.3761
Epoch 20/40 - train_loss 0.9210 train_acc 0.5664 - val_loss 1.4302 val_acc 0.3898 val_macro_f1 0.3939
Epoch 21/40 - train_loss 0.9100 train_acc 0.5699 - val_loss 1.4236 val_acc 0.3716 val_macro_f1 0.3847
Epoch 22/40 - train_loss 0.9085 train_acc 0.5732 - val_loss 1.4233 val_acc 0.3661 val_macro_f1 0.3853
Early stopping at epoch 22 (no val_macro_f1 improvement for 7 epochs)
restoring best checkpoint from epoch 15 (selected by val_macro_f1)
  fold 5: acc 41.8%  macroF1 0.401  best_epoch 15/22  54.7 min

===== cv_custom_cnn_random_k5 POOLED OVER ALL 618 SUBJECTS =====
              precision    recall  f1-score   support

          CN       0.41      0.48      0.44       158
          AD       0.40      0.40      0.40       108
        EMCI       0.51      0.48      0.50       227
        LMCI       0.34      0.30      0.32       125

    accuracy                           0.43       618
   macro avg       0.41      0.41      0.41       618
weighted avg       0.43      0.43      0.43       618

confusion matrix (rows=true, cols=pred) ['CN', 'AD', 'EMCI', 'LMCI']:
      CN  AD  EMCI  LMCI
CN    76  23    46    13
AD    25  43    18    22
EMCI  64  16   110    37
LMCI  20  26    42    37

accuracy   43.0% (266/618)   95% CI [39.2%, 47.0%]
macro F1   0.414
baseline   36.7%   chance 25.0%
per-fold accuracy: ['47.2%', '41.6%', '46.8%', '37.7%', '41.8%']  (sd 0.036)
verdict: ABOVE BASELINE, significant

cv_custom_cnn_random_k5 DONE in 130.5 min
