pretraining pool: 853 subjects total (235 outside the GO/2 four-way pool)
===== cv_mobilenetv2_adcn_k5 on cuda =====
618 subjects, 5 folds (sizes [125, 125, 124, 122, 122])
class balance: {'EMCI': 227, 'CN': 158, 'LMCI': 125, 'AD': 108}

--- fold 1/5: 125 test subjects ---
    AD-vs-CN pretrain on 447 subjects
Epoch  1/25 - train_loss 0.6721 train_acc 0.5872 - val_loss 0.6387 val_acc 0.6600 val_macro_f1 0.6295
Epoch  2/25 - train_loss 0.6053 train_acc 0.6709 - val_loss 0.6486 val_acc 0.6709 val_macro_f1 0.6705
Epoch  3/25 - train_loss 0.5710 train_acc 0.7068 - val_loss 0.5335 val_acc 0.7514 val_macro_f1 0.7383
Epoch  4/25 - train_loss 0.5512 train_acc 0.7192 - val_loss 0.5377 val_acc 0.7311 val_macro_f1 0.7134
Epoch  5/25 - train_loss 0.5269 train_acc 0.7382 - val_loss 0.5765 val_acc 0.6955 val_macro_f1 0.6447
Epoch  6/25 - train_loss 0.5167 train_acc 0.7432 - val_loss 0.5351 val_acc 0.7377 val_macro_f1 0.7377
Epoch  7/25 - train_loss 0.4726 train_acc 0.7730 - val_loss 0.5087 val_acc 0.7576 val_macro_f1 0.7574
Epoch  8/25 - train_loss 0.4494 train_acc 0.7863 - val_loss 0.4828 val_acc 0.7656 val_macro_f1 0.7603
Epoch  9/25 - train_loss 0.4232 train_acc 0.8038 - val_loss 0.4674 val_acc 0.7647 val_macro_f1 0.7618
Epoch 10/25 - train_loss 0.4005 train_acc 0.8121 - val_loss 0.5574 val_acc 0.7751 val_macro_f1 0.7629
Epoch 11/25 - train_loss 0.3827 train_acc 0.8273 - val_loss 0.7979 val_acc 0.6705 val_macro_f1 0.6658
Epoch 12/25 - train_loss 0.3571 train_acc 0.8406 - val_loss 0.5158 val_acc 0.7562 val_macro_f1 0.7551
Epoch 13/25 - train_loss 0.2925 train_acc 0.8719 - val_loss 0.6844 val_acc 0.7405 val_macro_f1 0.7398
Epoch 14/25 - train_loss 0.2629 train_acc 0.8845 - val_loss 0.6004 val_acc 0.7713 val_macro_f1 0.7700
Epoch 15/25 - train_loss 0.2443 train_acc 0.8975 - val_loss 0.6213 val_acc 0.7528 val_macro_f1 0.7522
Epoch 16/25 - train_loss 0.1991 train_acc 0.9160 - val_loss 0.6161 val_acc 0.7794 val_macro_f1 0.7763
Epoch 17/25 - train_loss 0.1826 train_acc 0.9272 - val_loss 0.6685 val_acc 0.7827 val_macro_f1 0.7745
Epoch 18/25 - train_loss 0.1678 train_acc 0.9339 - val_loss 0.6210 val_acc 0.7865 val_macro_f1 0.7819
Epoch 19/25 - train_loss 0.1353 train_acc 0.9474 - val_loss 0.6699 val_acc 0.7884 val_macro_f1 0.7861
Epoch 20/25 - train_loss 0.1314 train_acc 0.9491 - val_loss 0.7568 val_acc 0.7727 val_macro_f1 0.7716
Epoch 21/25 - train_loss 0.1161 train_acc 0.9554 - val_loss 0.7442 val_acc 0.7817 val_macro_f1 0.7799
Epoch 22/25 - train_loss 0.1145 train_acc 0.9552 - val_loss 0.7547 val_acc 0.7831 val_macro_f1 0.7817
Epoch 23/25 - train_loss 0.0981 train_acc 0.9624 - val_loss 0.7877 val_acc 0.7817 val_macro_f1 0.7804
Epoch 24/25 - train_loss 0.1051 train_acc 0.9594 - val_loss 0.7930 val_acc 0.7746 val_macro_f1 0.7733
Epoch 25/25 - train_loss 0.0893 train_acc 0.9664 - val_loss 0.7927 val_acc 0.7865 val_macro_f1 0.7842
Early stopping at epoch 25 (no val_macro_f1 improvement for 6 epochs)
restoring best checkpoint from epoch 19 (selected by val_macro_f1)
    initialised 312/314 tensors from pretrained weights
Epoch  1/40 - train_loss 1.2068 train_acc 0.4109 - val_loss 1.3116 val_acc 0.3851 val_macro_f1 0.3756
Epoch  2/40 - train_loss 1.1345 train_acc 0.4681 - val_loss 1.2697 val_acc 0.4067 val_macro_f1 0.3777
Epoch  3/40 - train_loss 1.0874 train_acc 0.4855 - val_loss 1.4726 val_acc 0.4088 val_macro_f1 0.3459
Epoch  4/40 - train_loss 1.0300 train_acc 0.5192 - val_loss 1.4890 val_acc 0.4193 val_macro_f1 0.3388
Epoch  5/40 - train_loss 0.9632 train_acc 0.5480 - val_loss 1.7683 val_acc 0.2618 val_macro_f1 0.2374
Epoch  6/40 - train_loss 0.8036 train_acc 0.6223 - val_loss 1.7416 val_acc 0.3594 val_macro_f1 0.3154
Epoch  7/40 - train_loss 0.7097 train_acc 0.6707 - val_loss 1.8852 val_acc 0.3851 val_macro_f1 0.3432
Epoch  8/40 - train_loss 0.6499 train_acc 0.7041 - val_loss 1.9368 val_acc 0.3598 val_macro_f1 0.3448
Epoch  9/40 - train_loss 0.5085 train_acc 0.7713 - val_loss 2.0762 val_acc 0.4012 val_macro_f1 0.3659
Early stopping at epoch 9 (no val_macro_f1 improvement for 7 epochs)
restoring best checkpoint from epoch 2 (selected by val_macro_f1)
  fold 1: acc 34.4%  macroF1 0.331  best_epoch 2/9  8.2 min

--- fold 2/5: 125 test subjects ---
    AD-vs-CN pretrain on 447 subjects
Epoch  1/25 - train_loss 0.6699 train_acc 0.5963 - val_loss 0.6643 val_acc 0.6558 val_macro_f1 0.6378
Epoch  2/25 - train_loss 0.5946 train_acc 0.6820 - val_loss 0.6360 val_acc 0.6681 val_macro_f1 0.6616
Epoch  3/25 - train_loss 0.5614 train_acc 0.7115 - val_loss 0.6781 val_acc 0.6141 val_macro_f1 0.6121
Epoch  4/25 - train_loss 0.5434 train_acc 0.7283 - val_loss 0.6162 val_acc 0.6742 val_macro_f1 0.6583
Epoch  5/25 - train_loss 0.5165 train_acc 0.7436 - val_loss 0.6539 val_acc 0.6567 val_macro_f1 0.6131
Epoch  6/25 - train_loss 0.5048 train_acc 0.7509 - val_loss 0.7245 val_acc 0.6960 val_macro_f1 0.6907
Epoch  7/25 - train_loss 0.4850 train_acc 0.7682 - val_loss 0.7905 val_acc 0.6179 val_macro_f1 0.6177
Epoch  8/25 - train_loss 0.4326 train_acc 0.8004 - val_loss 0.8055 val_acc 0.6274 val_macro_f1 0.6188
Epoch  9/25 - train_loss 0.4088 train_acc 0.8127 - val_loss 0.9777 val_acc 0.6889 val_macro_f1 0.6797
Epoch 10/25 - train_loss 0.3840 train_acc 0.8260 - val_loss 0.8616 val_acc 0.6776 val_macro_f1 0.6577
Epoch 11/25 - train_loss 0.3277 train_acc 0.8574 - val_loss 0.7927 val_acc 0.7050 val_macro_f1 0.7011
Epoch 12/25 - train_loss 0.2982 train_acc 0.8700 - val_loss 0.8859 val_acc 0.6866 val_macro_f1 0.6854
Epoch 13/25 - train_loss 0.2739 train_acc 0.8844 - val_loss 0.9236 val_acc 0.6870 val_macro_f1 0.6778
Epoch 14/25 - train_loss 0.2167 train_acc 0.9126 - val_loss 1.0245 val_acc 0.6818 val_macro_f1 0.6745
Epoch 15/25 - train_loss 0.1945 train_acc 0.9223 - val_loss 0.9449 val_acc 0.6913 val_macro_f1 0.6817
Epoch 16/25 - train_loss 0.1715 train_acc 0.9309 - val_loss 1.1135 val_acc 0.6813 val_macro_f1 0.6730
Epoch 17/25 - train_loss 0.1528 train_acc 0.9401 - val_loss 1.2741 val_acc 0.6738 val_macro_f1 0.6646
Early stopping at epoch 17 (no val_macro_f1 improvement for 6 epochs)
restoring best checkpoint from epoch 11 (selected by val_macro_f1)
    initialised 312/314 tensors from pretrained weights
Epoch  1/40 - train_loss 1.2362 train_acc 0.4097 - val_loss 1.3091 val_acc 0.3957 val_macro_f1 0.2837
Epoch  2/40 - train_loss 1.1566 train_acc 0.4622 - val_loss 1.3023 val_acc 0.3877 val_macro_f1 0.3760
Epoch  3/40 - train_loss 1.1193 train_acc 0.4784 - val_loss 1.6576 val_acc 0.2394 val_macro_f1 0.2135
Epoch  4/40 - train_loss 1.0606 train_acc 0.5066 - val_loss 1.7526 val_acc 0.3378 val_macro_f1 0.3009
Epoch  5/40 - train_loss 1.0105 train_acc 0.5339 - val_loss 2.2422 val_acc 0.2420 val_macro_f1 0.1949
Epoch  6/40 - train_loss 0.8608 train_acc 0.5984 - val_loss 1.5418 val_acc 0.3628 val_macro_f1 0.3477
Epoch  7/40 - train_loss 0.7712 train_acc 0.6489 - val_loss 2.2863 val_acc 0.3264 val_macro_f1 0.2990
Epoch  8/40 - train_loss 0.6881 train_acc 0.6888 - val_loss 1.8779 val_acc 0.3471 val_macro_f1 0.3320
Epoch  9/40 - train_loss 0.5708 train_acc 0.7450 - val_loss 2.1975 val_acc 0.3408 val_macro_f1 0.3250
Early stopping at epoch 9 (no val_macro_f1 improvement for 7 epochs)
restoring best checkpoint from epoch 2 (selected by val_macro_f1)
  fold 2: acc 39.2%  macroF1 0.378  best_epoch 2/9  8.2 min

--- fold 3/5: 124 test subjects ---
    AD-vs-CN pretrain on 447 subjects
Epoch  1/25 - train_loss 0.6625 train_acc 0.6083 - val_loss 0.7005 val_acc 0.6080 val_macro_f1 0.6070
Epoch  2/25 - train_loss 0.5878 train_acc 0.6873 - val_loss 0.7694 val_acc 0.5942 val_macro_f1 0.5942
Epoch  3/25 - train_loss 0.5556 train_acc 0.7174 - val_loss 0.8047 val_acc 0.5284 val_macro_f1 0.5110
Epoch  4/25 - train_loss 0.5327 train_acc 0.7348 - val_loss 0.8249 val_acc 0.5885 val_macro_f1 0.5880
Epoch  5/25 - train_loss 0.4796 train_acc 0.7739 - val_loss 0.8008 val_acc 0.5710 val_macro_f1 0.5668
Epoch  6/25 - train_loss 0.4569 train_acc 0.7831 - val_loss 0.7992 val_acc 0.6619 val_macro_f1 0.6567
Epoch  7/25 - train_loss 0.4387 train_acc 0.7974 - val_loss 0.8483 val_acc 0.5795 val_macro_f1 0.5786
Epoch  8/25 - train_loss 0.3827 train_acc 0.8287 - val_loss 0.8179 val_acc 0.6236 val_macro_f1 0.6072
Epoch  9/25 - train_loss 0.3641 train_acc 0.8367 - val_loss 0.7703 val_acc 0.6349 val_macro_f1 0.6168
Epoch 10/25 - train_loss 0.3333 train_acc 0.8521 - val_loss 0.8977 val_acc 0.6122 val_macro_f1 0.6090
Epoch 11/25 - train_loss 0.2865 train_acc 0.8784 - val_loss 0.8568 val_acc 0.6515 val_macro_f1 0.6413
Epoch 12/25 - train_loss 0.2608 train_acc 0.8894 - val_loss 1.0319 val_acc 0.6425 val_macro_f1 0.6160
Early stopping at epoch 12 (no val_macro_f1 improvement for 6 epochs)
restoring best checkpoint from epoch 6 (selected by val_macro_f1)
    initialised 312/314 tensors from pretrained weights
Epoch  1/40 - train_loss 1.2722 train_acc 0.3839 - val_loss 1.4581 val_acc 0.2851 val_macro_f1 0.2649
Epoch  2/40 - train_loss 1.2261 train_acc 0.4203 - val_loss 1.7690 val_acc 0.2551 val_macro_f1 0.2414
Epoch  3/40 - train_loss 1.1821 train_acc 0.4356 - val_loss 1.4539 val_acc 0.3450 val_macro_f1 0.3424
Epoch  4/40 - train_loss 1.1480 train_acc 0.4516 - val_loss 1.6614 val_acc 0.2597 val_macro_f1 0.2549
Epoch  5/40 - train_loss 1.1011 train_acc 0.4791 - val_loss 1.6146 val_acc 0.3758 val_macro_f1 0.3473
Epoch  6/40 - train_loss 1.0523 train_acc 0.4982 - val_loss 1.4791 val_acc 0.3378 val_macro_f1 0.3173
Epoch  7/40 - train_loss 0.9469 train_acc 0.5478 - val_loss 1.6800 val_acc 0.3222 val_macro_f1 0.3245
Epoch  8/40 - train_loss 0.8823 train_acc 0.5807 - val_loss 2.0078 val_acc 0.2116 val_macro_f1 0.1711
Epoch  9/40 - train_loss 0.8095 train_acc 0.6218 - val_loss 1.8402 val_acc 0.3712 val_macro_f1 0.3550
Epoch 10/40 - train_loss 0.6934 train_acc 0.6711 - val_loss 2.1126 val_acc 0.3606 val_macro_f1 0.3554
Epoch 11/40 - train_loss 0.6398 train_acc 0.7050 - val_loss 2.0708 val_acc 0.3678 val_macro_f1 0.3650
Epoch 12/40 - train_loss 0.5880 train_acc 0.7315 - val_loss 2.0778 val_acc 0.3889 val_macro_f1 0.3744
Epoch 13/40 - train_loss 0.5255 train_acc 0.7554 - val_loss 2.2607 val_acc 0.3509 val_macro_f1 0.3413
Epoch 14/40 - train_loss 0.4883 train_acc 0.7749 - val_loss 2.4390 val_acc 0.3480 val_macro_f1 0.3414
Epoch 15/40 - train_loss 0.4622 train_acc 0.7902 - val_loss 2.4192 val_acc 0.3970 val_macro_f1 0.3697
Epoch 16/40 - train_loss 0.4185 train_acc 0.8133 - val_loss 2.4553 val_acc 0.3801 val_macro_f1 0.3592
Epoch 17/40 - train_loss 0.3898 train_acc 0.8260 - val_loss 2.5404 val_acc 0.3970 val_macro_f1 0.3751
Epoch 18/40 - train_loss 0.3895 train_acc 0.8238 - val_loss 2.6412 val_acc 0.3733 val_macro_f1 0.3495
Epoch 19/40 - train_loss 0.3654 train_acc 0.8361 - val_loss 2.7146 val_acc 0.3847 val_macro_f1 0.3599
Epoch 20/40 - train_loss 0.3600 train_acc 0.8433 - val_loss 2.7165 val_acc 0.3712 val_macro_f1 0.3458
Epoch 21/40 - train_loss 0.3513 train_acc 0.8443 - val_loss 2.7972 val_acc 0.3695 val_macro_f1 0.3423
Epoch 22/40 - train_loss 0.3386 train_acc 0.8507 - val_loss 2.8041 val_acc 0.3750 val_macro_f1 0.3471
Epoch 23/40 - train_loss 0.3311 train_acc 0.8519 - val_loss 2.7500 val_acc 0.3775 val_macro_f1 0.3540
Epoch 24/40 - train_loss 0.3297 train_acc 0.8539 - val_loss 2.8009 val_acc 0.3775 val_macro_f1 0.3513
Early stopping at epoch 24 (no val_macro_f1 improvement for 7 epochs)
restoring best checkpoint from epoch 17 (selected by val_macro_f1)
  fold 3: acc 44.4%  macroF1 0.419  best_epoch 17/24  21.4 min

--- fold 4/5: 122 test subjects ---
    AD-vs-CN pretrain on 449 subjects
Epoch  1/25 - train_loss 0.6714 train_acc 0.6043 - val_loss 0.7063 val_acc 0.5494 val_macro_f1 0.5351
Epoch  2/25 - train_loss 0.5955 train_acc 0.6866 - val_loss 0.8026 val_acc 0.5177 val_macro_f1 0.5005
Epoch  3/25 - train_loss 0.5655 train_acc 0.7067 - val_loss 0.6521 val_acc 0.6549 val_macro_f1 0.6498
Epoch  4/25 - train_loss 0.5504 train_acc 0.7257 - val_loss 0.6901 val_acc 0.6129 val_macro_f1 0.6121
Epoch  5/25 - train_loss 0.5315 train_acc 0.7367 - val_loss 0.6737 val_acc 0.6679 val_macro_f1 0.6254
Epoch  6/25 - train_loss 0.5169 train_acc 0.7391 - val_loss 0.6527 val_acc 0.5970 val_macro_f1 0.5963
Epoch  7/25 - train_loss 0.4690 train_acc 0.7700 - val_loss 0.6314 val_acc 0.6782 val_macro_f1 0.6777
Epoch  8/25 - train_loss 0.4480 train_acc 0.7857 - val_loss 0.7028 val_acc 0.6595 val_macro_f1 0.6592
Epoch  9/25 - train_loss 0.4310 train_acc 0.7970 - val_loss 0.7799 val_acc 0.6567 val_macro_f1 0.6526
Epoch 10/25 - train_loss 0.4051 train_acc 0.8105 - val_loss 0.8271 val_acc 0.6376 val_macro_f1 0.6349
Epoch 11/25 - train_loss 0.3513 train_acc 0.8405 - val_loss 0.7099 val_acc 0.6670 val_macro_f1 0.6657
Epoch 12/25 - train_loss 0.3215 train_acc 0.8599 - val_loss 0.7396 val_acc 0.7094 val_macro_f1 0.7008
Epoch 13/25 - train_loss 0.2883 train_acc 0.8767 - val_loss 0.8883 val_acc 0.6474 val_macro_f1 0.6473
Epoch 14/25 - train_loss 0.2431 train_acc 0.8995 - val_loss 1.0231 val_acc 0.6660 val_macro_f1 0.6653
Epoch 15/25 - train_loss 0.2195 train_acc 0.9126 - val_loss 0.9479 val_acc 0.6908 val_macro_f1 0.6891
Epoch 16/25 - train_loss 0.2029 train_acc 0.9185 - val_loss 1.2000 val_acc 0.6315 val_macro_f1 0.6315
Epoch 17/25 - train_loss 0.1687 train_acc 0.9323 - val_loss 1.0013 val_acc 0.6824 val_macro_f1 0.6795
Epoch 18/25 - train_loss 0.1695 train_acc 0.9310 - val_loss 1.0195 val_acc 0.6726 val_macro_f1 0.6697
Early stopping at epoch 18 (no val_macro_f1 improvement for 6 epochs)
restoring best checkpoint from epoch 12 (selected by val_macro_f1)
    initialised 312/314 tensors from pretrained weights
Epoch  1/40 - train_loss 1.2418 train_acc 0.4082 - val_loss 1.5986 val_acc 0.3138 val_macro_f1 0.3078
Epoch  2/40 - train_loss 1.1740 train_acc 0.4512 - val_loss 1.3451 val_acc 0.3678 val_macro_f1 0.3493
Epoch  3/40 - train_loss 1.1320 train_acc 0.4665 - val_loss 1.4408 val_acc 0.4776 val_macro_f1 0.4139
Epoch  4/40 - train_loss 1.0831 train_acc 0.4982 - val_loss 1.5256 val_acc 0.3404 val_macro_f1 0.3054
Epoch  5/40 - train_loss 1.0219 train_acc 0.5254 - val_loss 1.8337 val_acc 0.3315 val_macro_f1 0.3086
Epoch  6/40 - train_loss 0.8757 train_acc 0.5873 - val_loss 1.5964 val_acc 0.3530 val_macro_f1 0.3268
Epoch  7/40 - train_loss 0.8042 train_acc 0.6313 - val_loss 2.4315 val_acc 0.2441 val_macro_f1 0.2422
Epoch  8/40 - train_loss 0.7373 train_acc 0.6606 - val_loss 1.8610 val_acc 0.3758 val_macro_f1 0.3715
Epoch  9/40 - train_loss 0.5943 train_acc 0.7202 - val_loss 2.0889 val_acc 0.3484 val_macro_f1 0.3284
Epoch 10/40 - train_loss 0.5439 train_acc 0.7468 - val_loss 2.1702 val_acc 0.3374 val_macro_f1 0.3358
Early stopping at epoch 10 (no val_macro_f1 improvement for 7 epochs)
restoring best checkpoint from epoch 3 (selected by val_macro_f1)
  fold 4: acc 40.2%  macroF1 0.277  best_epoch 3/10  9.2 min

--- fold 5/5: 122 test subjects ---
    AD-vs-CN pretrain on 449 subjects
Epoch  1/25 - train_loss 0.6780 train_acc 0.5855 - val_loss 0.7188 val_acc 0.6241 val_macro_f1 0.6241
Epoch  2/25 - train_loss 0.6046 train_acc 0.6755 - val_loss 0.6385 val_acc 0.6917 val_macro_f1 0.6714
Epoch  3/25 - train_loss 0.5630 train_acc 0.7115 - val_loss 0.6576 val_acc 0.7043 val_macro_f1 0.6956
Epoch  4/25 - train_loss 0.5303 train_acc 0.7430 - val_loss 0.8140 val_acc 0.6110 val_macro_f1 0.6106
Epoch  5/25 - train_loss 0.5101 train_acc 0.7526 - val_loss 0.6597 val_acc 0.6665 val_macro_f1 0.6579
Epoch  6/25 - train_loss 0.4603 train_acc 0.7801 - val_loss 0.7305 val_acc 0.6427 val_macro_f1 0.6414
Epoch  7/25 - train_loss 0.4309 train_acc 0.7997 - val_loss 0.7456 val_acc 0.6409 val_macro_f1 0.6342
Epoch  8/25 - train_loss 0.3942 train_acc 0.8253 - val_loss 0.7500 val_acc 0.6651 val_macro_f1 0.6580
Epoch  9/25 - train_loss 0.3373 train_acc 0.8464 - val_loss 0.9029 val_acc 0.6031 val_macro_f1 0.5992
Early stopping at epoch 9 (no val_macro_f1 improvement for 6 epochs)
restoring best checkpoint from epoch 3 (selected by val_macro_f1)
    initialised 312/314 tensors from pretrained weights
Epoch  1/40 - train_loss 1.3134 train_acc 0.3530 - val_loss 1.3208 val_acc 0.3737 val_macro_f1 0.3564
Epoch  2/40 - train_loss 1.2549 train_acc 0.4074 - val_loss 1.5356 val_acc 0.2534 val_macro_f1 0.2574
Epoch  3/40 - train_loss 1.2204 train_acc 0.4201 - val_loss 1.3493 val_acc 0.3032 val_macro_f1 0.2613
Epoch  4/40 - train_loss 1.1938 train_acc 0.4339 - val_loss 1.4564 val_acc 0.2475 val_macro_f1 0.2063
Epoch  5/40 - train_loss 1.1256 train_acc 0.4644 - val_loss 1.6452 val_acc 0.2445 val_macro_f1 0.1892
Epoch  6/40 - train_loss 1.0892 train_acc 0.4822 - val_loss 1.5857 val_acc 0.3323 val_macro_f1 0.2969
Epoch  7/40 - train_loss 1.0493 train_acc 0.4997 - val_loss 1.5219 val_acc 0.3087 val_macro_f1 0.3000
Epoch  8/40 - train_loss 0.9605 train_acc 0.5414 - val_loss 1.5016 val_acc 0.3834 val_macro_f1 0.3851
Epoch  9/40 - train_loss 0.9017 train_acc 0.5759 - val_loss 1.9299 val_acc 0.3112 val_macro_f1 0.3172
Epoch 10/40 - train_loss 0.8555 train_acc 0.6016 - val_loss 2.0270 val_acc 0.3273 val_macro_f1 0.3409
Epoch 11/40 - train_loss 0.7759 train_acc 0.6334 - val_loss 1.6029 val_acc 0.3801 val_macro_f1 0.3924
Epoch 12/40 - train_loss 0.7394 train_acc 0.6551 - val_loss 1.6005 val_acc 0.4046 val_macro_f1 0.4124
Epoch 13/40 - train_loss 0.7061 train_acc 0.6773 - val_loss 1.6921 val_acc 0.3666 val_macro_f1 0.3771
Epoch 14/40 - train_loss 0.6460 train_acc 0.7082 - val_loss 1.6502 val_acc 0.4016 val_macro_f1 0.4109
Epoch 15/40 - train_loss 0.6262 train_acc 0.7173 - val_loss 1.8627 val_acc 0.3661 val_macro_f1 0.3788
Epoch 16/40 - train_loss 0.6038 train_acc 0.7255 - val_loss 1.8285 val_acc 0.4101 val_macro_f1 0.4181
Epoch 17/40 - train_loss 0.5695 train_acc 0.7431 - val_loss 1.9070 val_acc 0.3708 val_macro_f1 0.3834
Epoch 18/40 - train_loss 0.5592 train_acc 0.7499 - val_loss 1.8011 val_acc 0.4037 val_macro_f1 0.4119
Epoch 19/40 - train_loss 0.5505 train_acc 0.7508 - val_loss 1.8889 val_acc 0.3894 val_macro_f1 0.4013
Epoch 20/40 - train_loss 0.5352 train_acc 0.7644 - val_loss 1.9099 val_acc 0.4020 val_macro_f1 0.4120
Epoch 21/40 - train_loss 0.5308 train_acc 0.7663 - val_loss 1.8916 val_acc 0.4020 val_macro_f1 0.4106
Epoch 22/40 - train_loss 0.5286 train_acc 0.7689 - val_loss 1.9222 val_acc 0.3982 val_macro_f1 0.4068
Epoch 23/40 - train_loss 0.5094 train_acc 0.7695 - val_loss 1.9339 val_acc 0.4265 val_macro_f1 0.4299
Epoch 24/40 - train_loss 0.5037 train_acc 0.7730 - val_loss 1.9196 val_acc 0.3923 val_macro_f1 0.3989
Epoch 25/40 - train_loss 0.5056 train_acc 0.7695 - val_loss 1.9646 val_acc 0.3944 val_macro_f1 0.3983
Epoch 26/40 - train_loss 0.5038 train_acc 0.7754 - val_loss 1.9306 val_acc 0.3923 val_macro_f1 0.4036
Epoch 27/40 - train_loss 0.5067 train_acc 0.7772 - val_loss 1.9189 val_acc 0.4088 val_macro_f1 0.4102
Epoch 28/40 - train_loss 0.5015 train_acc 0.7807 - val_loss 1.9461 val_acc 0.3999 val_macro_f1 0.4071
Epoch 29/40 - train_loss 0.5028 train_acc 0.7767 - val_loss 1.9412 val_acc 0.3995 val_macro_f1 0.4065
Epoch 30/40 - train_loss 0.4997 train_acc 0.7774 - val_loss 1.9345 val_acc 0.4058 val_macro_f1 0.4098
Early stopping at epoch 30 (no val_macro_f1 improvement for 7 epochs)
restoring best checkpoint from epoch 23 (selected by val_macro_f1)
  fold 5: acc 37.7%  macroF1 0.363  best_epoch 23/30  27.2 min

===== cv_mobilenetv2_adcn_k5 POOLED OVER ALL 618 SUBJECTS =====
              precision    recall  f1-score   support

          CN       0.43      0.41      0.42       158
          AD       0.35      0.44      0.39       108
        EMCI       0.46      0.46      0.46       227
        LMCI       0.25      0.20      0.22       125

    accuracy                           0.39       618
   macro avg       0.37      0.38      0.37       618
weighted avg       0.39      0.39      0.39       618

confusion matrix (rows=true, cols=pred) ['CN', 'AD', 'EMCI', 'LMCI']:
      CN  AD  EMCI  LMCI
CN    65  27    48    18
AD    20  47    24    17
EMCI  51  29   105    42
LMCI  15  33    52    25

accuracy   39.2% (242/618)   95% CI [35.4%, 43.1%]
macro F1   0.372
baseline   36.7%   chance 25.0%
per-fold accuracy: ['34.4%', '39.2%', '44.4%', '40.2%', '37.7%']  (sd 0.032)
verdict: INCONCLUSIVE - CI straddles the baseline

cv_mobilenetv2_adcn_k5 DONE in 141.4 min
