===== cv_mobilenetv2_random_k5 on cuda =====
618 subjects, 5 folds (sizes [125, 125, 124, 122, 122])
class balance: {'EMCI': 227, 'CN': 158, 'LMCI': 125, 'AD': 108}

--- fold 1/5: 125 test subjects ---
Epoch  1/40 - train_loss 1.3723 train_acc 0.3217 - val_loss 1.3293 val_acc 0.3146 val_macro_f1 0.2905
Epoch  2/40 - train_loss 1.2700 train_acc 0.4051 - val_loss 1.3209 val_acc 0.3699 val_macro_f1 0.3286
Epoch  3/40 - train_loss 1.2183 train_acc 0.4382 - val_loss 1.4498 val_acc 0.3231 val_macro_f1 0.3212
Epoch  4/40 - train_loss 1.1787 train_acc 0.4641 - val_loss 1.3472 val_acc 0.2977 val_macro_f1 0.3068
Epoch  5/40 - train_loss 1.1468 train_acc 0.4731 - val_loss 1.5006 val_acc 0.2905 val_macro_f1 0.2659
Epoch  6/40 - train_loss 1.0525 train_acc 0.5243 - val_loss 1.5472 val_acc 0.3209 val_macro_f1 0.2914
Epoch  7/40 - train_loss 1.0123 train_acc 0.5493 - val_loss 1.4085 val_acc 0.3682 val_macro_f1 0.3652
Epoch  8/40 - train_loss 0.9567 train_acc 0.5688 - val_loss 1.6466 val_acc 0.3636 val_macro_f1 0.3310
Epoch  9/40 - train_loss 0.8114 train_acc 0.6430 - val_loss 1.8706 val_acc 0.3091 val_macro_f1 0.2944
Epoch 10/40 - train_loss 0.7314 train_acc 0.6803 - val_loss 1.9200 val_acc 0.3395 val_macro_f1 0.3376
Epoch 11/40 - train_loss 0.6503 train_acc 0.7145 - val_loss 2.0929 val_acc 0.3340 val_macro_f1 0.3184
Epoch 12/40 - train_loss 0.4967 train_acc 0.7886 - val_loss 2.1469 val_acc 0.3644 val_macro_f1 0.3391
Epoch 13/40 - train_loss 0.4317 train_acc 0.8201 - val_loss 2.2722 val_acc 0.3737 val_macro_f1 0.3538
Epoch 14/40 - train_loss 0.3959 train_acc 0.8335 - val_loss 2.4564 val_acc 0.3775 val_macro_f1 0.3602
Early stopping at epoch 14 (no val_macro_f1 improvement for 7 epochs)
restoring best checkpoint from epoch 7 (selected by val_macro_f1)
  fold 1: acc 32.8%  macroF1 0.292  best_epoch 7/14  13.3 min

--- fold 2/5: 125 test subjects ---
Epoch  1/40 - train_loss 1.3951 train_acc 0.2986 - val_loss 1.3515 val_acc 0.3742 val_macro_f1 0.3311
Epoch  2/40 - train_loss 1.2960 train_acc 0.3797 - val_loss 1.3488 val_acc 0.3302 val_macro_f1 0.2744
Epoch  3/40 - train_loss 1.2402 train_acc 0.4327 - val_loss 1.6483 val_acc 0.2188 val_macro_f1 0.1788
Epoch  4/40 - train_loss 1.1903 train_acc 0.4602 - val_loss 1.5953 val_acc 0.2804 val_macro_f1 0.2722
Epoch  5/40 - train_loss 1.1617 train_acc 0.4690 - val_loss 1.5794 val_acc 0.2411 val_macro_f1 0.2354
Epoch  6/40 - train_loss 1.0849 train_acc 0.5055 - val_loss 1.6267 val_acc 0.3497 val_macro_f1 0.3412
Epoch  7/40 - train_loss 1.0365 train_acc 0.5286 - val_loss 1.6110 val_acc 0.3906 val_macro_f1 0.3408
Epoch  8/40 - train_loss 1.0005 train_acc 0.5471 - val_loss 1.5546 val_acc 0.3606 val_macro_f1 0.3539
Epoch  9/40 - train_loss 0.8773 train_acc 0.6089 - val_loss 1.5105 val_acc 0.3577 val_macro_f1 0.3543
Epoch 10/40 - train_loss 0.8069 train_acc 0.6454 - val_loss 1.8977 val_acc 0.3471 val_macro_f1 0.3340
Epoch 11/40 - train_loss 0.7194 train_acc 0.6828 - val_loss 1.8637 val_acc 0.3547 val_macro_f1 0.3373
Epoch 12/40 - train_loss 0.5684 train_acc 0.7587 - val_loss 2.1513 val_acc 0.3387 val_macro_f1 0.3225
Epoch 13/40 - train_loss 0.5019 train_acc 0.7874 - val_loss 2.6124 val_acc 0.3378 val_macro_f1 0.3272
Epoch 14/40 - train_loss 0.4469 train_acc 0.8121 - val_loss 2.8575 val_acc 0.3184 val_macro_f1 0.3022
Epoch 15/40 - train_loss 0.3590 train_acc 0.8473 - val_loss 2.2778 val_acc 0.3277 val_macro_f1 0.3231
Epoch 16/40 - train_loss 0.3240 train_acc 0.8667 - val_loss 2.4257 val_acc 0.3323 val_macro_f1 0.3236
Early stopping at epoch 16 (no val_macro_f1 improvement for 7 epochs)
restoring best checkpoint from epoch 9 (selected by val_macro_f1)
  fold 2: acc 38.4%  macroF1 0.359  best_epoch 9/16  15.1 min

--- fold 3/5: 124 test subjects ---
Epoch  1/40 - train_loss 1.3783 train_acc 0.3270 - val_loss 1.4483 val_acc 0.3239 val_macro_f1 0.2890
Epoch  2/40 - train_loss 1.2742 train_acc 0.3986 - val_loss 1.4871 val_acc 0.2352 val_macro_f1 0.2200
Epoch  3/40 - train_loss 1.2208 train_acc 0.4292 - val_loss 1.5556 val_acc 0.2791 val_macro_f1 0.2038
Epoch  4/40 - train_loss 1.1742 train_acc 0.4481 - val_loss 1.4394 val_acc 0.3720 val_macro_f1 0.3278
Epoch  5/40 - train_loss 1.1332 train_acc 0.4709 - val_loss 1.6070 val_acc 0.3687 val_macro_f1 0.3663
Epoch  6/40 - train_loss 1.1045 train_acc 0.4911 - val_loss 1.7256 val_acc 0.3011 val_macro_f1 0.2494
Epoch  7/40 - train_loss 1.0653 train_acc 0.5137 - val_loss 1.5299 val_acc 0.3416 val_macro_f1 0.2994
Epoch  8/40 - train_loss 0.9453 train_acc 0.5711 - val_loss 1.9588 val_acc 0.2800 val_macro_f1 0.2825
Epoch  9/40 - train_loss 0.8816 train_acc 0.5964 - val_loss 1.8677 val_acc 0.3488 val_macro_f1 0.3263
Epoch 10/40 - train_loss 0.8244 train_acc 0.6258 - val_loss 2.0690 val_acc 0.3150 val_macro_f1 0.3028
Epoch 11/40 - train_loss 0.6721 train_acc 0.6943 - val_loss 1.9096 val_acc 0.3729 val_macro_f1 0.3601
Epoch 12/40 - train_loss 0.5979 train_acc 0.7327 - val_loss 2.8720 val_acc 0.2812 val_macro_f1 0.2675
Early stopping at epoch 12 (no val_macro_f1 improvement for 7 epochs)
restoring best checkpoint from epoch 5 (selected by val_macro_f1)
  fold 3: acc 43.5%  macroF1 0.435  best_epoch 5/12  13.6 min

--- fold 4/5: 122 test subjects ---
Epoch  1/40 - train_loss 1.3902 train_acc 0.3084 - val_loss 1.3054 val_acc 0.4303 val_macro_f1 0.3788
Epoch  2/40 - train_loss 1.2969 train_acc 0.3917 - val_loss 1.3887 val_acc 0.2783 val_macro_f1 0.2366
Epoch  3/40 - train_loss 1.2400 train_acc 0.4302 - val_loss 1.3285 val_acc 0.3568 val_macro_f1 0.3558
Epoch  4/40 - train_loss 1.2122 train_acc 0.4404 - val_loss 1.3372 val_acc 0.3087 val_macro_f1 0.2959
Epoch  5/40 - train_loss 1.1428 train_acc 0.4824 - val_loss 1.4614 val_acc 0.3463 val_macro_f1 0.3229
Epoch  6/40 - train_loss 1.0961 train_acc 0.5068 - val_loss 1.4020 val_acc 0.3433 val_macro_f1 0.3308
Epoch  7/40 - train_loss 1.0542 train_acc 0.5283 - val_loss 1.9652 val_acc 0.2390 val_macro_f1 0.2079
Epoch  8/40 - train_loss 0.9275 train_acc 0.5914 - val_loss 1.6533 val_acc 0.3695 val_macro_f1 0.3537
Early stopping at epoch 8 (no val_macro_f1 improvement for 7 epochs)
restoring best checkpoint from epoch 1 (selected by val_macro_f1)
  fold 4: acc 40.2%  macroF1 0.351  best_epoch 1/8  7.8 min

--- fold 5/5: 122 test subjects ---
Epoch  1/40 - train_loss 1.3804 train_acc 0.3151 - val_loss 1.4492 val_acc 0.2855 val_macro_f1 0.2696
Epoch  2/40 - train_loss 1.2870 train_acc 0.3874 - val_loss 1.4987 val_acc 0.2846 val_macro_f1 0.2208
Epoch  3/40 - train_loss 1.2338 train_acc 0.4336 - val_loss 1.4088 val_acc 0.2766 val_macro_f1 0.2627
Epoch  4/40 - train_loss 1.2050 train_acc 0.4469 - val_loss 1.3650 val_acc 0.3657 val_macro_f1 0.3782
Epoch  5/40 - train_loss 1.1745 train_acc 0.4593 - val_loss 1.6710 val_acc 0.2905 val_macro_f1 0.2494
Epoch  6/40 - train_loss 1.1559 train_acc 0.4710 - val_loss 1.7259 val_acc 0.3011 val_macro_f1 0.2351
Epoch  7/40 - train_loss 1.1245 train_acc 0.4840 - val_loss 1.3587 val_acc 0.3336 val_macro_f1 0.3488
Epoch  8/40 - train_loss 1.0988 train_acc 0.5004 - val_loss 1.4623 val_acc 0.3399 val_macro_f1 0.3314
Epoch  9/40 - train_loss 1.0638 train_acc 0.5195 - val_loss 1.7943 val_acc 0.2732 val_macro_f1 0.2296
Epoch 10/40 - train_loss 1.0163 train_acc 0.5420 - val_loss 1.7306 val_acc 0.2922 val_macro_f1 0.2836
Epoch 11/40 - train_loss 0.8539 train_acc 0.6152 - val_loss 1.5522 val_acc 0.3936 val_macro_f1 0.3826
Epoch 12/40 - train_loss 0.7669 train_acc 0.6560 - val_loss 2.1017 val_acc 0.2880 val_macro_f1 0.2856
Epoch 13/40 - train_loss 0.6889 train_acc 0.6945 - val_loss 1.7576 val_acc 0.3581 val_macro_f1 0.3622
Epoch 14/40 - train_loss 0.5223 train_acc 0.7733 - val_loss 1.8924 val_acc 0.4295 val_macro_f1 0.4301
Epoch 15/40 - train_loss 0.4549 train_acc 0.8064 - val_loss 1.9840 val_acc 0.4295 val_macro_f1 0.4055
Epoch 16/40 - train_loss 0.4077 train_acc 0.8289 - val_loss 2.1795 val_acc 0.4210 val_macro_f1 0.3973
Epoch 17/40 - train_loss 0.3250 train_acc 0.8683 - val_loss 2.1987 val_acc 0.4164 val_macro_f1 0.4075
Epoch 18/40 - train_loss 0.2662 train_acc 0.8937 - val_loss 2.6400 val_acc 0.3995 val_macro_f1 0.3886
Epoch 19/40 - train_loss 0.2514 train_acc 0.9010 - val_loss 2.4823 val_acc 0.4109 val_macro_f1 0.4075
Epoch 20/40 - train_loss 0.2109 train_acc 0.9171 - val_loss 2.3408 val_acc 0.4286 val_macro_f1 0.4177
Epoch 21/40 - train_loss 0.1961 train_acc 0.9219 - val_loss 2.5989 val_acc 0.3982 val_macro_f1 0.3940
Early stopping at epoch 21 (no val_macro_f1 improvement for 7 epochs)
restoring best checkpoint from epoch 14 (selected by val_macro_f1)
  fold 5: acc 46.7%  macroF1 0.432  best_epoch 14/21  57.2 min

===== cv_mobilenetv2_random_k5 POOLED OVER ALL 618 SUBJECTS =====
              precision    recall  f1-score   support

          CN       0.42      0.44      0.43       158
          AD       0.36      0.48      0.41       108
        EMCI       0.46      0.46      0.46       227
        LMCI       0.28      0.18      0.22       125

    accuracy                           0.40       618
   macro avg       0.38      0.39      0.38       618
weighted avg       0.40      0.40      0.40       618

confusion matrix (rows=true, cols=pred) ['CN', 'AD', 'EMCI', 'LMCI']:
      CN  AD  EMCI  LMCI
CN    70  32    42    14
AD    17  52    25    14
EMCI  63  29   104    31
LMCI  16  33    53    23

accuracy   40.3% (249/618)   95% CI [36.5%, 44.2%]
macro F1   0.381
baseline   36.7%   chance 25.0%
per-fold accuracy: ['32.8%', '38.4%', '43.5%', '40.2%', '46.7%']  (sd 0.047)
verdict: INCONCLUSIVE - CI straddles the baseline

cv_mobilenetv2_random_k5 DONE in 107.0 min
