===== efficientnet_b0_honest25d on cuda (manifest: manifest.csv) =====
efficientnet_b0: 4,012,672 params, in_channels=3, mode=honest25d
Epoch  1/40 - train_loss 0.9830 train_acc 0.4586 - val_loss 0.8042 val_acc 0.4721
Epoch  2/40 - train_loss 0.7966 train_acc 0.5229 - val_loss 3.3015 val_acc 0.2708
Epoch  3/40 - train_loss 0.7219 train_acc 0.5894 - val_loss 0.9156 val_acc 0.5095
Epoch  4/40 - train_loss 0.6733 train_acc 0.6258 - val_loss 2.0273 val_acc 0.2789
Epoch  5/40 - train_loss 0.5925 train_acc 0.6767 - val_loss 0.8865 val_acc 0.5303
Epoch  6/40 - train_loss 0.5661 train_acc 0.6974 - val_loss 0.8420 val_acc 0.5071
Epoch  7/40 - train_loss 0.5353 train_acc 0.7193 - val_loss 0.7787 val_acc 0.5601
Epoch  8/40 - train_loss 0.5061 train_acc 0.7378 - val_loss 0.8266 val_acc 0.5526
Epoch  9/40 - train_loss 0.4747 train_acc 0.7615 - val_loss 1.4960 val_acc 0.4110
Epoch 10/40 - train_loss 0.4532 train_acc 0.7697 - val_loss 1.1098 val_acc 0.5114
Epoch 11/40 - train_loss 0.3803 train_acc 0.8145 - val_loss 1.0239 val_acc 0.5502
Epoch 12/40 - train_loss 0.3372 train_acc 0.8379 - val_loss 0.9379 val_acc 0.6037
Epoch 13/40 - train_loss 0.3179 train_acc 0.8508 - val_loss 1.3100 val_acc 0.5033
Epoch 14/40 - train_loss 0.2640 train_acc 0.8788 - val_loss 1.3093 val_acc 0.5625
Early stopping at epoch 14 (no val_loss improvement for 7 epochs)

--- efficientnet_b0_honest25d SLICE LEVEL ---
              precision    recall  f1-score   support

          CN       0.51      0.50      0.51       480
          AD       0.36      0.35      0.35       352
        EMCI       0.57      0.73      0.64       672
        LMCI       0.53      0.38      0.44       608

    accuracy                           0.51      2112
   macro avg       0.49      0.49      0.48      2112
weighted avg       0.51      0.51      0.50      2112

slice confusion matrix (rows=true, cols=pred) ['CN', 'AD', 'EMCI', 'LMCI']:
[[240 214   6  20]
 [226 123   0   3]
 [  0   0 493 179]
 [  3   5 372 228]]

--- efficientnet_b0_honest25d SUBJECT LEVEL (hard majority vote) ---
              precision    recall  f1-score   support

          CN       0.47      0.47      0.47        15
          AD       0.30      0.27      0.29        11
        EMCI       0.59      0.81      0.68        21
        LMCI       0.58      0.37      0.45        19

    accuracy                           0.52        66
   macro avg       0.48      0.48      0.47        66
weighted avg       0.51      0.52      0.50        66


--- efficientnet_b0_honest25d SUBJECT LEVEL (soft vote) ---
              precision    recall  f1-score   support

          CN       0.47      0.47      0.47        15
          AD       0.30      0.27      0.29        11
        EMCI       0.61      0.81      0.69        21
        LMCI       0.62      0.42      0.50        19

    accuracy                           0.53        66
   macro avg       0.50      0.49      0.49        66
weighted avg       0.53      0.53      0.52        66

soft-vote confusion matrix (rows=true, cols=pred) ['CN', 'AD', 'EMCI', 'LMCI']:
[[ 7  7  0  1]
 [ 8  3  0  0]
 [ 0  0 17  4]
 [ 0  0 11  8]]

=== efficientnet_b0_honest25d SUMMARY ===
{
  "arch": "efficientnet_b0",
  "mode": "honest25d",
  "n_params": 4012672,
  "epochs_run": 14,
  "train_minutes": 20.8,
  "slice_level_accuracy": 0.5132575757575758,
  "slice_level_macro_f1": 0.48464592437176823,
  "subject_level_accuracy": 0.5151515151515151,
  "subject_level_macro_f1": 0.47099846390168976,
  "subject_level_accuracy_softvote": 0.5303030303030303,
  "subject_level_macro_f1_softvote": 0.4865646258503401
}
=== efficientnet_b0_honest25d DONE in 20.8 min ===

