===== efficientnet_b0_leaky on cuda =====
LEAKY split: 434 test subjects, 434 of them also in train (100.0% overlap). Honest split has 0% by construction.
efficientnet_b0: 4,012,672 params, in_channels=3, mode=leaky
Epoch  1/30 - train_loss 0.9751 train_acc 0.4513 - val_loss 2.0279 val_acc 0.2686
Epoch  2/30 - train_loss 0.8042 train_acc 0.4965 - val_loss 1.1640 val_acc 0.4514
Epoch  3/30 - train_loss 0.7762 train_acc 0.5242 - val_loss 0.8203 val_acc 0.5467
Epoch  4/30 - train_loss 0.7456 train_acc 0.5377 - val_loss 4.6024 val_acc 0.1818
Epoch  5/30 - train_loss 0.7121 train_acc 0.5700 - val_loss 0.7465 val_acc 0.5738
Epoch  6/30 - train_loss 0.6712 train_acc 0.5933 - val_loss 1.1142 val_acc 0.4841
Epoch  7/30 - train_loss 0.6530 train_acc 0.6070 - val_loss 0.6708 val_acc 0.5952
Epoch  8/30 - train_loss 0.6428 train_acc 0.6306 - val_loss 0.9986 val_acc 0.5477
Epoch  9/30 - train_loss 0.6106 train_acc 0.6493 - val_loss 0.7713 val_acc 0.5814
Epoch 10/30 - train_loss 0.6065 train_acc 0.6525 - val_loss 0.6668 val_acc 0.6540
Epoch 11/30 - train_loss 0.5665 train_acc 0.6852 - val_loss 0.6673 val_acc 0.6407
Epoch 12/30 - train_loss 0.5557 train_acc 0.6961 - val_loss 0.6256 val_acc 0.6478
Epoch 13/30 - train_loss 0.5416 train_acc 0.7099 - val_loss 0.5542 val_acc 0.7148
Epoch 14/30 - train_loss 0.5204 train_acc 0.7244 - val_loss 0.6960 val_acc 0.6516
Epoch 15/30 - train_loss 0.5031 train_acc 0.7371 - val_loss 0.5350 val_acc 0.7404
Epoch 16/30 - train_loss 0.4982 train_acc 0.7463 - val_loss 0.5170 val_acc 0.7418
Epoch 17/30 - train_loss 0.4624 train_acc 0.7627 - val_loss 1.5962 val_acc 0.5515
Epoch 18/30 - train_loss 0.4462 train_acc 0.7742 - val_loss 0.7968 val_acc 0.6640
Epoch 19/30 - train_loss 0.4288 train_acc 0.7857 - val_loss 0.5037 val_acc 0.7579
Epoch 20/30 - train_loss 0.4237 train_acc 0.7925 - val_loss 3.0610 val_acc 0.3631
Epoch 21/30 - train_loss 0.4082 train_acc 0.8004 - val_loss 0.5472 val_acc 0.7508
Epoch 22/30 - train_loss 0.3843 train_acc 0.8079 - val_loss 0.3733 val_acc 0.8111
Epoch 23/30 - train_loss 0.3672 train_acc 0.8244 - val_loss 1.4016 val_acc 0.6004
Epoch 24/30 - train_loss 0.3638 train_acc 0.8266 - val_loss 0.7634 val_acc 0.6782
Epoch 25/30 - train_loss 0.3517 train_acc 0.8321 - val_loss 0.5057 val_acc 0.7736
Epoch 26/30 - train_loss 0.2761 train_acc 0.8680 - val_loss 0.2734 val_acc 0.8776
Epoch 27/30 - train_loss 0.2661 train_acc 0.8763 - val_loss 0.2949 val_acc 0.8685
Epoch 28/30 - train_loss 0.2433 train_acc 0.8894 - val_loss 0.2770 val_acc 0.8842
Epoch 29/30 - train_loss 0.2304 train_acc 0.8938 - val_loss 0.2925 val_acc 0.8638
Epoch 30/30 - train_loss 0.1941 train_acc 0.9135 - val_loss 0.2168 val_acc 0.9093

--- efficientnet_b0_leaky SLICE LEVEL ---
              precision    recall  f1-score   support

          CN       0.96      0.98      0.97       490
          AD       0.96      0.94      0.95       342
        EMCI       0.91      0.88      0.90       678
        LMCI       0.87      0.91      0.89       598

    accuracy                           0.92      2108
   macro avg       0.93      0.93      0.93      2108
weighted avg       0.92      0.92      0.92      2108

slice confusion matrix (rows=true, cols=pred) ['CN', 'AD', 'EMCI', 'LMCI']:
[[478  12   0   0]
 [ 22 320   0   0]
 [  0   0 600  78]
 [  0   0  56 542]]

=== efficientnet_b0_leaky SUMMARY ===
{
  "arch": "efficientnet_b0",
  "mode": "leaky",
  "n_params": 4012672,
  "epochs_run": 30,
  "train_minutes": 400.2,
  "slice_level_accuracy": 0.920303605313093,
  "slice_level_macro_f1": 0.9261863165813268,
  "WARNING": "INVALID FOR REPORTING. Slice-wise split leaks the same subject into train and test; this number largely reflects subject re-identification, not diagnostic accuracy."
}
=== efficientnet_b0_leaky DONE in 400.2 min ===

