===== mobilenetv2_v3go2hi_f1 on cuda (manifest: manifest_v3_go2_hires.csv, checkpoint selected by val_macro_f1) =====
mobilenetv2: 2,228,996 params, in_channels=3, mode=v3go2hi
Epoch  1/40 - train_loss 1.3966 train_acc 0.3016 - val_loss 1.4851 val_acc 0.3683 val_macro_f1 0.2629
Epoch  2/40 - train_loss 1.3061 train_acc 0.3848 - val_loss 1.4182 val_acc 0.2833 val_macro_f1 0.2557
Epoch  3/40 - train_loss 1.2435 train_acc 0.4282 - val_loss 1.3695 val_acc 0.4099 val_macro_f1 0.3916
Epoch  4/40 - train_loss 1.2057 train_acc 0.4543 - val_loss 1.4119 val_acc 0.3296 val_macro_f1 0.3131
Epoch  5/40 - train_loss 1.1665 train_acc 0.4747 - val_loss 1.4628 val_acc 0.3401 val_macro_f1 0.2896
Epoch  6/40 - train_loss 1.1396 train_acc 0.4833 - val_loss 1.7234 val_acc 0.3162 val_macro_f1 0.3017
Epoch  7/40 - train_loss 1.0321 train_acc 0.5432 - val_loss 1.6511 val_acc 0.3054 val_macro_f1 0.3142
Epoch  8/40 - train_loss 0.9654 train_acc 0.5691 - val_loss 2.0696 val_acc 0.3145 val_macro_f1 0.3218
Epoch  9/40 - train_loss 0.8967 train_acc 0.6046 - val_loss 1.8100 val_acc 0.3196 val_macro_f1 0.3049
Epoch 10/40 - train_loss 0.7104 train_acc 0.6906 - val_loss 1.6196 val_acc 0.4412 val_macro_f1 0.4470
Epoch 11/40 - train_loss 0.6310 train_acc 0.7240 - val_loss 1.9544 val_acc 0.3569 val_macro_f1 0.3523
Epoch 12/40 - train_loss 0.5541 train_acc 0.7619 - val_loss 2.2944 val_acc 0.3159 val_macro_f1 0.3016
Epoch 13/40 - train_loss 0.4256 train_acc 0.8242 - val_loss 2.0937 val_acc 0.3790 val_macro_f1 0.3527
Epoch 14/40 - train_loss 0.3621 train_acc 0.8498 - val_loss 2.1743 val_acc 0.3958 val_macro_f1 0.3834
Epoch 15/40 - train_loss 0.3403 train_acc 0.8613 - val_loss 2.4393 val_acc 0.3720 val_macro_f1 0.3643
Epoch 16/40 - train_loss 0.2809 train_acc 0.8844 - val_loss 2.5071 val_acc 0.3673 val_macro_f1 0.3573
Epoch 17/40 - train_loss 0.2447 train_acc 0.9006 - val_loss 2.4850 val_acc 0.3858 val_macro_f1 0.3781
Early stopping at epoch 17 (no val_macro_f1 improvement for 7 epochs)
restoring best checkpoint from epoch 10 (selected by val_macro_f1)

--- mobilenetv2_v3go2hi_f1 SLICE LEVEL ---
              precision    recall  f1-score   support

          CN       0.47      0.31      0.37       768
          AD       0.28      0.35      0.31       512
        EMCI       0.37      0.37      0.37      1088
        LMCI       0.23      0.29      0.25       608

    accuracy                           0.33      2976
   macro avg       0.34      0.33      0.33      2976
weighted avg       0.35      0.33      0.34      2976

slice confusion matrix (rows=true, cols=pred) ['CN', 'AD', 'EMCI', 'LMCI']:
[[236  14 370 148]
 [ 92 180 104 136]
 [165 217 400 306]
 [ 11 225 198 174]]

--- mobilenetv2_v3go2hi_f1 SUBJECT LEVEL (hard majority vote) ---
              precision    recall  f1-score   support

          CN       0.40      0.25      0.31        24
          AD       0.28      0.31      0.29        16
        EMCI       0.38      0.35      0.36        34
        LMCI       0.18      0.26      0.21        19

    accuracy                           0.30        93
   macro avg       0.31      0.29      0.29        93
weighted avg       0.32      0.30      0.31        93


--- mobilenetv2_v3go2hi_f1 SUBJECT LEVEL (soft vote) ---
              precision    recall  f1-score   support

          CN       0.40      0.25      0.31        24
          AD       0.24      0.31      0.27        16
        EMCI       0.38      0.35      0.36        34
        LMCI       0.20      0.26      0.23        19

    accuracy                           0.30        93
   macro avg       0.30      0.29      0.29        93
weighted avg       0.32      0.30      0.31        93

soft-vote confusion matrix (rows=true, cols=pred) ['CN', 'AD', 'EMCI', 'LMCI']:
[[ 6  1 11  6]
 [ 3  5  3  5]
 [ 6  7 12  9]
 [ 0  8  6  5]]

=== mobilenetv2_v3go2hi_f1 SUMMARY ===
{
  "arch": "mobilenetv2",
  "mode": "v3go2hi",
  "n_params": 2228996,
  "select_by": "val_macro_f1",
  "best_epoch": 10,
  "init_from": null,
  "epochs_run": 17,
  "train_minutes": 16.5,
  "slice_level_accuracy": 0.3326612903225806,
  "slice_level_macro_f1": 0.3271681794508321,
  "subject_level_accuracy": 0.3010752688172043,
  "subject_level_macro_f1": 0.29455306895857586,
  "subject_level_accuracy_softvote": 0.3010752688172043,
  "subject_level_macro_f1_softvote": 0.29221791721791723
}
=== mobilenetv2_v3go2hi_f1 DONE in 16.5 min ===

