===== efficientnet_b0_v3go2hi_f1 on cuda (manifest: manifest_v3_go2_hires.csv, checkpoint selected by val_macro_f1) =====
efficientnet_b0: 4,012,672 params, in_channels=3, mode=v3go2hi
Epoch  1/40 - train_loss 1.3983 train_acc 0.2750 - val_loss 1.3717 val_acc 0.3189 val_macro_f1 0.3104
Epoch  2/40 - train_loss 1.3426 train_acc 0.3556 - val_loss 1.3508 val_acc 0.3558 val_macro_f1 0.2586
Epoch  3/40 - train_loss 1.3132 train_acc 0.3862 - val_loss 1.3026 val_acc 0.4133 val_macro_f1 0.3134
Epoch  4/40 - train_loss 1.2939 train_acc 0.3963 - val_loss 1.3273 val_acc 0.3810 val_macro_f1 0.2228
Epoch  5/40 - train_loss 1.2790 train_acc 0.4001 - val_loss 1.3081 val_acc 0.4261 val_macro_f1 0.3233
Epoch  6/40 - train_loss 1.2642 train_acc 0.4120 - val_loss 1.2951 val_acc 0.3999 val_macro_f1 0.2914
Epoch  7/40 - train_loss 1.2528 train_acc 0.4190 - val_loss 1.9995 val_acc 0.2194 val_macro_f1 0.1585
Epoch  8/40 - train_loss 1.2311 train_acc 0.4337 - val_loss 1.3789 val_acc 0.3945 val_macro_f1 0.2747
Epoch  9/40 - train_loss 1.2019 train_acc 0.4497 - val_loss 1.2878 val_acc 0.4126 val_macro_f1 0.3090
Epoch 10/40 - train_loss 1.1627 train_acc 0.4672 - val_loss 1.5187 val_acc 0.2849 val_macro_f1 0.2859
Epoch 11/40 - train_loss 1.1184 train_acc 0.4798 - val_loss 1.5025 val_acc 0.3501 val_macro_f1 0.3292
Epoch 12/40 - train_loss 1.0788 train_acc 0.5086 - val_loss 1.3777 val_acc 0.3713 val_macro_f1 0.3587
Epoch 13/40 - train_loss 0.9950 train_acc 0.5461 - val_loss 1.3388 val_acc 0.4116 val_macro_f1 0.3780
Epoch 14/40 - train_loss 0.9455 train_acc 0.5684 - val_loss 1.5699 val_acc 0.3303 val_macro_f1 0.3135
Epoch 15/40 - train_loss 0.9078 train_acc 0.5825 - val_loss 1.6947 val_acc 0.3115 val_macro_f1 0.2977
Epoch 16/40 - train_loss 0.8165 train_acc 0.6259 - val_loss 1.5174 val_acc 0.4210 val_macro_f1 0.3846
Epoch 17/40 - train_loss 0.7777 train_acc 0.6391 - val_loss 1.7281 val_acc 0.3942 val_macro_f1 0.3816
Epoch 18/40 - train_loss 0.7506 train_acc 0.6574 - val_loss 1.7264 val_acc 0.4032 val_macro_f1 0.3764
Epoch 19/40 - train_loss 0.7031 train_acc 0.6775 - val_loss 1.8142 val_acc 0.3606 val_macro_f1 0.3472
Epoch 20/40 - train_loss 0.6747 train_acc 0.6917 - val_loss 1.8429 val_acc 0.3800 val_macro_f1 0.3611
Epoch 21/40 - train_loss 0.6525 train_acc 0.7052 - val_loss 1.8703 val_acc 0.3858 val_macro_f1 0.3659
Epoch 22/40 - train_loss 0.6440 train_acc 0.7035 - val_loss 1.9238 val_acc 0.3703 val_macro_f1 0.3542
Epoch 23/40 - train_loss 0.6371 train_acc 0.7151 - val_loss 1.9391 val_acc 0.3814 val_macro_f1 0.3640
Early stopping at epoch 23 (no val_macro_f1 improvement for 7 epochs)
restoring best checkpoint from epoch 16 (selected by val_macro_f1)

--- efficientnet_b0_v3go2hi_f1 SLICE LEVEL ---
              precision    recall  f1-score   support

          CN       0.43      0.52      0.47       768
          AD       0.31      0.30      0.31       512
        EMCI       0.39      0.36      0.37      1088
        LMCI       0.34      0.31      0.32       608

    accuracy                           0.38      2976
   macro avg       0.37      0.37      0.37      2976
weighted avg       0.38      0.38      0.38      2976

slice confusion matrix (rows=true, cols=pred) ['CN', 'AD', 'EMCI', 'LMCI']:
[[401  20 290  57]
 [153 155 111  93]
 [317 168 390 213]
 [ 60 153 208 187]]

--- efficientnet_b0_v3go2hi_f1 SUBJECT LEVEL (hard majority vote) ---
              precision    recall  f1-score   support

          CN       0.45      0.54      0.49        24
          AD       0.31      0.25      0.28        16
        EMCI       0.38      0.38      0.38        34
        LMCI       0.29      0.26      0.28        19

    accuracy                           0.38        93
   macro avg       0.36      0.36      0.36        93
weighted avg       0.37      0.38      0.37        93


--- efficientnet_b0_v3go2hi_f1 SUBJECT LEVEL (soft vote) ---
              precision    recall  f1-score   support

          CN       0.43      0.54      0.48        24
          AD       0.29      0.25      0.27        16
        EMCI       0.37      0.32      0.34        34
        LMCI       0.26      0.26      0.26        19

    accuracy                           0.35        93
   macro avg       0.34      0.34      0.34        93
weighted avg       0.35      0.35      0.35        93

soft-vote confusion matrix (rows=true, cols=pred) ['CN', 'AD', 'EMCI', 'LMCI']:
[[13  1  8  2]
 [ 5  4  3  4]
 [11  4 11  8]
 [ 1  5  8  5]]

=== efficientnet_b0_v3go2hi_f1 SUMMARY ===
{
  "arch": "efficientnet_b0",
  "mode": "v3go2hi",
  "n_params": 4012672,
  "select_by": "val_macro_f1",
  "best_epoch": 16,
  "init_from": null,
  "epochs_run": 23,
  "train_minutes": 28.6,
  "slice_level_accuracy": 0.38071236559139787,
  "slice_level_macro_f1": 0.3690737282864285,
  "subject_level_accuracy": 0.3763440860215054,
  "subject_level_macro_f1": 0.35663970641390363,
  "subject_level_accuracy_softvote": 0.3548387096774194,
  "subject_level_macro_f1_softvote": 0.3387640107212475
}
=== efficientnet_b0_v3go2hi_f1 DONE in 28.6 min ===

