===== custom_cnn_v3go2hi_f1 on cuda (manifest: manifest_v3_go2_hires.csv, checkpoint selected by val_macro_f1) =====
custom_cnn: 1,207,012 params, in_channels=1, mode=v3go2hi
Epoch  1/40 - train_loss 1.3396 train_acc 0.3521 - val_loss 2.0673 val_acc 0.1818 val_macro_f1 0.1030
Epoch  2/40 - train_loss 1.2821 train_acc 0.4062 - val_loss 1.3774 val_acc 0.2634 val_macro_f1 0.2558
Epoch  3/40 - train_loss 1.2574 train_acc 0.4324 - val_loss 1.8417 val_acc 0.2224 val_macro_f1 0.1710
Epoch  4/40 - train_loss 1.2389 train_acc 0.4358 - val_loss 1.3674 val_acc 0.2843 val_macro_f1 0.2412
Epoch  5/40 - train_loss 1.2247 train_acc 0.4429 - val_loss 1.3367 val_acc 0.3592 val_macro_f1 0.3093
Epoch  6/40 - train_loss 1.2106 train_acc 0.4400 - val_loss 1.2801 val_acc 0.3656 val_macro_f1 0.3509
Epoch  7/40 - train_loss 1.2027 train_acc 0.4465 - val_loss 1.4746 val_acc 0.1976 val_macro_f1 0.1195
Epoch  8/40 - train_loss 1.1914 train_acc 0.4465 - val_loss 1.2449 val_acc 0.3928 val_macro_f1 0.3129
Epoch  9/40 - train_loss 1.1804 train_acc 0.4538 - val_loss 1.5310 val_acc 0.3162 val_macro_f1 0.2871
Epoch 10/40 - train_loss 1.1749 train_acc 0.4544 - val_loss 1.4331 val_acc 0.3001 val_macro_f1 0.2965
Epoch 11/40 - train_loss 1.1651 train_acc 0.4626 - val_loss 1.2880 val_acc 0.4160 val_macro_f1 0.4138
Epoch 12/40 - train_loss 1.1232 train_acc 0.4854 - val_loss 1.7699 val_acc 0.2147 val_macro_f1 0.1742
Epoch 13/40 - train_loss 1.1063 train_acc 0.4871 - val_loss 1.4776 val_acc 0.3498 val_macro_f1 0.3430
Epoch 14/40 - train_loss 1.0801 train_acc 0.5033 - val_loss 1.6979 val_acc 0.2742 val_macro_f1 0.2515
Epoch 15/40 - train_loss 1.0357 train_acc 0.5183 - val_loss 1.5738 val_acc 0.3138 val_macro_f1 0.3136
Epoch 16/40 - train_loss 1.0131 train_acc 0.5242 - val_loss 1.4312 val_acc 0.3360 val_macro_f1 0.3385
Epoch 17/40 - train_loss 1.0056 train_acc 0.5315 - val_loss 1.3567 val_acc 0.3905 val_macro_f1 0.3715
Epoch 18/40 - train_loss 0.9724 train_acc 0.5428 - val_loss 1.4977 val_acc 0.4194 val_macro_f1 0.4005
Early stopping at epoch 18 (no val_macro_f1 improvement for 7 epochs)
restoring best checkpoint from epoch 11 (selected by val_macro_f1)

--- custom_cnn_v3go2hi_f1 SLICE LEVEL ---
              precision    recall  f1-score   support

          CN       0.48      0.17      0.26       768
          AD       0.40      0.26      0.31       512
        EMCI       0.36      0.33      0.34      1088
        LMCI       0.30      0.67      0.41       608

    accuracy                           0.35      2976
   macro avg       0.38      0.36      0.33      2976
weighted avg       0.38      0.35      0.33      2976

slice confusion matrix (rows=true, cols=pred) ['CN', 'AD', 'EMCI', 'LMCI']:
[[134  18 390 226]
 [ 52 133  82 245]
 [ 91 160 362 475]
 [  0  25 178 405]]

--- custom_cnn_v3go2hi_f1 SUBJECT LEVEL (hard majority vote) ---
              precision    recall  f1-score   support

          CN       0.50      0.17      0.25        24
          AD       0.45      0.31      0.37        16
        EMCI       0.33      0.29      0.31        34
        LMCI       0.27      0.63      0.38        19

    accuracy                           0.33        93
   macro avg       0.39      0.35      0.33        93
weighted avg       0.38      0.33      0.32        93


--- custom_cnn_v3go2hi_f1 SUBJECT LEVEL (soft vote) ---
              precision    recall  f1-score   support

          CN       0.56      0.21      0.30        24
          AD       0.50      0.31      0.38        16
        EMCI       0.37      0.32      0.34        34
        LMCI       0.30      0.68      0.41        19

    accuracy                           0.37        93
   macro avg       0.43      0.38      0.36        93
weighted avg       0.42      0.37      0.35        93

soft-vote confusion matrix (rows=true, cols=pred) ['CN', 'AD', 'EMCI', 'LMCI']:
[[ 5  0 11  8]
 [ 1  5  2  8]
 [ 3  5 11 15]
 [ 0  0  6 13]]

=== custom_cnn_v3go2hi_f1 SUMMARY ===
{
  "arch": "custom_cnn",
  "mode": "v3go2hi",
  "n_params": 1207012,
  "select_by": "val_macro_f1",
  "best_epoch": 11,
  "init_from": null,
  "epochs_run": 18,
  "train_minutes": 22.2,
  "slice_level_accuracy": 0.3474462365591398,
  "slice_level_macro_f1": 0.33209418589703954,
  "subject_level_accuracy": 0.3333333333333333,
  "subject_level_macro_f1": 0.3284556878306878,
  "subject_level_accuracy_softvote": 0.3655913978494624,
  "subject_level_macro_f1_softvote": 0.3610235250860251
}
=== custom_cnn_v3go2hi_f1 DONE in 22.2 min ===

