===== mobilenetv2_v3go2_f1_init-mobilenetv2_ADvsCN on cuda (manifest: manifest_v3_go2.csv, checkpoint selected by val_macro_f1) =====
initialised 312/314 tensors from mobilenetv2_ADvsCN.pt; 2 skipped (shape mismatch = classifier head): ['classifier.1.weight', 'classifier.1.bias']
mobilenetv2: 2,228,996 params, in_channels=3, mode=v3go2
Epoch  1/40 - train_loss 1.2610 train_acc 0.3746 - val_loss 1.2781 val_acc 0.3858 val_macro_f1 0.3137
Epoch  2/40 - train_loss 1.2141 train_acc 0.4161 - val_loss 1.7695 val_acc 0.2268 val_macro_f1 0.1706
Epoch  3/40 - train_loss 1.1612 train_acc 0.4469 - val_loss 1.3475 val_acc 0.3565 val_macro_f1 0.2970
Epoch  4/40 - train_loss 1.1177 train_acc 0.4660 - val_loss 1.6942 val_acc 0.3088 val_macro_f1 0.2548
Epoch  5/40 - train_loss 0.9764 train_acc 0.5397 - val_loss 1.4373 val_acc 0.4110 val_macro_f1 0.4058
Epoch  6/40 - train_loss 0.9082 train_acc 0.5671 - val_loss 1.8103 val_acc 0.3034 val_macro_f1 0.3072
Epoch  7/40 - train_loss 0.8309 train_acc 0.6032 - val_loss 1.7971 val_acc 0.3599 val_macro_f1 0.3344
Epoch  8/40 - train_loss 0.7147 train_acc 0.6550 - val_loss 1.6324 val_acc 0.4113 val_macro_f1 0.4101
Epoch  9/40 - train_loss 0.6636 train_acc 0.6899 - val_loss 1.7676 val_acc 0.4130 val_macro_f1 0.3941
Epoch 10/40 - train_loss 0.6088 train_acc 0.7146 - val_loss 1.7271 val_acc 0.4220 val_macro_f1 0.4144
Epoch 11/40 - train_loss 0.5327 train_acc 0.7509 - val_loss 1.8683 val_acc 0.4099 val_macro_f1 0.4019
Epoch 12/40 - train_loss 0.5012 train_acc 0.7697 - val_loss 1.9687 val_acc 0.4284 val_macro_f1 0.4180
Epoch 13/40 - train_loss 0.4713 train_acc 0.7819 - val_loss 2.0938 val_acc 0.4160 val_macro_f1 0.4017
Epoch 14/40 - train_loss 0.4341 train_acc 0.8014 - val_loss 2.1487 val_acc 0.4036 val_macro_f1 0.3938
Epoch 15/40 - train_loss 0.4225 train_acc 0.8071 - val_loss 2.2172 val_acc 0.4032 val_macro_f1 0.3927
Epoch 16/40 - train_loss 0.4180 train_acc 0.8125 - val_loss 2.1844 val_acc 0.4106 val_macro_f1 0.4001
Epoch 17/40 - train_loss 0.3824 train_acc 0.8268 - val_loss 2.1951 val_acc 0.4042 val_macro_f1 0.3960
Epoch 18/40 - train_loss 0.3751 train_acc 0.8288 - val_loss 2.1650 val_acc 0.4110 val_macro_f1 0.4046
Epoch 19/40 - train_loss 0.3734 train_acc 0.8334 - val_loss 2.2907 val_acc 0.4123 val_macro_f1 0.4029
Early stopping at epoch 19 (no val_macro_f1 improvement for 7 epochs)
restoring best checkpoint from epoch 12 (selected by val_macro_f1)

--- mobilenetv2_v3go2_f1_init-mobilenetv2_ADvsCN SLICE LEVEL ---
              precision    recall  f1-score   support

          CN       0.50      0.44      0.47       768
          AD       0.40      0.36      0.38       512
        EMCI       0.42      0.45      0.43      1088
        LMCI       0.30      0.33      0.31       608

    accuracy                           0.41      2976
   macro avg       0.40      0.39      0.40      2976
weighted avg       0.41      0.41      0.41      2976

slice confusion matrix (rows=true, cols=pred) ['CN', 'AD', 'EMCI', 'LMCI']:
[[339  31 293 105]
 [ 91 182 141  98]
 [216 109 489 274]
 [ 33 133 242 200]]

--- mobilenetv2_v3go2_f1_init-mobilenetv2_ADvsCN SUBJECT LEVEL (hard majority vote) ---
              precision    recall  f1-score   support

          CN       0.55      0.46      0.50        24
          AD       0.44      0.44      0.44        16
        EMCI       0.44      0.50      0.47        34
        LMCI       0.33      0.32      0.32        19

    accuracy                           0.44        93
   macro avg       0.44      0.43      0.43        93
weighted avg       0.44      0.44      0.44        93


--- mobilenetv2_v3go2_f1_init-mobilenetv2_ADvsCN SUBJECT LEVEL (soft vote) ---
              precision    recall  f1-score   support

          CN       0.50      0.46      0.48        24
          AD       0.40      0.38      0.39        16
        EMCI       0.43      0.47      0.45        34
        LMCI       0.37      0.37      0.37        19

    accuracy                           0.43        93
   macro avg       0.43      0.42      0.42        93
weighted avg       0.43      0.43      0.43        93

soft-vote confusion matrix (rows=true, cols=pred) ['CN', 'AD', 'EMCI', 'LMCI']:
[[11  1  9  3]
 [ 4  6  5  1]
 [ 7  3 16  8]
 [ 0  5  7  7]]

=== mobilenetv2_v3go2_f1_init-mobilenetv2_ADvsCN SUMMARY ===
{
  "arch": "mobilenetv2",
  "mode": "v3go2",
  "n_params": 2228996,
  "select_by": "val_macro_f1",
  "best_epoch": 12,
  "init_from": "mobilenetv2_ADvsCN.pt",
  "epochs_run": 19,
  "train_minutes": 18.5,
  "slice_level_accuracy": 0.40658602150537637,
  "slice_level_macro_f1": 0.39758737133323796,
  "subject_level_accuracy": 0.44086021505376344,
  "subject_level_macro_f1": 0.43189443724546467,
  "subject_level_accuracy_softvote": 0.43010752688172044,
  "subject_level_macro_f1_softvote": 0.4211207304356144
}
=== mobilenetv2_v3go2_f1_init-mobilenetv2_ADvsCN DONE in 18.5 min ===

