===== mobilenetv2_v3go2hi_f1_init-mobilenetv2_ADvsCN on cuda (manifest: manifest_v3_go2_hires.csv, checkpoint selected by val_macro_f1) =====
initialised 312/314 tensors from mobilenetv2_ADvsCN.pt; 2 skipped (shape mismatch = classifier head): ['classifier.1.weight', 'classifier.1.bias']
mobilenetv2: 2,228,996 params, in_channels=3, mode=v3go2hi
Epoch  1/40 - train_loss 1.2538 train_acc 0.3785 - val_loss 1.3234 val_acc 0.3606 val_macro_f1 0.2904
Epoch  2/40 - train_loss 1.1882 train_acc 0.4360 - val_loss 1.4040 val_acc 0.3236 val_macro_f1 0.2944
Epoch  3/40 - train_loss 1.1419 train_acc 0.4533 - val_loss 1.3667 val_acc 0.4073 val_macro_f1 0.3655
Epoch  4/40 - train_loss 1.1042 train_acc 0.4795 - val_loss 1.4941 val_acc 0.3065 val_macro_f1 0.2750
Epoch  5/40 - train_loss 0.9885 train_acc 0.5310 - val_loss 1.4361 val_acc 0.3787 val_macro_f1 0.3773
Epoch  6/40 - train_loss 0.9233 train_acc 0.5686 - val_loss 1.7665 val_acc 0.2927 val_macro_f1 0.2828
Epoch  7/40 - train_loss 0.8647 train_acc 0.5964 - val_loss 1.8591 val_acc 0.3417 val_macro_f1 0.3417
Epoch  8/40 - train_loss 0.7433 train_acc 0.6496 - val_loss 1.5982 val_acc 0.4177 val_macro_f1 0.4050
Epoch  9/40 - train_loss 0.6916 train_acc 0.6783 - val_loss 1.8205 val_acc 0.4089 val_macro_f1 0.4022
Epoch 10/40 - train_loss 0.6385 train_acc 0.6994 - val_loss 1.7581 val_acc 0.3952 val_macro_f1 0.3832
Epoch 11/40 - train_loss 0.5586 train_acc 0.7415 - val_loss 1.9950 val_acc 0.3854 val_macro_f1 0.3847
Epoch 12/40 - train_loss 0.5193 train_acc 0.7630 - val_loss 2.0029 val_acc 0.3898 val_macro_f1 0.3816
Epoch 13/40 - train_loss 0.4954 train_acc 0.7719 - val_loss 2.0338 val_acc 0.4039 val_macro_f1 0.3939
Epoch 14/40 - train_loss 0.4592 train_acc 0.7954 - val_loss 2.1400 val_acc 0.3965 val_macro_f1 0.3931
Epoch 15/40 - train_loss 0.4339 train_acc 0.8070 - val_loss 2.1221 val_acc 0.4042 val_macro_f1 0.3977
Early stopping at epoch 15 (no val_macro_f1 improvement for 7 epochs)
restoring best checkpoint from epoch 8 (selected by val_macro_f1)

--- mobilenetv2_v3go2hi_f1_init-mobilenetv2_ADvsCN SLICE LEVEL ---
              precision    recall  f1-score   support

          CN       0.52      0.45      0.48       768
          AD       0.34      0.38      0.36       512
        EMCI       0.37      0.39      0.38      1088
        LMCI       0.23      0.23      0.23       608

    accuracy                           0.37      2976
   macro avg       0.36      0.36      0.36      2976
weighted avg       0.37      0.37      0.37      2976

slice confusion matrix (rows=true, cols=pred) ['CN', 'AD', 'EMCI', 'LMCI']:
[[342  26 320  80]
 [ 82 192 116 122]
 [224 165 423 276]
 [  8 186 275 139]]

--- mobilenetv2_v3go2hi_f1_init-mobilenetv2_ADvsCN SUBJECT LEVEL (hard majority vote) ---
              precision    recall  f1-score   support

          CN       0.48      0.46      0.47        24
          AD       0.33      0.31      0.32        16
        EMCI       0.35      0.38      0.37        34
        LMCI       0.28      0.26      0.27        19

    accuracy                           0.37        93
   macro avg       0.36      0.35      0.36        93
weighted avg       0.37      0.37      0.37        93


--- mobilenetv2_v3go2hi_f1_init-mobilenetv2_ADvsCN SUBJECT LEVEL (soft vote) ---
              precision    recall  f1-score   support

          CN       0.50      0.46      0.48        24
          AD       0.38      0.38      0.38        16
        EMCI       0.33      0.32      0.33        34
        LMCI       0.27      0.32      0.29        19

    accuracy                           0.37        93
   macro avg       0.37      0.37      0.37        93
weighted avg       0.37      0.37      0.37        93

soft-vote confusion matrix (rows=true, cols=pred) ['CN', 'AD', 'EMCI', 'LMCI']:
[[11  1 11  1]
 [ 2  6  3  5]
 [ 9  4 11 10]
 [ 0  5  8  6]]

=== mobilenetv2_v3go2hi_f1_init-mobilenetv2_ADvsCN SUMMARY ===
{
  "arch": "mobilenetv2",
  "mode": "v3go2hi",
  "n_params": 2228996,
  "select_by": "val_macro_f1",
  "best_epoch": 8,
  "init_from": "mobilenetv2_ADvsCN.pt",
  "epochs_run": 15,
  "train_minutes": 14.4,
  "slice_level_accuracy": 0.3682795698924731,
  "slice_level_macro_f1": 0.360810142491855,
  "subject_level_accuracy": 0.3655913978494624,
  "subject_level_macro_f1": 0.3567833012282827,
  "subject_level_accuracy_softvote": 0.3655913978494624,
  "subject_level_macro_f1_softvote": 0.3685755013374274
}
=== mobilenetv2_v3go2hi_f1_init-mobilenetv2_ADvsCN DONE in 14.4 min ===

