===== LEAKAGE PROOF (mobilenetv2) =====
SEEN subjects   : 352  (slices split across train and test -> LEAKED)
UNSEEN subjects : 87 (never trained on -> stands in for new patients)
train slices 7930, val 1081, test-seen 2253, test-unseen 2784
subjects in BOTH train and test-seen: 351 <- the leak
subjects in BOTH train and test-unseen: 0 <- must be 0

Epoch  1/30 - train_loss 0.9378 train_acc 0.4762 - val_loss 0.9750 val_acc 0.4653
Epoch  2/30 - train_loss 0.7921 train_acc 0.5427 - val_loss 0.6834 val_acc 0.6105
Epoch  3/30 - train_loss 0.7356 train_acc 0.5861 - val_loss 1.1514 val_acc 0.5079
Epoch  4/30 - train_loss 0.6780 train_acc 0.6103 - val_loss 1.7459 val_acc 0.4274
Epoch  5/30 - train_loss 0.6525 train_acc 0.6285 - val_loss 2.5219 val_acc 0.3904
Epoch  6/30 - train_loss 0.5915 train_acc 0.6694 - val_loss 0.6083 val_acc 0.6475
Epoch  7/30 - train_loss 0.5681 train_acc 0.6905 - val_loss 0.8647 val_acc 0.6050
Epoch  8/30 - train_loss 0.5453 train_acc 0.7047 - val_loss 0.6988 val_acc 0.6466
Epoch  9/30 - train_loss 0.5407 train_acc 0.7117 - val_loss 1.3747 val_acc 0.5097
Epoch 10/30 - train_loss 0.4643 train_acc 0.7617 - val_loss 0.6123 val_acc 0.6809
Epoch 11/30 - train_loss 0.4425 train_acc 0.7770 - val_loss 0.8848 val_acc 0.6281
Epoch 12/30 - train_loss 0.4216 train_acc 0.7932 - val_loss 0.7226 val_acc 0.7132
Epoch 13/30 - train_loss 0.3513 train_acc 0.8348 - val_loss 0.3852 val_acc 0.8150
Epoch 14/30 - train_loss 0.3390 train_acc 0.8372 - val_loss 0.4458 val_acc 0.7632
Epoch 15/30 - train_loss 0.3160 train_acc 0.8504 - val_loss 0.3103 val_acc 0.8566
Epoch 16/30 - train_loss 0.2987 train_acc 0.8581 - val_loss 0.2528 val_acc 0.8742
Epoch 17/30 - train_loss 0.2815 train_acc 0.8712 - val_loss 0.2618 val_acc 0.8723
Epoch 18/30 - train_loss 0.2587 train_acc 0.8855 - val_loss 0.2874 val_acc 0.8631
Epoch 19/30 - train_loss 0.2363 train_acc 0.8923 - val_loss 0.2119 val_acc 0.9084
Epoch 20/30 - train_loss 0.2333 train_acc 0.9000 - val_loss 0.2610 val_acc 0.8834
Epoch 21/30 - train_loss 0.2032 train_acc 0.9120 - val_loss 0.3083 val_acc 0.8529
Epoch 22/30 - train_loss 0.2010 train_acc 0.9108 - val_loss 0.2900 val_acc 0.8520
Epoch 23/30 - train_loss 0.1613 train_acc 0.9353 - val_loss 0.1479 val_acc 0.9352
Epoch 24/30 - train_loss 0.1550 train_acc 0.9371 - val_loss 0.1332 val_acc 0.9436
Epoch 25/30 - train_loss 0.1504 train_acc 0.9358 - val_loss 0.1085 val_acc 0.9593
Epoch 26/30 - train_loss 0.1350 train_acc 0.9443 - val_loss 0.0884 val_acc 0.9648
Epoch 27/30 - train_loss 0.1227 train_acc 0.9483 - val_loss 0.0883 val_acc 0.9648
Epoch 28/30 - train_loss 0.1254 train_acc 0.9496 - val_loss 0.0856 val_acc 0.9667
Epoch 29/30 - train_loss 0.1171 train_acc 0.9497 - val_loss 0.0862 val_acc 0.9658
Epoch 30/30 - train_loss 0.1118 train_acc 0.9533 - val_loss 0.0739 val_acc 0.9713

----- SEEN (leaked) -----
              precision    recall  f1-score   support

          CN       0.99      0.98      0.99       500
          AD       0.98      0.99      0.98       413
        EMCI       0.96      0.97      0.96       701
        LMCI       0.97      0.95      0.96       639

    accuracy                           0.97      2253
   macro avg       0.97      0.97      0.97      2253
weighted avg       0.97      0.97      0.97      2253

slice 97.2% | subject 100.0% on 351 subjects

----- UNSEEN (new patients) -----
              precision    recall  f1-score   support

          CN       0.71      0.64      0.68       608
          AD       0.59      0.66      0.63       480
        EMCI       0.58      0.68      0.63       896
        LMCI       0.56      0.45      0.50       800

    accuracy                           0.60      2784
   macro avg       0.61      0.61      0.61      2784
weighted avg       0.60      0.60      0.60      2784

slice 60.3% | subject 60.9% on 87 subjects


=================== THE ANSWER ===================
Same model, same weights, evaluated twice:
  on people it trained on (leaked)  : 97.2%
  on people it has never seen       : 60.3%
  -> leakage is worth +36.9 accuracy points of pure illusion

So a leaky model absolutely still predicts -- it just only works on people already in
its training set. A real patient has never been in the training set, so the honest
number is the one on the right. This is why the project splits by subject.

wrote C:\Users\Nikunj\Documents\alzheimer-mri-project\reports\mobilenetv2_leakage_proof.json
