manifest: manifest_v3_masked.csv
===== AD vs CN within ADNI1 (no cohort confound) (custom_cnn) =====
subjects  train 351  val 75  test 75
slices    train 11232  val 2400  test 2400
class balance (test subjects): {'AD': 32, 'CN': 43}
Epoch  1/40 - train_loss 0.6293 train_acc 0.6495 - val_loss 0.9034 val_acc 0.4475 val_macro_f1 0.3459
Epoch  2/40 - train_loss 0.5919 train_acc 0.6842 - val_loss 0.6538 val_acc 0.6796 val_macro_f1 0.6214
Epoch  3/40 - train_loss 0.5761 train_acc 0.7043 - val_loss 0.6297 val_acc 0.6763 val_macro_f1 0.6147
Epoch  4/40 - train_loss 0.5663 train_acc 0.7123 - val_loss 0.9835 val_acc 0.5708 val_macro_f1 0.5488
Epoch  5/40 - train_loss 0.5611 train_acc 0.7247 - val_loss 0.6059 val_acc 0.6975 val_macro_f1 0.6951
Epoch  6/40 - train_loss 0.5525 train_acc 0.7262 - val_loss 1.4954 val_acc 0.5683 val_macro_f1 0.3703
Epoch  7/40 - train_loss 0.5457 train_acc 0.7302 - val_loss 0.6259 val_acc 0.7171 val_macro_f1 0.7112
Epoch  8/40 - train_loss 0.5420 train_acc 0.7336 - val_loss 0.6004 val_acc 0.7058 val_macro_f1 0.6879
Epoch  9/40 - train_loss 0.5373 train_acc 0.7360 - val_loss 0.6295 val_acc 0.6171 val_macro_f1 0.4964
Epoch 10/40 - train_loss 0.5289 train_acc 0.7416 - val_loss 0.5777 val_acc 0.7254 val_macro_f1 0.7140
Epoch 11/40 - train_loss 0.5253 train_acc 0.7438 - val_loss 0.6009 val_acc 0.7346 val_macro_f1 0.7240
Epoch 12/40 - train_loss 0.5139 train_acc 0.7512 - val_loss 0.6118 val_acc 0.6892 val_macro_f1 0.6522
Epoch 13/40 - train_loss 0.5152 train_acc 0.7558 - val_loss 0.6545 val_acc 0.6562 val_macro_f1 0.5743
Epoch 14/40 - train_loss 0.4832 train_acc 0.7668 - val_loss 0.6366 val_acc 0.6600 val_macro_f1 0.5968
Epoch 15/40 - train_loss 0.4790 train_acc 0.7723 - val_loss 0.6856 val_acc 0.6567 val_macro_f1 0.5919
Epoch 16/40 - train_loss 0.4697 train_acc 0.7761 - val_loss 0.7264 val_acc 0.6746 val_macro_f1 0.6739
Epoch 17/40 - train_loss 0.4565 train_acc 0.7853 - val_loss 0.6255 val_acc 0.7221 val_macro_f1 0.7084
Early stopping at epoch 17 (no val_loss improvement for 7 epochs)
restoring best checkpoint from epoch 10 (selected by val_loss)

threshold chosen on validation: 0.435 (Youden's J = 0.572); default 0.5 would have been used otherwise

trained 17 epochs in 18.1 min

===== SUBJECT LEVEL, AD vs CN =====
              precision    recall  f1-score   support

          CN       0.85      0.79      0.82        43
          AD       0.74      0.81      0.78        32

    accuracy                           0.80        75
   macro avg       0.80      0.80      0.80        75
weighted avg       0.80      0.80      0.80        75

confusion matrix (rows=true, cols=pred) ['CN', 'AD']:
[[34  9]
 [ 6 26]]

accuracy    80.0%  (60/75)   95% CI [69.6%, 87.5%]
majority baseline 57.3%  <- must be beaten to mean anything
ROC AUC     0.888   95% CI [0.807, 0.969]   (0.5 = no signal; robust to the class imbalance)
            ^ interval excludes 0.5 -> genuine ranking signal
verdict: REAL SIGNAL - significantly above the trivial baseline

{
  "task": "AD vs CN within ADNI1 (no cohort confound)",
  "arch": "custom_cnn",
  "manifest": "manifest_v3_masked.csv",
  "n_test_subjects": 75,
  "accuracy": 0.8,
  "accuracy_95CI": [
    0.6958850544883829,
    0.8748796179687971
  ],
  "decision_threshold": 0.4350999891757965,
  "accuracy_at_default_0.5": 0.76,
  "majority_baseline": 0.5733333333333334,
  "roc_auc": 0.8880813953488371,
  "roc_auc_95CI": [
    0.8066859249800968,
    0.9694768657175774
  ],
  "verdict": "REAL SIGNAL - significantly above the trivial baseline",
  "macro_f1": 0.7976982557094048,
  "epochs_run": 17,
  "train_minutes": 18.1
}
