===== custom_cnn_v3go2_f1_init-ssl_encoder on cuda (manifest: manifest_v3_go2.csv, checkpoint selected by val_macro_f1) =====
initialised 56/60 tensors from ssl_encoder.pt; 0 skipped (shape mismatch = classifier head): []
custom_cnn: 1,207,012 params, in_channels=1, mode=v3go2
Epoch  1/40 - train_loss 1.3137 train_acc 0.3743 - val_loss 1.8725 val_acc 0.2161 val_macro_f1 0.1399
Epoch  2/40 - train_loss 1.2699 train_acc 0.4078 - val_loss 1.2641 val_acc 0.3481 val_macro_f1 0.3552
Epoch  3/40 - train_loss 1.2496 train_acc 0.4248 - val_loss 2.1108 val_acc 0.1895 val_macro_f1 0.1082
Epoch  4/40 - train_loss 1.2286 train_acc 0.4374 - val_loss 1.3781 val_acc 0.3810 val_macro_f1 0.2866
Epoch  5/40 - train_loss 1.2135 train_acc 0.4466 - val_loss 1.2112 val_acc 0.4936 val_macro_f1 0.4174
Epoch  6/40 - train_loss 1.1940 train_acc 0.4536 - val_loss 1.3723 val_acc 0.3968 val_macro_f1 0.3057
Epoch  7/40 - train_loss 1.1796 train_acc 0.4546 - val_loss 1.4398 val_acc 0.2789 val_macro_f1 0.2751
Epoch  8/40 - train_loss 1.1625 train_acc 0.4711 - val_loss 1.4734 val_acc 0.2312 val_macro_f1 0.2039
Epoch  9/40 - train_loss 1.1041 train_acc 0.4973 - val_loss 1.6619 val_acc 0.3115 val_macro_f1 0.3150
Epoch 10/40 - train_loss 1.0849 train_acc 0.5061 - val_loss 1.6563 val_acc 0.2903 val_macro_f1 0.2675
Epoch 11/40 - train_loss 1.0586 train_acc 0.5039 - val_loss 1.4891 val_acc 0.4066 val_macro_f1 0.3633
Epoch 12/40 - train_loss 1.0024 train_acc 0.5412 - val_loss 1.5274 val_acc 0.3666 val_macro_f1 0.3480
Early stopping at epoch 12 (no val_macro_f1 improvement for 7 epochs)
restoring best checkpoint from epoch 5 (selected by val_macro_f1)

--- custom_cnn_v3go2_f1_init-ssl_encoder SLICE LEVEL ---
              precision    recall  f1-score   support

          CN       0.47      0.26      0.33       768
          AD       0.57      0.16      0.25       512
        EMCI       0.41      0.67      0.51      1088
        LMCI       0.41      0.41      0.41       608

    accuracy                           0.42      2976
   macro avg       0.46      0.38      0.38      2976
weighted avg       0.45      0.42      0.40      2976

slice confusion matrix (rows=true, cols=pred) ['CN', 'AD', 'EMCI', 'LMCI']:
[[199   4 518  47]
 [ 94  84 206 128]
 [118  58 732 180]
 [ 10   2 348 248]]

--- custom_cnn_v3go2_f1_init-ssl_encoder SUBJECT LEVEL (hard majority vote) ---
              precision    recall  f1-score   support

          CN       0.50      0.29      0.37        24
          AD       0.67      0.25      0.36        16
        EMCI       0.40      0.68      0.51        34
        LMCI       0.50      0.42      0.46        19

    accuracy                           0.45        93
   macro avg       0.52      0.41      0.42        93
weighted avg       0.49      0.45      0.44        93


--- custom_cnn_v3go2_f1_init-ssl_encoder SUBJECT LEVEL (soft vote) ---
              precision    recall  f1-score   support

          CN       0.50      0.25      0.33        24
          AD       0.67      0.25      0.36        16
        EMCI       0.41      0.71      0.52        34
        LMCI       0.44      0.37      0.40        19

    accuracy                           0.44        93
   macro avg       0.50      0.39      0.40        93
weighted avg       0.48      0.44      0.42        93

soft-vote confusion matrix (rows=true, cols=pred) ['CN', 'AD', 'EMCI', 'LMCI']:
[[ 6  0 18  0]
 [ 3  4  6  3]
 [ 2  2 24  6]
 [ 1  0 11  7]]

=== custom_cnn_v3go2_f1_init-ssl_encoder SUMMARY ===
{
  "arch": "custom_cnn",
  "mode": "v3go2",
  "n_params": 1207012,
  "select_by": "val_macro_f1",
  "best_epoch": 5,
  "init_from": "ssl_encoder.pt",
  "epochs_run": 12,
  "train_minutes": 14.8,
  "slice_level_accuracy": 0.42439516129032256,
  "slice_level_macro_f1": 0.3762708632175136,
  "subject_level_accuracy": 0.45161290322580644,
  "subject_level_macro_f1": 0.42367369472632627,
  "subject_level_accuracy_softvote": 0.44086021505376344,
  "subject_level_macro_f1_softvote": 0.4032746823069404
}
=== custom_cnn_v3go2_f1_init-ssl_encoder DONE in 14.8 min ===

