pretraining slices : 19104 (597 subjects, labels unused)
held-out for loss  : 4096 (128 subjects)
by era: {'ADNI1': 5280, 'GO2': 13824}
autoencoder: 1,570,945 params (encoder 1,173,600)
Epoch  1/25 - train 0.0868  val 0.0675  <- best, saving encoder
Epoch  2/25 - train 0.0599  val 0.0599  <- best, saving encoder
Epoch  3/25 - train 0.0545  val 0.0526  <- best, saving encoder
Epoch  4/25 - train 0.0514  val 0.0518  <- best, saving encoder
Epoch  5/25 - train 0.0492  val 0.0477  <- best, saving encoder
Epoch  6/25 - train 0.0476  val 0.0451  <- best, saving encoder
Epoch  7/25 - train 0.0462  val 0.0432  <- best, saving encoder
Epoch  8/25 - train 0.0453  val 0.0444
Epoch  9/25 - train 0.0443  val 0.0435
Epoch 10/25 - train 0.0434  val 0.0410  <- best, saving encoder
Epoch 11/25 - train 0.0424  val 0.0414
Epoch 12/25 - train 0.0420  val 0.0397  <- best, saving encoder
Epoch 13/25 - train 0.0411  val 0.0393  <- best, saving encoder
Epoch 14/25 - train 0.0408  val 0.0385  <- best, saving encoder
Epoch 15/25 - train 0.0401  val 0.0387
Epoch 16/25 - train 0.0396  val 0.0375  <- best, saving encoder
Epoch 17/25 - train 0.0392  val 0.0372  <- best, saving encoder
Epoch 18/25 - train 0.0387  val 0.0370  <- best, saving encoder
Epoch 19/25 - train 0.0382  val 0.0357  <- best, saving encoder
Epoch 20/25 - train 0.0378  val 0.0358
Epoch 21/25 - train 0.0375  val 0.0350  <- best, saving encoder
Epoch 22/25 - train 0.0371  val 0.0349  <- best, saving encoder
Epoch 23/25 - train 0.0368  val 0.0345  <- best, saving encoder
Epoch 24/25 - train 0.0369  val 0.0344  <- best, saving encoder
Epoch 25/25 - train 0.0366  val 0.0344  <- best, saving encoder

done in 105.7 min. best masked-reconstruction val MSE 0.0344
encoder -> C:\Users\Nikunj\Documents\alzheimer-mri-project\models\checkpoints\ssl_encoder.pt
wrote C:\Users\Nikunj\Documents\alzheimer-mri-project\reports\figures\ssl_reconstruction.png
