===== custom_cnn_v3go2hi_f1_init-ssl_encoder on cuda (manifest: manifest_v3_go2_hires.csv, checkpoint selected by val_macro_f1) =====
initialised 56/60 tensors from ssl_encoder.pt; 0 skipped (shape mismatch = classifier head): []
custom_cnn: 1,207,012 params, in_channels=1, mode=v3go2hi
Epoch  1/40 - train_loss 1.3062 train_acc 0.3861 - val_loss 1.3801 val_acc 0.3236 val_macro_f1 0.1958
Epoch  2/40 - train_loss 1.2556 train_acc 0.4183 - val_loss 1.2090 val_acc 0.4167 val_macro_f1 0.3938
Epoch  3/40 - train_loss 1.2358 train_acc 0.4409 - val_loss 4.1682 val_acc 0.1720 val_macro_f1 0.0734
Epoch  4/40 - train_loss 1.2172 train_acc 0.4498 - val_loss 2.1069 val_acc 0.1949 val_macro_f1 0.1277
Epoch  5/40 - train_loss 1.2037 train_acc 0.4465 - val_loss 1.6152 val_acc 0.2560 val_macro_f1 0.2314
Epoch  6/40 - train_loss 1.1657 train_acc 0.4693 - val_loss 1.4259 val_acc 0.3468 val_macro_f1 0.2921
Epoch  7/40 - train_loss 1.1478 train_acc 0.4785 - val_loss 1.8508 val_acc 0.2238 val_macro_f1 0.1795
Epoch  8/40 - train_loss 1.1296 train_acc 0.4850 - val_loss 1.4427 val_acc 0.3162 val_macro_f1 0.3036
Epoch  9/40 - train_loss 1.0865 train_acc 0.5045 - val_loss 1.4448 val_acc 0.3498 val_macro_f1 0.3495
Early stopping at epoch 9 (no val_macro_f1 improvement for 7 epochs)
restoring best checkpoint from epoch 2 (selected by val_macro_f1)

--- custom_cnn_v3go2hi_f1_init-ssl_encoder SLICE LEVEL ---
              precision    recall  f1-score   support

          CN       0.52      0.15      0.23       768
          AD       0.77      0.20      0.31       512
        EMCI       0.39      0.43      0.41      1088
        LMCI       0.33      0.78      0.46       608

    accuracy                           0.39      2976
   macro avg       0.50      0.39      0.35      2976
weighted avg       0.48      0.39      0.36      2976

slice confusion matrix (rows=true, cols=pred) ['CN', 'AD', 'EMCI', 'LMCI']:
[[115   5 485 163]
 [ 46 100 103 263]
 [ 59  25 464 540]
 [  0   0 136 472]]

--- custom_cnn_v3go2hi_f1_init-ssl_encoder SUBJECT LEVEL (hard majority vote) ---
              precision    recall  f1-score   support

          CN       0.67      0.17      0.27        24
          AD       1.00      0.25      0.40        16
        EMCI       0.41      0.44      0.42        34
        LMCI       0.35      0.84      0.49        19

    accuracy                           0.42        93
   macro avg       0.60      0.42      0.40        93
weighted avg       0.56      0.42      0.39        93


--- custom_cnn_v3go2hi_f1_init-ssl_encoder SUBJECT LEVEL (soft vote) ---
              precision    recall  f1-score   support

          CN       0.50      0.12      0.20        24
          AD       1.00      0.25      0.40        16
        EMCI       0.41      0.44      0.42        34
        LMCI       0.33      0.79      0.46        19

    accuracy                           0.40        93
   macro avg       0.56      0.40      0.37        93
weighted avg       0.52      0.40      0.37        93

soft-vote confusion matrix (rows=true, cols=pred) ['CN', 'AD', 'EMCI', 'LMCI']:
[[ 3  0 15  6]
 [ 2  4  3  7]
 [ 1  0 15 18]
 [ 0  0  4 15]]

=== custom_cnn_v3go2hi_f1_init-ssl_encoder SUMMARY ===
{
  "arch": "custom_cnn",
  "mode": "v3go2hi",
  "n_params": 1207012,
  "select_by": "val_macro_f1",
  "best_epoch": 2,
  "init_from": "ssl_encoder.pt",
  "epochs_run": 9,
  "train_minutes": 11.1,
  "slice_level_accuracy": 0.38676075268817206,
  "slice_level_macro_f1": 0.3533602352460384,
  "subject_level_accuracy": 0.41935483870967744,
  "subject_level_macro_f1": 0.3953773925604912,
  "subject_level_accuracy_softvote": 0.3978494623655914,
  "subject_level_macro_f1_softvote": 0.3710184182015168
}
=== custom_cnn_v3go2hi_f1_init-ssl_encoder DONE in 11.1 min ===

