===== mobilenetv2_v2 on cuda (manifest: manifest_v2.csv) =====
mobilenetv2: 2,228,996 params, in_channels=3, mode=v2
Epoch  1/40 - train_loss 0.9302 train_acc 0.4901 - val_loss 1.2922 val_acc 0.3731
Epoch  2/40 - train_loss 0.7254 train_acc 0.6043 - val_loss 1.0840 val_acc 0.4474
Epoch  3/40 - train_loss 0.6614 train_acc 0.6333 - val_loss 0.7808 val_acc 0.5526
Epoch  4/40 - train_loss 0.6017 train_acc 0.6663 - val_loss 0.7560 val_acc 0.5772
Epoch  5/40 - train_loss 0.5919 train_acc 0.6727 - val_loss 0.7273 val_acc 0.5393
Epoch  6/40 - train_loss 0.5510 train_acc 0.6975 - val_loss 0.9153 val_acc 0.5526
Epoch  7/40 - train_loss 0.5292 train_acc 0.7160 - val_loss 2.1202 val_acc 0.4205
Epoch  8/40 - train_loss 0.5091 train_acc 0.7283 - val_loss 2.4448 val_acc 0.2779
Epoch  9/40 - train_loss 0.4251 train_acc 0.7798 - val_loss 0.8259 val_acc 0.6023
Epoch 10/40 - train_loss 0.3989 train_acc 0.8002 - val_loss 0.9036 val_acc 0.6141
Epoch 11/40 - train_loss 0.3748 train_acc 0.8124 - val_loss 1.0673 val_acc 0.5923
Epoch 12/40 - train_loss 0.2892 train_acc 0.8566 - val_loss 1.0212 val_acc 0.6013
Early stopping at epoch 12 (no val_loss improvement for 7 epochs)

--- mobilenetv2_v2 SLICE LEVEL ---
              precision    recall  f1-score   support

          CN       0.61      0.49      0.54       480
          AD       0.48      0.62      0.54       352
        EMCI       0.55      0.72      0.62       672
        LMCI       0.51      0.33      0.40       608

    accuracy                           0.54      2112
   macro avg       0.54      0.54      0.53      2112
weighted avg       0.54      0.54      0.53      2112

slice confusion matrix (rows=true, cols=pred) ['CN', 'AD', 'EMCI', 'LMCI']:
[[235 229   0  16]
 [132 217   3   0]
 [ 12   2 485 173]
 [  9   0 400 199]]

--- mobilenetv2_v2 SUBJECT LEVEL (hard majority vote) ---
              precision    recall  f1-score   support

          CN       0.64      0.47      0.54        15
          AD       0.47      0.64      0.54        11
        EMCI       0.55      0.76      0.64        21
        LMCI       0.55      0.32      0.40        19

    accuracy                           0.55        66
   macro avg       0.55      0.55      0.53        66
weighted avg       0.55      0.55      0.53        66


--- mobilenetv2_v2 SUBJECT LEVEL (soft vote) ---
              precision    recall  f1-score   support

          CN       0.70      0.47      0.56        15
          AD       0.50      0.73      0.59        11
        EMCI       0.55      0.76      0.64        21
        LMCI       0.55      0.32      0.40        19

    accuracy                           0.56        66
   macro avg       0.57      0.57      0.55        66
weighted avg       0.57      0.56      0.54        66

soft-vote confusion matrix (rows=true, cols=pred) ['CN', 'AD', 'EMCI', 'LMCI']:
[[ 7  8  0  0]
 [ 3  8  0  0]
 [ 0  0 16  5]
 [ 0  0 13  6]]

=== mobilenetv2_v2 SUMMARY ===
{
  "arch": "mobilenetv2",
  "mode": "v2",
  "n_params": 2228996,
  "epochs_run": 12,
  "train_minutes": 10.9,
  "slice_level_accuracy": 0.5378787878787878,
  "slice_level_macro_f1": 0.5263419799367623,
  "subject_level_accuracy": 0.5454545454545454,
  "subject_level_macro_f1": 0.5292307692307692,
  "subject_level_accuracy_softvote": 0.5606060606060606,
  "subject_level_macro_f1_softvote": 0.5481481481481482
}
=== mobilenetv2_v2 DONE in 10.9 min ===

