===== mobilenetv2_braincrop2d on cuda (manifest: manifest_braincrop.csv) =====
mobilenetv2: 2,228,996 params, in_channels=3, mode=braincrop2d
Epoch  1/40 - train_loss 1.0814 train_acc 0.4362 - val_loss 0.8822 val_acc 0.4702
Epoch  2/40 - train_loss 0.8417 train_acc 0.5407 - val_loss 1.1489 val_acc 0.4825
Epoch  3/40 - train_loss 0.7548 train_acc 0.5807 - val_loss 0.8344 val_acc 0.5161
Epoch  4/40 - train_loss 0.6984 train_acc 0.6162 - val_loss 0.8643 val_acc 0.5204
Epoch  5/40 - train_loss 0.6743 train_acc 0.6304 - val_loss 0.8311 val_acc 0.5327
Epoch  6/40 - train_loss 0.6489 train_acc 0.6518 - val_loss 0.8969 val_acc 0.5009
Epoch  7/40 - train_loss 0.6327 train_acc 0.6596 - val_loss 0.7539 val_acc 0.5616
Epoch  8/40 - train_loss 0.6217 train_acc 0.6678 - val_loss 0.8689 val_acc 0.5900
Epoch  9/40 - train_loss 0.6052 train_acc 0.6753 - val_loss 0.8426 val_acc 0.5672
Epoch 10/40 - train_loss 0.5874 train_acc 0.6941 - val_loss 0.9483 val_acc 0.5398
Epoch 11/40 - train_loss 0.5095 train_acc 0.7343 - val_loss 0.9367 val_acc 0.5601
Epoch 12/40 - train_loss 0.4753 train_acc 0.7570 - val_loss 0.8983 val_acc 0.5705
Epoch 13/40 - train_loss 0.4623 train_acc 0.7678 - val_loss 0.9384 val_acc 0.5890
Epoch 14/40 - train_loss 0.3838 train_acc 0.8062 - val_loss 1.0518 val_acc 0.5521
Early stopping at epoch 14 (no val_loss improvement for 7 epochs)

--- mobilenetv2_braincrop2d SLICE LEVEL ---
              precision    recall  f1-score   support

          CN       0.60      0.46      0.52       480
          AD       0.41      0.44      0.42       352
        EMCI       0.51      0.72      0.59       672
        LMCI       0.43      0.29      0.34       608

    accuracy                           0.49      2112
   macro avg       0.48      0.48      0.47      2112
weighted avg       0.49      0.49      0.48      2112

slice confusion matrix (rows=true, cols=pred) ['CN', 'AD', 'EMCI', 'LMCI']:
[[219 224   6  31]
 [130 155  37  30]
 [ 14   0 482 176]
 [  5   0 427 176]]

--- mobilenetv2_braincrop2d SUBJECT LEVEL (hard majority vote) ---
              precision    recall  f1-score   support

          CN       0.54      0.47      0.50        15
          AD       0.36      0.36      0.36        11
        EMCI       0.55      0.81      0.65        21
        LMCI       0.55      0.32      0.40        19

    accuracy                           0.52        66
   macro avg       0.50      0.49      0.48        66
weighted avg       0.51      0.52      0.50        66


--- mobilenetv2_braincrop2d SUBJECT LEVEL (soft vote) ---
              precision    recall  f1-score   support

          CN       0.58      0.47      0.52        15
          AD       0.42      0.45      0.43        11
        EMCI       0.50      0.71      0.59        21
        LMCI       0.42      0.26      0.32        19

    accuracy                           0.48        66
   macro avg       0.48      0.47      0.47        66
weighted avg       0.48      0.48      0.47        66

soft-vote confusion matrix (rows=true, cols=pred) ['CN', 'AD', 'EMCI', 'LMCI']:
[[ 7  7  0  1]
 [ 5  5  1  0]
 [ 0  0 15  6]
 [ 0  0 14  5]]

=== mobilenetv2_braincrop2d SUMMARY ===
{
  "arch": "mobilenetv2",
  "mode": "braincrop2d",
  "n_params": 2228996,
  "epochs_run": 14,
  "train_minutes": 16.1,
  "slice_level_accuracy": 0.48863636363636365,
  "slice_level_macro_f1": 0.4697355349099957,
  "subject_level_accuracy": 0.5151515151515151,
  "subject_level_macro_f1": 0.47937062937062935,
  "subject_level_accuracy_softvote": 0.48484848484848486,
  "subject_level_macro_f1_softvote": 0.466029266623277
}
=== mobilenetv2_braincrop2d DONE in 16.1 min ===

