===== mobilenetv2_v2crop on cuda (manifest: manifest_v2_braincrop.csv) =====
mobilenetv2: 2,228,996 params, in_channels=3, mode=v2crop
Epoch  1/40 - train_loss 1.0145 train_acc 0.4584 - val_loss 0.8397 val_acc 0.5085
Epoch  2/40 - train_loss 0.7427 train_acc 0.5828 - val_loss 0.8617 val_acc 0.5227
Epoch  3/40 - train_loss 0.6903 train_acc 0.6148 - val_loss 0.7475 val_acc 0.5459
Epoch  4/40 - train_loss 0.6393 train_acc 0.6482 - val_loss 0.7639 val_acc 0.5483
Epoch  5/40 - train_loss 0.6014 train_acc 0.6777 - val_loss 0.9308 val_acc 0.5284
Epoch  6/40 - train_loss 0.5865 train_acc 0.6816 - val_loss 1.3561 val_acc 0.4910
Epoch  7/40 - train_loss 0.5132 train_acc 0.7356 - val_loss 0.9765 val_acc 0.5104
Epoch  8/40 - train_loss 0.4780 train_acc 0.7507 - val_loss 0.9154 val_acc 0.5426
Epoch  9/40 - train_loss 0.4665 train_acc 0.7600 - val_loss 1.1405 val_acc 0.5118
Epoch 10/40 - train_loss 0.3994 train_acc 0.7961 - val_loss 0.9646 val_acc 0.5734
Early stopping at epoch 10 (no val_loss improvement for 7 epochs)

--- mobilenetv2_v2crop SLICE LEVEL ---
              precision    recall  f1-score   support

          CN       0.66      0.81      0.73       480
          AD       0.61      0.33      0.43       352
        EMCI       0.60      0.15      0.24       672
        LMCI       0.47      0.89      0.61       608

    accuracy                           0.54      2112
   macro avg       0.58      0.54      0.50      2112
weighted avg       0.58      0.54      0.49      2112

slice confusion matrix (rows=true, cols=pred) ['CN', 'AD', 'EMCI', 'LMCI']:
[[390  73   0  17]
 [205 115   0  32]
 [  0   0 102 570]
 [  0   1  67 540]]

--- mobilenetv2_v2crop SUBJECT LEVEL (hard majority vote) ---
              precision    recall  f1-score   support

          CN       0.65      0.87      0.74        15
          AD       0.75      0.27      0.40        11
        EMCI       0.67      0.19      0.30        21
        LMCI       0.47      0.89      0.62        19

    accuracy                           0.56        66
   macro avg       0.63      0.56      0.51        66
weighted avg       0.62      0.56      0.51        66


--- mobilenetv2_v2crop SUBJECT LEVEL (soft vote) ---
              precision    recall  f1-score   support

          CN       0.65      0.87      0.74        15
          AD       0.75      0.27      0.40        11
        EMCI       1.00      0.14      0.25        21
        LMCI       0.49      1.00      0.66        19

    accuracy                           0.58        66
   macro avg       0.72      0.57      0.51        66
weighted avg       0.73      0.58      0.50        66

soft-vote confusion matrix (rows=true, cols=pred) ['CN', 'AD', 'EMCI', 'LMCI']:
[[13  1  0  1]
 [ 7  3  0  1]
 [ 0  0  3 18]
 [ 0  0  0 19]]

=== mobilenetv2_v2crop SUMMARY ===
{
  "arch": "mobilenetv2",
  "mode": "v2crop",
  "n_params": 2228996,
  "epochs_run": 10,
  "train_minutes": 13.1,
  "slice_level_accuracy": 0.5430871212121212,
  "slice_level_macro_f1": 0.5011234578589003,
  "subject_level_accuracy": 0.5606060606060606,
  "subject_level_macro_f1": 0.5143338143338143,
  "subject_level_accuracy_softvote": 0.5757575757575758,
  "subject_level_macro_f1_softvote": 0.5120073891625616
}
=== mobilenetv2_v2crop DONE in 13.1 min ===

