===== mobilenetv2_leaky on cuda =====
LEAKY split: 434 test subjects, 434 of them also in train (100.0% overlap). Honest split has 0% by construction.
mobilenetv2: 2,228,996 params, in_channels=3, mode=leaky
Epoch  1/30 - train_loss 0.9342 train_acc 0.4735 - val_loss 1.9688 val_acc 0.3716
Epoch  2/30 - train_loss 0.7879 train_acc 0.5239 - val_loss 0.7793 val_acc 0.5501
Epoch  3/30 - train_loss 0.7195 train_acc 0.5773 - val_loss 0.6635 val_acc 0.6198
Epoch  4/30 - train_loss 0.6832 train_acc 0.5886 - val_loss 0.6980 val_acc 0.6175
Epoch  5/30 - train_loss 0.6574 train_acc 0.6211 - val_loss 0.7617 val_acc 0.6099
Epoch  6/30 - train_loss 0.6621 train_acc 0.6216 - val_loss 1.0173 val_acc 0.5107
Epoch  7/30 - train_loss 0.5903 train_acc 0.6643 - val_loss 0.5758 val_acc 0.6768
Epoch  8/30 - train_loss 0.5717 train_acc 0.6823 - val_loss 0.5521 val_acc 0.7119
Epoch  9/30 - train_loss 0.5488 train_acc 0.6937 - val_loss 1.9176 val_acc 0.3935
Epoch 10/30 - train_loss 0.5391 train_acc 0.7046 - val_loss 0.5694 val_acc 0.6910
Epoch 11/30 - train_loss 0.5179 train_acc 0.7244 - val_loss 0.6908 val_acc 0.6483
Epoch 12/30 - train_loss 0.4579 train_acc 0.7584 - val_loss 0.4820 val_acc 0.7494
Epoch 13/30 - train_loss 0.4160 train_acc 0.7885 - val_loss 0.4653 val_acc 0.7736
Epoch 14/30 - train_loss 0.4110 train_acc 0.7903 - val_loss 0.4243 val_acc 0.8016
Epoch 15/30 - train_loss 0.3801 train_acc 0.8130 - val_loss 0.7797 val_acc 0.6645
Epoch 16/30 - train_loss 0.3642 train_acc 0.8165 - val_loss 0.4082 val_acc 0.7969
Epoch 17/30 - train_loss 0.3338 train_acc 0.8420 - val_loss 0.7333 val_acc 0.7318
Epoch 18/30 - train_loss 0.3126 train_acc 0.8487 - val_loss 0.3660 val_acc 0.8353
Epoch 19/30 - train_loss 0.3004 train_acc 0.8580 - val_loss 0.4749 val_acc 0.7717
Epoch 20/30 - train_loss 0.2852 train_acc 0.8728 - val_loss 0.2781 val_acc 0.8766
Epoch 21/30 - train_loss 0.2641 train_acc 0.8759 - val_loss 0.2476 val_acc 0.8894
Epoch 22/30 - train_loss 0.2524 train_acc 0.8846 - val_loss 0.8163 val_acc 0.7176
Epoch 23/30 - train_loss 0.2446 train_acc 0.8927 - val_loss 0.2739 val_acc 0.8894
Epoch 24/30 - train_loss 0.2239 train_acc 0.8995 - val_loss 0.7072 val_acc 0.7504
Epoch 25/30 - train_loss 0.1725 train_acc 0.9261 - val_loss 0.2760 val_acc 0.9075
Epoch 26/30 - train_loss 0.1489 train_acc 0.9373 - val_loss 0.1231 val_acc 0.9525
Epoch 27/30 - train_loss 0.1406 train_acc 0.9405 - val_loss 0.1527 val_acc 0.9435
Epoch 28/30 - train_loss 0.1340 train_acc 0.9439 - val_loss 0.1372 val_acc 0.9449
Epoch 29/30 - train_loss 0.1246 train_acc 0.9506 - val_loss 0.1720 val_acc 0.9288
Epoch 30/30 - train_loss 0.1042 train_acc 0.9585 - val_loss 0.0862 val_acc 0.9663

--- mobilenetv2_leaky SLICE LEVEL ---
              precision    recall  f1-score   support

          CN       0.98      0.97      0.97       490
          AD       0.95      0.98      0.96       342
        EMCI       0.96      0.96      0.96       678
        LMCI       0.96      0.95      0.96       598

    accuracy                           0.96      2108
   macro avg       0.96      0.96      0.96      2108
weighted avg       0.96      0.96      0.96      2108

slice confusion matrix (rows=true, cols=pred) ['CN', 'AD', 'EMCI', 'LMCI']:
[[473  17   0   0]
 [  8 334   0   0]
 [  0   0 653  25]
 [  0   0  27 571]]

=== mobilenetv2_leaky SUMMARY ===
{
  "arch": "mobilenetv2",
  "mode": "leaky",
  "n_params": 2228996,
  "epochs_run": 30,
  "train_minutes": 32.9,
  "slice_level_accuracy": 0.963472485768501,
  "slice_level_macro_f1": 0.9640839042276779,
  "WARNING": "INVALID FOR REPORTING. Slice-wise split leaks the same subject into train and test; this number largely reflects subject re-identification, not diagnostic accuracy."
}
=== mobilenetv2_leaky DONE in 32.9 min ===

