===== mobilenetv2_crossera_adni1_to_go2_masked on cuda (checkpoint selected by val_loss) =====
train/val cohort: ADNI1     test cohort: GO2
subjects  train 200  val 35  test 266
test-cohort class balance: {'AD': 108, 'CN': 158}
train/test subject overlap: 0 (must be 0)
Epoch  1/40 - train_loss 0.6896 train_acc 0.5556 - val_loss 0.5626 val_acc 0.6937 val_macro_f1 0.6857
Epoch  2/40 - train_loss 0.6378 train_acc 0.6262 - val_loss 0.6966 val_acc 0.5589 val_macro_f1 0.5186
Epoch  3/40 - train_loss 0.6066 train_acc 0.6567 - val_loss 0.6603 val_acc 0.6205 val_macro_f1 0.6027
Epoch  4/40 - train_loss 0.5904 train_acc 0.6764 - val_loss 0.5190 val_acc 0.7679 val_macro_f1 0.7675
Epoch  5/40 - train_loss 0.5595 train_acc 0.7097 - val_loss 0.5539 val_acc 0.6937 val_macro_f1 0.6933
Epoch  6/40 - train_loss 0.5159 train_acc 0.7384 - val_loss 0.4851 val_acc 0.7616 val_macro_f1 0.7586
Epoch  7/40 - train_loss 0.5043 train_acc 0.7536 - val_loss 0.6786 val_acc 0.6464 val_macro_f1 0.6410
Epoch  8/40 - train_loss 0.4667 train_acc 0.7756 - val_loss 0.7163 val_acc 0.6795 val_macro_f1 0.6750
Epoch  9/40 - train_loss 0.4404 train_acc 0.7895 - val_loss 0.6693 val_acc 0.6839 val_macro_f1 0.6816
Epoch 10/40 - train_loss 0.3689 train_acc 0.8297 - val_loss 0.5599 val_acc 0.7321 val_macro_f1 0.7319
Epoch 11/40 - train_loss 0.3573 train_acc 0.8398 - val_loss 0.4963 val_acc 0.7670 val_macro_f1 0.7669
Epoch 12/40 - train_loss 0.3293 train_acc 0.8559 - val_loss 0.7421 val_acc 0.6357 val_macro_f1 0.6347
Epoch 13/40 - train_loss 0.2744 train_acc 0.8772 - val_loss 0.6163 val_acc 0.7304 val_macro_f1 0.7301
Early stopping at epoch 13 (no val_loss improvement for 7 epochs)
restoring best checkpoint from epoch 6 (selected by val_loss)

threshold 0.394 chosen on the ADNI1 validation split (Youden's J 0.780) -- the test cohort was never used for this

trained 13 epochs (best epoch 6) in 7.9 min

===== EXTERNAL COHORT (GO2), SUBJECT LEVEL =====
              precision    recall  f1-score   support

          CN       0.71      0.85      0.78       158
          AD       0.70      0.50      0.58       108

    accuracy                           0.71       266
   macro avg       0.71      0.68      0.68       266
weighted avg       0.71      0.71      0.70       266

confusion matrix (rows=true, cols=pred) ['CN', 'AD']:
[[135  23]
 [ 54  54]]

accuracy    71.1%  (189/266)   95% CI [65.3%, 76.2%]
majority baseline 59.4%
ROC AUC     0.744   95% CI [0.682, 0.806]
            ^ interval excludes 0.5 -> the signal TRANSFERS across cohorts
verdict: TRANSFERS - significantly above baseline on a cohort never trained on

{
  "task": "AD vs CN, trained on ADNI1, tested on GO2 (external cohort, zero subject overlap)",
  "arch": "mobilenetv2",
  "direction": "adni1->go2",
  "select_by": "val_loss",
  "train_cohort": "ADNI1",
  "test_cohort": "GO2",
  "n_train_subjects": 200,
  "n_val_subjects": 35,
  "n_test_subjects": 266,
  "accuracy": 0.7105263157894737,
  "accuracy_95CI": [
    0.6533338868973729,
    0.761724428795982
  ],
  "majority_baseline": 0.5939849624060151,
  "roc_auc": 0.744198312236287,
  "roc_auc_95CI": [
    0.6821673985264035,
    0.8062292259461704
  ],
  "decision_threshold": 0.39419999718666077,
  "verdict": "TRANSFERS - significantly above baseline on a cohort never trained on",
  "macro_f1": 0.6809408832463588,
  "epochs_run": 13,
  "best_epoch": 6,
  "train_minutes": 7.9
}
