[11:35:45] phase2 driver pid 33504
[12:05:45] still waiting for run_remaining.py (30 min)
[12:30:45] proceeding after 55 min (previous driver finished: True)
[12:30:45] START mobilenetv2_braincrop
[12:47:36] OK    mobilenetv2_braincrop in 16.8 min
[12:47:36] START gradcam_braincrop
[12:47:48] OK    gradcam_braincrop in 0.2 min
[12:47:48] START leakage_proof
[13:22:22] OK    leakage_proof in 34.6 min
[13:22:22] START mobilenetv2_masked
[13:39:30] OK    mobilenetv2_masked in 17.1 min
[13:39:30] START custom_cnn_braincrop
[14:02:47] OK    custom_cnn_braincrop in 23.3 min
[14:02:47] START efficientnet_b0_braincrop
[14:17:14] OK    efficientnet_b0_braincrop in 14.5 min
[14:17:14] START final_eval
[14:18:50] OK    final_eval in 1.6 min
[14:18:50] START within_era
[14:18:51] OK    within_era in 0.0 min
[14:18:51] PHASE2 COMPLETE
