device: cuda  epochs: 20  batch_size: 8
subjects  train 351  val 75  test 75
class weights (CN, AD): [0.8660969138145447, 1.1339031457901]
Epoch  1/20 - train_loss 0.7082 train_acc 0.5014 - val_loss 0.6958 val_acc 0.5733 val_macro_f1 0.3644
Epoch  2/20 - train_loss 0.6939 train_acc 0.5698 - val_loss 0.6960 val_acc 0.5733 val_macro_f1 0.3644
Epoch  3/20 - train_loss 0.7122 train_acc 0.5014 - val_loss 0.6966 val_acc 0.5200 val_macro_f1 0.3864
Epoch  4/20 - train_loss 0.7104 train_acc 0.4900 - val_loss 0.7011 val_acc 0.5733 val_macro_f1 0.3644
Epoch  5/20 - train_loss 0.6983 train_acc 0.5470 - val_loss 0.6933 val_acc 0.5733 val_macro_f1 0.3644
Epoch  6/20 - train_loss 0.6982 train_acc 0.5641 - val_loss 0.6888 val_acc 0.5733 val_macro_f1 0.3644
Epoch  7/20 - train_loss 0.6917 train_acc 0.5470 - val_loss 0.6833 val_acc 0.5733 val_macro_f1 0.3644
Epoch  8/20 - train_loss 0.6812 train_acc 0.6182 - val_loss 0.6880 val_acc 0.6000 val_macro_f1 0.4295
Epoch  9/20 - train_loss 0.6533 train_acc 0.6581 - val_loss 1.1847 val_acc 0.5733 val_macro_f1 0.3644
Epoch 10/20 - train_loss 0.6291 train_acc 0.6610 - val_loss 0.6460 val_acc 0.5867 val_macro_f1 0.5717
Epoch 11/20 - train_loss 0.6450 train_acc 0.6410 - val_loss 0.6838 val_acc 0.5733 val_macro_f1 0.5441
Epoch 12/20 - train_loss 0.6201 train_acc 0.6610 - val_loss 1.4531 val_acc 0.5733 val_macro_f1 0.3644
Epoch 13/20 - train_loss 0.5955 train_acc 0.7037 - val_loss 0.9195 val_acc 0.4267 val_macro_f1 0.2991
Epoch 14/20 - train_loss 0.5970 train_acc 0.6895 - val_loss 0.6479 val_acc 0.6267 val_macro_f1 0.6151
Epoch 15/20 - train_loss 0.5736 train_acc 0.7009 - val_loss 0.6593 val_acc 0.6267 val_macro_f1 0.6151
Epoch 16/20 - train_loss 0.5511 train_acc 0.7208 - val_loss 0.6139 val_acc 0.6267 val_macro_f1 0.6212
Epoch 17/20 - train_loss 0.5900 train_acc 0.7009 - val_loss 0.5815 val_acc 0.6933 val_macro_f1 0.6853
Epoch 18/20 - train_loss 0.5782 train_acc 0.7236 - val_loss 0.5921 val_acc 0.7200 val_macro_f1 0.7182
Epoch 19/20 - train_loss 0.5731 train_acc 0.7151 - val_loss 0.5849 val_acc 0.7333 val_macro_f1 0.7222
Epoch 20/20 - train_loss 0.5444 train_acc 0.7521 - val_loss 0.6068 val_acc 0.6533 val_macro_f1 0.6483
restoring best checkpoint from epoch 17 (selected by val_loss)

trained 20 epochs in 20.2 min (61 s/epoch)
best_epoch: 17
train_acc at each epoch: [0.501, 0.57, 0.501, 0.49, 0.547, 0.564, 0.547, 0.618, 0.658, 0.661, 0.641, 0.661, 0.704, 0.689, 0.701, 0.721, 0.701, 0.724, 0.715, 0.752]
val_acc   at each epoch: [0.573, 0.573, 0.52, 0.573, 0.573, 0.573, 0.573, 0.6, 0.573, 0.587, 0.573, 0.573, 0.427, 0.627, 0.627, 0.627, 0.693, 0.72, 0.733, 0.653]
val_loss  at each epoch: [0.696, 0.696, 0.697, 0.701, 0.693, 0.689, 0.683, 0.688, 1.185, 0.646, 0.684, 1.453, 0.919, 0.648, 0.659, 0.614, 0.581, 0.592, 0.585, 0.607]

[PILOT ONLY -- not a reportable number, single split, default 0.5 threshold]
test subjects: 75   majority baseline: 57.3%
accuracy @ 0.5: 78.7%   ROC AUC: 0.8852

Go/no-go: proceed to full CV
