[14:59:57] v2 driver pid 24248, 10 jobs
[14:59:57] START v2_braincrop_data
[15:03:42] OK    v2_braincrop_data in 3.8 min
[15:03:42] START mobilenetv2_v2
[15:15:04] OK    mobilenetv2_v2 in 11.4 min
[15:15:04] START gradcam_v2
[15:15:15] OK    gradcam_v2 in 0.2 min
[15:15:15] START ADvsCN_mnet_v2
[15:21:21] OK    ADvsCN_mnet_v2 in 6.1 min
[15:21:21] START ADvsCN_cnn_v2
[15:28:17] OK    ADvsCN_cnn_v2 in 6.9 min
[15:28:17] START custom_cnn_v2
[15:42:33] OK    custom_cnn_v2 in 14.3 min
[15:42:33] START efficientnet_b0_v2
[16:27:32] OK    efficientnet_b0_v2 in 45.0 min
[16:27:32] START mobilenetv2_v2crop
[16:41:26] OK    mobilenetv2_v2crop in 13.9 min
[16:41:26] START gradcam_v2crop
[16:41:42] OK    gradcam_v2crop in 0.3 min
[16:41:42] START ADvsCN_mnet_v2crop
[16:53:06] OK    ADvsCN_mnet_v2crop in 11.4 min
[16:53:06] V2 RUN COMPLETE
