===== mobilenetv2_v3go2 on cuda (manifest: manifest_v3_go2.csv) =====
mobilenetv2: 2,228,996 params, in_channels=3, mode=v3go2
Epoch  1/40 - train_loss 1.3782 train_acc 0.3223 - val_loss 1.5070 val_acc 0.3760
Epoch  2/40 - train_loss 1.2940 train_acc 0.3947 - val_loss 1.6360 val_acc 0.2446
Epoch  3/40 - train_loss 1.2336 train_acc 0.4416 - val_loss 1.6377 val_acc 0.2984
Epoch  4/40 - train_loss 1.2024 train_acc 0.4575 - val_loss 1.2909 val_acc 0.3814
Epoch  5/40 - train_loss 1.1570 train_acc 0.4749 - val_loss 1.3328 val_acc 0.4046
Epoch  6/40 - train_loss 1.1245 train_acc 0.4936 - val_loss 1.7118 val_acc 0.2581
Epoch  7/40 - train_loss 1.0766 train_acc 0.5259 - val_loss 1.6177 val_acc 0.2967
Epoch  8/40 - train_loss 0.9457 train_acc 0.5794 - val_loss 1.5778 val_acc 0.3585
Epoch  9/40 - train_loss 0.8797 train_acc 0.6100 - val_loss 1.7394 val_acc 0.3360
Epoch 10/40 - train_loss 0.7884 train_acc 0.6545 - val_loss 1.7379 val_acc 0.3841
Epoch 11/40 - train_loss 0.6315 train_acc 0.7196 - val_loss 1.6662 val_acc 0.3824
Early stopping at epoch 11 (no val_loss improvement for 7 epochs)

--- mobilenetv2_v3go2 SLICE LEVEL ---
              precision    recall  f1-score   support

          CN       0.56      0.50      0.53       768
          AD       0.30      0.59      0.40       512
        EMCI       0.46      0.30      0.36      1088
        LMCI       0.24      0.23      0.23       608

    accuracy                           0.39      2976
   macro avg       0.39      0.40      0.38      2976
weighted avg       0.41      0.39      0.38      2976

slice confusion matrix (rows=true, cols=pred) ['CN', 'AD', 'EMCI', 'LMCI']:
[[384 104 148 132]
 [ 51 304  81  76]
 [244 286 321 237]
 [  9 316 143 140]]

--- mobilenetv2_v3go2 SUBJECT LEVEL (hard majority vote) ---
              precision    recall  f1-score   support

          CN       0.57      0.54      0.55        24
          AD       0.29      0.56      0.38        16
        EMCI       0.45      0.26      0.33        34
        LMCI       0.26      0.26      0.26        19

    accuracy                           0.39        93
   macro avg       0.39      0.41      0.38        93
weighted avg       0.41      0.39      0.38        93


--- mobilenetv2_v3go2 SUBJECT LEVEL (soft vote) ---
              precision    recall  f1-score   support

          CN       0.54      0.54      0.54        24
          AD       0.32      0.62      0.43        16
        EMCI       0.37      0.21      0.26        34
        LMCI       0.21      0.21      0.21        19

    accuracy                           0.37        93
   macro avg       0.36      0.40      0.36        93
weighted avg       0.37      0.37      0.35        93

soft-vote confusion matrix (rows=true, cols=pred) ['CN', 'AD', 'EMCI', 'LMCI']:
[[13  3  4  4]
 [ 2 10  2  2]
 [ 9  9  7  9]
 [ 0  9  6  4]]

=== mobilenetv2_v3go2 SUMMARY ===
{
  "arch": "mobilenetv2",
  "mode": "v3go2",
  "n_params": 2228996,
  "epochs_run": 11,
  "train_minutes": 10.8,
  "slice_level_accuracy": 0.3860887096774194,
  "slice_level_macro_f1": 0.38053024482089964,
  "subject_level_accuracy": 0.3870967741935484,
  "subject_level_macro_f1": 0.3831653602090332,
  "subject_level_accuracy_softvote": 0.3655913978494624,
  "subject_level_macro_f1_softvote": 0.36046896018649593
}
=== mobilenetv2_v3go2 DONE in 10.8 min ===

