C:\Users\Nikunj\miniconda3\envs\ml\Lib\site-packages\sklearn\metrics\_classification.py:1879: UndefinedMetricWarning: Precision is ill-defined and being set to 0.0 in labels with no predicted samples. Use `zero_division` parameter to control this behavior.
  _warn_prf(average, modifier, f"{metric.capitalize()} is", result.shape[0])
C:\Users\Nikunj\miniconda3\envs\ml\Lib\site-packages\sklearn\metrics\_classification.py:1879: UndefinedMetricWarning: Precision is ill-defined and being set to 0.0 in labels with no predicted samples. Use `zero_division` parameter to control this behavior.
  _warn_prf(average, modifier, f"{metric.capitalize()} is", result.shape[0])
C:\Users\Nikunj\miniconda3\envs\ml\Lib\site-packages\sklearn\metrics\_classification.py:1879: UndefinedMetricWarning: Precision is ill-defined and being set to 0.0 in labels with no predicted samples. Use `zero_division` parameter to control this behavior.
  _warn_prf(average, modifier, f"{metric.capitalize()} is", result.shape[0])
C:\Users\Nikunj\miniconda3\envs\ml\Lib\site-packages\sklearn\metrics\_classification.py:1879: UndefinedMetricWarning: Precision is ill-defined and being set to 0.0 in labels with no predicted samples. Use `zero_division` parameter to control this behavior.
  _warn_prf(average, modifier, f"{metric.capitalize()} is", result.shape[0])
C:\Users\Nikunj\miniconda3\envs\ml\Lib\site-packages\sklearn\metrics\_classification.py:1879: UndefinedMetricWarning: Precision is ill-defined and being set to 0.0 in labels with no predicted samples. Use `zero_division` parameter to control this behavior.
  _warn_prf(average, modifier, f"{metric.capitalize()} is", result.shape[0])
C:\Users\Nikunj\miniconda3\envs\ml\Lib\site-packages\sklearn\metrics\_classification.py:1879: UndefinedMetricWarning: Precision is ill-defined and being set to 0.0 in labels with no predicted samples. Use `zero_division` parameter to control this behavior.
  _warn_prf(average, modifier, f"{metric.capitalize()} is", result.shape[0])
===== efficientnet_b0_v3go2 on cuda (manifest: manifest_v3_go2.csv) =====
efficientnet_b0: 4,012,672 params, in_channels=3, mode=v3go2
Epoch  1/40 - train_loss 1.3931 train_acc 0.2997 - val_loss 1.3583 val_acc 0.2194
Epoch  2/40 - train_loss 1.3243 train_acc 0.3800 - val_loss 1.3326 val_acc 0.3740
Epoch  3/40 - train_loss 1.2951 train_acc 0.3986 - val_loss 1.3842 val_acc 0.3364
Epoch  4/40 - train_loss 1.2815 train_acc 0.4031 - val_loss 1.3430 val_acc 0.4399
Epoch  5/40 - train_loss 1.2402 train_acc 0.4326 - val_loss 1.4314 val_acc 0.3599
Epoch  6/40 - train_loss 1.1710 train_acc 0.4587 - val_loss 1.6503 val_acc 0.3434
Epoch  7/40 - train_loss 1.1291 train_acc 0.4816 - val_loss 1.4161 val_acc 0.3367
Epoch  8/40 - train_loss 1.0845 train_acc 0.5020 - val_loss 1.7906 val_acc 0.4052
Epoch  9/40 - train_loss 1.0072 train_acc 0.5484 - val_loss 1.3471 val_acc 0.4264
Early stopping at epoch 9 (no val_loss improvement for 7 epochs)

--- efficientnet_b0_v3go2 SLICE LEVEL ---
              precision    recall  f1-score   support

          CN       0.20      0.05      0.08       768
          AD       0.36      0.33      0.34       512
        EMCI       0.39      0.83      0.53      1088
        LMCI       0.00      0.00      0.00       608

    accuracy                           0.37      2976
   macro avg       0.24      0.30      0.24      2976
weighted avg       0.26      0.37      0.27      2976

slice confusion matrix (rows=true, cols=pred) ['CN', 'AD', 'EMCI', 'LMCI']:
[[ 39  38 691   0]
 [ 56 168 288   0]
 [ 55 129 904   0]
 [ 49 134 425   0]]

--- efficientnet_b0_v3go2 SUBJECT LEVEL (hard majority vote) ---
              precision    recall  f1-score   support

          CN       0.00      0.00      0.00        24
          AD       0.44      0.44      0.44        16
        EMCI       0.39      0.88      0.54        34
        LMCI       0.00      0.00      0.00        19

    accuracy                           0.40        93
   macro avg       0.21      0.33      0.24        93
weighted avg       0.22      0.40      0.27        93


--- efficientnet_b0_v3go2 SUBJECT LEVEL (soft vote) ---
              precision    recall  f1-score   support

          CN       0.33      0.04      0.07        24
          AD       0.33      0.31      0.32        16
        EMCI       0.39      0.85      0.53        34
        LMCI       0.00      0.00      0.00        19

    accuracy                           0.38        93
   macro avg       0.26      0.30      0.23        93
weighted avg       0.28      0.38      0.27        93

soft-vote confusion matrix (rows=true, cols=pred) ['CN', 'AD', 'EMCI', 'LMCI']:
[[ 1  0 23  0]
 [ 2  5  9  0]
 [ 0  5 29  0]
 [ 0  5 14  0]]

=== efficientnet_b0_v3go2 SUMMARY ===
{
  "arch": "efficientnet_b0",
  "mode": "v3go2",
  "n_params": 4012672,
  "epochs_run": 9,
  "train_minutes": 11.3,
  "slice_level_accuracy": 0.37331989247311825,
  "slice_level_macro_f1": 0.2388901335741545,
  "subject_level_accuracy": 0.3978494623655914,
  "subject_level_macro_f1": 0.24451013513513514,
  "subject_level_accuracy_softvote": 0.3763440860215054,
  "subject_level_macro_f1_softvote": 0.2321912027446209
}
=== efficientnet_b0_v3go2 DONE in 11.3 min ===

