manifest: manifest_v3_adcn.csv
===== AD vs CN across both ADNI cohorts (era-balanced, 501 subjects) (custom_cnn) =====
subjects by class x era:
class  era  
AD     ADNI1    108
       GO2      108
CN     ADNI1    127
       GO2      158
subjects  train 351  val 75  test 75
slices    train 11232  val 2400  test 2400
class balance (test subjects): {'AD': 32, 'CN': 43}
Epoch  1/40 - train_loss 0.6405 train_acc 0.6298 - val_loss 0.7080 val_acc 0.5437
Epoch  2/40 - train_loss 0.5990 train_acc 0.6848 - val_loss 0.6185 val_acc 0.6587
Epoch  3/40 - train_loss 0.5788 train_acc 0.6999 - val_loss 0.7246 val_acc 0.6383
Epoch  4/40 - train_loss 0.5740 train_acc 0.7097 - val_loss 0.6257 val_acc 0.6371
Epoch  5/40 - train_loss 0.5659 train_acc 0.7161 - val_loss 0.5994 val_acc 0.7117
Epoch  6/40 - train_loss 0.5593 train_acc 0.7179 - val_loss 0.6404 val_acc 0.6721
Epoch  7/40 - train_loss 0.5478 train_acc 0.7262 - val_loss 0.6380 val_acc 0.6637
Epoch  8/40 - train_loss 0.5420 train_acc 0.7317 - val_loss 0.6564 val_acc 0.6825
Epoch  9/40 - train_loss 0.5100 train_acc 0.7496 - val_loss 1.2723 val_acc 0.4512
Epoch 10/40 - train_loss 0.5000 train_acc 0.7553 - val_loss 0.6321 val_acc 0.6975
Epoch 11/40 - train_loss 0.4895 train_acc 0.7680 - val_loss 0.7758 val_acc 0.6675
Epoch 12/40 - train_loss 0.4572 train_acc 0.7823 - val_loss 0.6203 val_acc 0.7033
Early stopping at epoch 12 (no val_loss improvement for 7 epochs)

threshold chosen on validation: 0.510 (Youden's J = 0.602); default 0.5 would have been used otherwise

trained 12 epochs in 12.9 min

===== SUBJECT LEVEL, AD vs CN =====
              precision    recall  f1-score   support

          CN       0.76      0.79      0.77        43
          AD       0.70      0.66      0.68        32

    accuracy                           0.73        75
   macro avg       0.73      0.72      0.73        75
weighted avg       0.73      0.73      0.73        75

confusion matrix (rows=true, cols=pred) ['CN', 'AD']:
[[34  9]
 [11 21]]

accuracy    73.3%  (55/75)   95% CI [62.4%, 82.0%]
majority baseline 57.3%  <- must be beaten to mean anything
ROC AUC     0.838   95% CI [0.742, 0.934]   (0.5 = no signal; robust to the class imbalance)
            ^ interval excludes 0.5 -> genuine ranking signal
verdict: REAL SIGNAL - significantly above the trivial baseline

{
  "task": "AD vs CN across both ADNI cohorts (era-balanced, 501 subjects)",
  "arch": "custom_cnn",
  "manifest": "manifest_v3_adcn.csv",
  "n_test_subjects": 75,
  "accuracy": 0.7333333333333333,
  "accuracy_95CI": [
    0.6236898715426942,
    0.8202382070351124
  ],
  "decision_threshold": 0.5099999904632568,
  "accuracy_at_default_0.5": 0.7466666666666667,
  "majority_baseline": 0.5733333333333334,
  "roc_auc": 0.8379360465116279,
  "roc_auc_95CI": [
    0.7416137672435981,
    0.9342583257796577
  ],
  "verdict": "REAL SIGNAL - significantly above the trivial baseline",
  "macro_f1": 0.7250733137829912,
  "epochs_run": 12,
  "train_minutes": 12.9
}
