manifest: manifest_v3_adcn.csv
===== AD vs CN across both ADNI cohorts (era-balanced, 501 subjects) (efficientnet_b0) =====
subjects by class x era:
class  era  
AD     ADNI1    108
       GO2      108
CN     ADNI1    127
       GO2      158
subjects  train 351  val 75  test 75
slices    train 11232  val 2400  test 2400
class balance (test subjects): {'AD': 32, 'CN': 43}
Epoch  1/40 - train_loss 0.6710 train_acc 0.6013 - val_loss 0.7043 val_acc 0.5787 val_macro_f1 0.5589
Epoch  2/40 - train_loss 0.5955 train_acc 0.6880 - val_loss 0.5893 val_acc 0.7008 val_macro_f1 0.6903
Epoch  3/40 - train_loss 0.5655 train_acc 0.7088 - val_loss 0.6562 val_acc 0.6783 val_macro_f1 0.6782
Epoch  4/40 - train_loss 0.5484 train_acc 0.7247 - val_loss 0.5753 val_acc 0.7479 val_macro_f1 0.7265
Epoch  5/40 - train_loss 0.5243 train_acc 0.7437 - val_loss 0.7854 val_acc 0.6488 val_macro_f1 0.6428
Epoch  6/40 - train_loss 0.5023 train_acc 0.7557 - val_loss 0.6273 val_acc 0.6975 val_macro_f1 0.6866
Epoch  7/40 - train_loss 0.4754 train_acc 0.7695 - val_loss 0.6606 val_acc 0.6846 val_macro_f1 0.6846
Epoch  8/40 - train_loss 0.4266 train_acc 0.7999 - val_loss 0.6201 val_acc 0.7033 val_macro_f1 0.7022
Epoch  9/40 - train_loss 0.4006 train_acc 0.8124 - val_loss 0.7075 val_acc 0.6592 val_macro_f1 0.6580
Epoch 10/40 - train_loss 0.3780 train_acc 0.8225 - val_loss 0.6756 val_acc 0.6775 val_macro_f1 0.6750
Epoch 11/40 - train_loss 0.3263 train_acc 0.8520 - val_loss 0.7700 val_acc 0.6975 val_macro_f1 0.6778
Early stopping at epoch 11 (no val_loss improvement for 7 epochs)
restoring best checkpoint from epoch 4 (selected by val_loss)

threshold chosen on validation: 0.393 (Youden's J = 0.665); default 0.5 would have been used otherwise

trained 11 epochs in 12.0 min

===== SUBJECT LEVEL, AD vs CN =====
              precision    recall  f1-score   support

          CN       0.80      0.81      0.80        43
          AD       0.74      0.72      0.73        32

    accuracy                           0.77        75
   macro avg       0.77      0.77      0.77        75
weighted avg       0.77      0.77      0.77        75

confusion matrix (rows=true, cols=pred) ['CN', 'AD']:
[[35  8]
 [ 9 23]]

accuracy    77.3%  (58/75)   95% CI [66.7%, 85.3%]
majority baseline 57.3%  <- must be beaten to mean anything
ROC AUC     0.875   95% CI [0.789, 0.961]   (0.5 = no signal; robust to the class imbalance)
            ^ interval excludes 0.5 -> genuine ranking signal
verdict: REAL SIGNAL - significantly above the trivial baseline

{
  "task": "AD vs CN across both ADNI cohorts (era-balanced, 501 subjects)",
  "arch": "efficientnet_b0",
  "manifest": "manifest_v3_adcn.csv",
  "n_test_subjects": 75,
  "accuracy": 0.7733333333333333,
  "accuracy_95CI": [
    0.6666425143266057,
    0.8533875205788248
  ],
  "decision_threshold": 0.3928999900817871,
  "accuracy_at_default_0.5": 0.7866666666666666,
  "majority_baseline": 0.5733333333333334,
  "roc_auc": 0.875,
  "roc_auc_95CI": [
    0.7893133308801312,
    0.9606866691198688
  ],
  "verdict": "REAL SIGNAL - significantly above the trivial baseline",
  "macro_f1": 0.7673782156540777,
  "epochs_run": 11,
  "train_minutes": 12.0
}
