===== mobilenetv2_v3 on cuda (manifest: manifest_v3.csv, checkpoint selected by val_loss) =====
mobilenetv2: 2,228,996 params, in_channels=3, mode=v3
Epoch  1/40 - train_loss 1.2760 train_acc 0.3604 - val_loss 1.2454 val_acc 0.3777 val_macro_f1 0.3278
Epoch  2/40 - train_loss 1.1691 train_acc 0.4369 - val_loss 1.1950 val_acc 0.3787 val_macro_f1 0.3668
Epoch  3/40 - train_loss 1.1132 train_acc 0.4808 - val_loss 1.7998 val_acc 0.2886 val_macro_f1 0.2183
Epoch  4/40 - train_loss 1.0738 train_acc 0.5041 - val_loss 1.3447 val_acc 0.3037 val_macro_f1 0.2948
Epoch  5/40 - train_loss 1.0406 train_acc 0.5217 - val_loss 1.4536 val_acc 0.3181 val_macro_f1 0.2922
Epoch  6/40 - train_loss 0.9430 train_acc 0.5816 - val_loss 1.1998 val_acc 0.4631 val_macro_f1 0.4373
Epoch  7/40 - train_loss 0.8959 train_acc 0.6040 - val_loss 1.2761 val_acc 0.4312 val_macro_f1 0.4148
Epoch  8/40 - train_loss 0.8480 train_acc 0.6289 - val_loss 1.5080 val_acc 0.4180 val_macro_f1 0.4070
Epoch  9/40 - train_loss 0.7058 train_acc 0.6974 - val_loss 1.3053 val_acc 0.5105 val_macro_f1 0.4630
Early stopping at epoch 9 (no val_loss improvement for 7 epochs)
restoring best checkpoint from epoch 2 (selected by val_loss)

--- mobilenetv2_v3 SLICE LEVEL ---
              precision    recall  f1-score   support

          CN       0.38      0.35      0.36      1376
          AD       0.59      0.44      0.51      1024
        EMCI       0.35      0.37      0.36      1088
        LMCI       0.13      0.20      0.16       608

    accuracy                           0.36      4096
   macro avg       0.36      0.34      0.35      4096
weighted avg       0.39      0.36      0.37      4096

slice confusion matrix (rows=true, cols=pred) ['CN', 'AD', 'EMCI', 'LMCI']:
[[479 216 362 319]
 [308 454 159 103]
 [274  47 407 360]
 [189  56 242 121]]

--- mobilenetv2_v3 SUBJECT LEVEL (hard majority vote) ---
              precision    recall  f1-score   support

          CN       0.37      0.30      0.33        43
          AD       0.61      0.44      0.51        32
        EMCI       0.34      0.38      0.36        34
        LMCI       0.12      0.21      0.16        19

    accuracy                           0.34       128
   macro avg       0.36      0.33      0.34       128
weighted avg       0.39      0.34      0.36       128


--- mobilenetv2_v3 SUBJECT LEVEL (soft vote) ---
              precision    recall  f1-score   support

          CN       0.37      0.33      0.35        43
          AD       0.64      0.44      0.52        32
        EMCI       0.33      0.35      0.34        34
        LMCI       0.12      0.21      0.16        19

    accuracy                           0.34       128
   macro avg       0.37      0.33      0.34       128
weighted avg       0.39      0.34      0.36       128

soft-vote confusion matrix (rows=true, cols=pred) ['CN', 'AD', 'EMCI', 'LMCI']:
[[14  6 11 12]
 [11 14  4  3]
 [ 8  1 12 13]
 [ 5  1  9  4]]

=== mobilenetv2_v3 SUMMARY ===
{
  "arch": "mobilenetv2",
  "mode": "v3",
  "n_params": 2228996,
  "select_by": "val_loss",
  "best_epoch": 2,
  "epochs_run": 9,
  "train_minutes": 11.0,
  "slice_level_accuracy": 0.356689453125,
  "slice_level_macro_f1": 0.3476887106391781,
  "subject_level_accuracy": 0.34375,
  "subject_level_macro_f1": 0.34009952465834814,
  "subject_level_accuracy_softvote": 0.34375,
  "subject_level_macro_f1_softvote": 0.34097935470484486
}
=== mobilenetv2_v3 DONE in 11.0 min ===

