manifest: manifest_v3_adcn.csv
===== AD vs CN across both ADNI cohorts (era-balanced, 501 subjects) (mobilenetv2) =====
subjects by class x era:
class  era  
AD     ADNI1    108
       GO2      108
CN     ADNI1    127
       GO2      158
subjects  train 351  val 75  test 75
slices    train 11232  val 2400  test 2400
class balance (test subjects): {'AD': 32, 'CN': 43}
Epoch  1/40 - train_loss 0.6839 train_acc 0.5799 - val_loss 0.6290 val_acc 0.6529 val_macro_f1 0.6449
Epoch  2/40 - train_loss 0.6177 train_acc 0.6626 - val_loss 0.6361 val_acc 0.6517 val_macro_f1 0.5749
Epoch  3/40 - train_loss 0.5853 train_acc 0.6838 - val_loss 0.6104 val_acc 0.7175 val_macro_f1 0.7106
Epoch  4/40 - train_loss 0.5683 train_acc 0.7091 - val_loss 0.6337 val_acc 0.6692 val_macro_f1 0.6683
Epoch  5/40 - train_loss 0.5426 train_acc 0.7285 - val_loss 0.5757 val_acc 0.7171 val_macro_f1 0.7045
Epoch  6/40 - train_loss 0.5233 train_acc 0.7388 - val_loss 0.6007 val_acc 0.6908 val_macro_f1 0.6732
Epoch  7/40 - train_loss 0.5137 train_acc 0.7451 - val_loss 0.5735 val_acc 0.7075 val_macro_f1 0.6779
Epoch  8/40 - train_loss 0.4954 train_acc 0.7565 - val_loss 0.6198 val_acc 0.6496 val_macro_f1 0.5736
Epoch  9/40 - train_loss 0.4819 train_acc 0.7640 - val_loss 0.5956 val_acc 0.6979 val_macro_f1 0.6791
Epoch 10/40 - train_loss 0.4668 train_acc 0.7732 - val_loss 0.7921 val_acc 0.6583 val_macro_f1 0.6548
Epoch 11/40 - train_loss 0.4019 train_acc 0.8135 - val_loss 0.5734 val_acc 0.7546 val_macro_f1 0.7515
Epoch 12/40 - train_loss 0.3826 train_acc 0.8262 - val_loss 0.8236 val_acc 0.6737 val_macro_f1 0.6733
Epoch 13/40 - train_loss 0.3609 train_acc 0.8356 - val_loss 0.7019 val_acc 0.6608 val_macro_f1 0.6592
Epoch 14/40 - train_loss 0.3025 train_acc 0.8676 - val_loss 0.7487 val_acc 0.6937 val_macro_f1 0.6809
Epoch 15/40 - train_loss 0.2708 train_acc 0.8823 - val_loss 0.6938 val_acc 0.7254 val_macro_f1 0.7240
Epoch 16/40 - train_loss 0.2439 train_acc 0.8977 - val_loss 0.8332 val_acc 0.6854 val_macro_f1 0.6806
Epoch 17/40 - train_loss 0.2000 train_acc 0.9179 - val_loss 0.7616 val_acc 0.7262 val_macro_f1 0.7173
Epoch 18/40 - train_loss 0.1714 train_acc 0.9319 - val_loss 0.8828 val_acc 0.6954 val_macro_f1 0.6844
Early stopping at epoch 18 (no val_loss improvement for 7 epochs)
restoring best checkpoint from epoch 11 (selected by val_loss)

threshold chosen on validation: 0.422 (Youden's J = 0.697); default 0.5 would have been used otherwise

trained 18 epochs in 15.5 min

===== SUBJECT LEVEL, AD vs CN =====
              precision    recall  f1-score   support

          CN       0.89      0.79      0.84        43
          AD       0.76      0.88      0.81        32

    accuracy                           0.83        75
   macro avg       0.83      0.83      0.83        75
weighted avg       0.84      0.83      0.83        75

confusion matrix (rows=true, cols=pred) ['CN', 'AD']:
[[34  9]
 [ 4 28]]

accuracy    82.7%  (62/75)   95% CI [72.6%, 89.6%]
majority baseline 57.3%  <- must be beaten to mean anything
ROC AUC     0.906   95% CI [0.830, 0.981]   (0.5 = no signal; robust to the class imbalance)
            ^ interval excludes 0.5 -> genuine ranking signal
verdict: REAL SIGNAL - significantly above the trivial baseline

{
  "task": "AD vs CN across both ADNI cohorts (era-balanced, 501 subjects)",
  "arch": "mobilenetv2",
  "manifest": "manifest_v3_adcn.csv",
  "n_test_subjects": 75,
  "accuracy": 0.8266666666666667,
  "accuracy_95CI": [
    0.7256897902417947,
    0.8958095197671345
  ],
  "decision_threshold": 0.421999990940094,
  "accuracy_at_default_0.5": 0.8266666666666667,
  "majority_baseline": 0.5733333333333334,
  "roc_auc": 0.9055232558139534,
  "roc_auc_95CI": [
    0.8303895457690227,
    0.9806569658588842
  ],
  "verdict": "REAL SIGNAL - significantly above the trivial baseline",
  "macro_f1": 0.8255501878690285,
  "epochs_run": 18,
  "train_minutes": 15.5
}
