===== custom_cnn_v3go2 on cuda (manifest: manifest_v3_go2.csv) =====
custom_cnn: 1,207,012 params, in_channels=1, mode=v3go2
Epoch  1/40 - train_loss 1.3547 train_acc 0.3388 - val_loss 1.3257 val_acc 0.3585
Epoch  2/40 - train_loss 1.3132 train_acc 0.3822 - val_loss 1.3976 val_acc 0.2537
Epoch  3/40 - train_loss 1.2978 train_acc 0.3982 - val_loss 1.7524 val_acc 0.2204
Epoch  4/40 - train_loss 1.2751 train_acc 0.4072 - val_loss 1.4469 val_acc 0.2604
Epoch  5/40 - train_loss 1.2492 train_acc 0.4237 - val_loss 1.1707 val_acc 0.4634
Epoch  6/40 - train_loss 1.2344 train_acc 0.4304 - val_loss 1.1799 val_acc 0.4425
Epoch  7/40 - train_loss 1.2222 train_acc 0.4435 - val_loss 1.4753 val_acc 0.2974
Epoch  8/40 - train_loss 1.2119 train_acc 0.4478 - val_loss 1.6562 val_acc 0.2480
Epoch  9/40 - train_loss 1.1835 train_acc 0.4630 - val_loss 1.3916 val_acc 0.3266
Epoch 10/40 - train_loss 1.1745 train_acc 0.4711 - val_loss 1.3087 val_acc 0.3417
Epoch 11/40 - train_loss 1.1628 train_acc 0.4737 - val_loss 1.3283 val_acc 0.4200
Epoch 12/40 - train_loss 1.1334 train_acc 0.4889 - val_loss 1.2032 val_acc 0.4449
Early stopping at epoch 12 (no val_loss improvement for 7 epochs)

--- custom_cnn_v3go2 SLICE LEVEL ---
              precision    recall  f1-score   support

          CN       0.42      0.28      0.34       768
          AD       0.50      0.20      0.28       512
        EMCI       0.42      0.59      0.49      1088
        LMCI       0.41      0.49      0.45       608

    accuracy                           0.42      2976
   macro avg       0.44      0.39      0.39      2976
weighted avg       0.43      0.42      0.41      2976

slice confusion matrix (rows=true, cols=pred) ['CN', 'AD', 'EMCI', 'LMCI']:
[[218  11 514  25]
 [113 100 123 176]
 [165  48 641 234]
 [ 17  43 248 300]]

--- custom_cnn_v3go2 SUBJECT LEVEL (hard majority vote) ---
              precision    recall  f1-score   support

          CN       0.38      0.25      0.30        24
          AD       0.67      0.25      0.36        16
        EMCI       0.40      0.59      0.48        34
        LMCI       0.43      0.47      0.45        19

    accuracy                           0.42        93
   macro avg       0.47      0.39      0.40        93
weighted avg       0.45      0.42      0.41        93


--- custom_cnn_v3go2 SUBJECT LEVEL (soft vote) ---
              precision    recall  f1-score   support

          CN       0.40      0.25      0.31        24
          AD       0.67      0.25      0.36        16
        EMCI       0.38      0.56      0.45        34
        LMCI       0.41      0.47      0.44        19

    accuracy                           0.41        93
   macro avg       0.46      0.38      0.39        93
weighted avg       0.44      0.41      0.40        93

soft-vote confusion matrix (rows=true, cols=pred) ['CN', 'AD', 'EMCI', 'LMCI']:
[[ 6  0 18  0]
 [ 3  4  4  5]
 [ 6  1 19  8]
 [ 0  1  9  9]]

=== custom_cnn_v3go2 SUMMARY ===
{
  "arch": "custom_cnn",
  "mode": "v3go2",
  "n_params": 1207012,
  "epochs_run": 12,
  "train_minutes": 15.9,
  "slice_level_accuracy": 0.4230510752688172,
  "slice_level_macro_f1": 0.38941705884649097,
  "subject_level_accuracy": 0.41935483870967744,
  "subject_level_macro_f1": 0.39745670995670995,
  "subject_level_accuracy_softvote": 0.40860215053763443,
  "subject_level_macro_f1_softvote": 0.39068350348838154
}
=== custom_cnn_v3go2 DONE in 15.9 min ===

