===== custom_cnn_v3go2_f1 on cuda (manifest: manifest_v3_go2.csv, checkpoint selected by val_macro_f1) =====
custom_cnn: 1,207,012 params, in_channels=1, mode=v3go2
Epoch  1/40 - train_loss 1.3547 train_acc 0.3388 - val_loss 1.3257 val_acc 0.3585 val_macro_f1 0.2177
Epoch  2/40 - train_loss 1.3132 train_acc 0.3822 - val_loss 1.3976 val_acc 0.2537 val_macro_f1 0.2425
Epoch  3/40 - train_loss 1.2978 train_acc 0.3982 - val_loss 1.7524 val_acc 0.2204 val_macro_f1 0.1674
Epoch  4/40 - train_loss 1.2751 train_acc 0.4072 - val_loss 1.4469 val_acc 0.2604 val_macro_f1 0.2037
Epoch  5/40 - train_loss 1.2492 train_acc 0.4237 - val_loss 1.1707 val_acc 0.4634 val_macro_f1 0.3857
Epoch  6/40 - train_loss 1.2344 train_acc 0.4304 - val_loss 1.1799 val_acc 0.4425 val_macro_f1 0.4021
Epoch  7/40 - train_loss 1.2222 train_acc 0.4435 - val_loss 1.4753 val_acc 0.2974 val_macro_f1 0.2506
Epoch  8/40 - train_loss 1.2119 train_acc 0.4478 - val_loss 1.6562 val_acc 0.2480 val_macro_f1 0.2423
Epoch  9/40 - train_loss 1.1835 train_acc 0.4630 - val_loss 1.3916 val_acc 0.3266 val_macro_f1 0.3275
Epoch 10/40 - train_loss 1.1745 train_acc 0.4711 - val_loss 1.3087 val_acc 0.3417 val_macro_f1 0.3462
Epoch 11/40 - train_loss 1.1628 train_acc 0.4737 - val_loss 1.3283 val_acc 0.4200 val_macro_f1 0.4155
Epoch 12/40 - train_loss 1.1334 train_acc 0.4889 - val_loss 1.2032 val_acc 0.4449 val_macro_f1 0.4275
Epoch 13/40 - train_loss 1.1248 train_acc 0.4905 - val_loss 1.1939 val_acc 0.4200 val_macro_f1 0.4047
Epoch 14/40 - train_loss 1.1029 train_acc 0.5009 - val_loss 1.2232 val_acc 0.4301 val_macro_f1 0.4196
Epoch 15/40 - train_loss 1.0785 train_acc 0.5082 - val_loss 1.2878 val_acc 0.4002 val_macro_f1 0.3984
Epoch 16/40 - train_loss 1.0671 train_acc 0.5119 - val_loss 1.2666 val_acc 0.4093 val_macro_f1 0.4101
Epoch 17/40 - train_loss 1.0576 train_acc 0.5195 - val_loss 1.2410 val_acc 0.4425 val_macro_f1 0.4244
Epoch 18/40 - train_loss 1.0516 train_acc 0.5234 - val_loss 1.3170 val_acc 0.4210 val_macro_f1 0.4178
Epoch 19/40 - train_loss 1.0397 train_acc 0.5238 - val_loss 1.2567 val_acc 0.4284 val_macro_f1 0.4217
Early stopping at epoch 19 (no val_macro_f1 improvement for 7 epochs)
restoring best checkpoint from epoch 12 (selected by val_macro_f1)

--- custom_cnn_v3go2_f1 SLICE LEVEL ---
              precision    recall  f1-score   support

          CN       0.57      0.30      0.39       768
          AD       0.35      0.22      0.27       512
        EMCI       0.40      0.43      0.41      1088
        LMCI       0.30      0.54      0.39       608

    accuracy                           0.38      2976
   macro avg       0.41      0.37      0.37      2976
weighted avg       0.42      0.38      0.38      2976

slice confusion matrix (rows=true, cols=pred) ['CN', 'AD', 'EMCI', 'LMCI']:
[[231  14 381 142]
 [ 73 115  89 235]
 [ 94 150 465 379]
 [  5  52 221 330]]

--- custom_cnn_v3go2_f1 SUBJECT LEVEL (hard majority vote) ---
              precision    recall  f1-score   support

          CN       0.67      0.33      0.44        24
          AD       0.38      0.19      0.25        16
        EMCI       0.42      0.44      0.43        34
        LMCI       0.30      0.58      0.39        19

    accuracy                           0.40        93
   macro avg       0.44      0.39      0.38        93
weighted avg       0.45      0.40      0.39        93


--- custom_cnn_v3go2_f1 SUBJECT LEVEL (soft vote) ---
              precision    recall  f1-score   support

          CN       0.67      0.33      0.44        24
          AD       0.44      0.25      0.32        16
        EMCI       0.43      0.47      0.45        34
        LMCI       0.31      0.58      0.41        19

    accuracy                           0.42        93
   macro avg       0.46      0.41      0.41        93
weighted avg       0.47      0.42      0.42        93

soft-vote confusion matrix (rows=true, cols=pred) ['CN', 'AD', 'EMCI', 'LMCI']:
[[ 8  0 12  4]
 [ 2  4  2  8]
 [ 2  4 16 12]
 [ 0  1  7 11]]

=== custom_cnn_v3go2_f1 SUMMARY ===
{
  "arch": "custom_cnn",
  "mode": "v3go2",
  "n_params": 1207012,
  "select_by": "val_macro_f1",
  "best_epoch": 12,
  "epochs_run": 19,
  "train_minutes": 23.8,
  "slice_level_accuracy": 0.3834005376344086,
  "slice_level_macro_f1": 0.3678546477002581,
  "subject_level_accuracy": 0.3978494623655914,
  "subject_level_macro_f1": 0.37896825396825395,
  "subject_level_accuracy_softvote": 0.41935483870967744,
  "subject_level_macro_f1_softvote": 0.40563901930099117
}
=== custom_cnn_v3go2_f1 DONE in 23.8 min ===

