===== mobilenetv2_v3go2_f1 on cuda (manifest: manifest_v3_go2.csv, checkpoint selected by val_macro_f1) =====
mobilenetv2: 2,228,996 params, in_channels=3, mode=v3go2
Epoch  1/40 - train_loss 1.3782 train_acc 0.3223 - val_loss 1.5070 val_acc 0.3760 val_macro_f1 0.2687
Epoch  2/40 - train_loss 1.2940 train_acc 0.3947 - val_loss 1.6360 val_acc 0.2446 val_macro_f1 0.2257
Epoch  3/40 - train_loss 1.2336 train_acc 0.4416 - val_loss 1.6377 val_acc 0.2984 val_macro_f1 0.2744
Epoch  4/40 - train_loss 1.2024 train_acc 0.4575 - val_loss 1.2909 val_acc 0.3814 val_macro_f1 0.3664
Epoch  5/40 - train_loss 1.1570 train_acc 0.4749 - val_loss 1.3328 val_acc 0.4046 val_macro_f1 0.3738
Epoch  6/40 - train_loss 1.1245 train_acc 0.4936 - val_loss 1.7118 val_acc 0.2581 val_macro_f1 0.2287
Epoch  7/40 - train_loss 1.0766 train_acc 0.5259 - val_loss 1.6177 val_acc 0.2967 val_macro_f1 0.2438
Epoch  8/40 - train_loss 0.9457 train_acc 0.5794 - val_loss 1.5778 val_acc 0.3585 val_macro_f1 0.3368
Epoch  9/40 - train_loss 0.8797 train_acc 0.6100 - val_loss 1.7394 val_acc 0.3360 val_macro_f1 0.3141
Epoch 10/40 - train_loss 0.7884 train_acc 0.6545 - val_loss 1.7379 val_acc 0.3841 val_macro_f1 0.3575
Epoch 11/40 - train_loss 0.6315 train_acc 0.7196 - val_loss 1.6662 val_acc 0.3824 val_macro_f1 0.3715
Epoch 12/40 - train_loss 0.5564 train_acc 0.7535 - val_loss 2.1338 val_acc 0.3595 val_macro_f1 0.3264
Early stopping at epoch 12 (no val_macro_f1 improvement for 7 epochs)
restoring best checkpoint from epoch 5 (selected by val_macro_f1)

--- mobilenetv2_v3go2_f1 SLICE LEVEL ---
              precision    recall  f1-score   support

          CN       0.46      0.44      0.45       768
          AD       0.31      0.46      0.37       512
        EMCI       0.42      0.41      0.41      1088
        LMCI       0.17      0.11      0.13       608

    accuracy                           0.37      2976
   macro avg       0.34      0.36      0.34      2976
weighted avg       0.36      0.37      0.36      2976

slice confusion matrix (rows=true, cols=pred) ['CN', 'AD', 'EMCI', 'LMCI']:
[[340  75 233 120]
 [ 74 237 143  58]
 [288 203 444 153]
 [ 45 257 239  67]]

--- mobilenetv2_v3go2_f1 SUBJECT LEVEL (hard majority vote) ---
              precision    recall  f1-score   support

          CN       0.52      0.54      0.53        24
          AD       0.31      0.50      0.38        16
        EMCI       0.44      0.41      0.42        34
        LMCI       0.10      0.05      0.07        19

    accuracy                           0.39        93
   macro avg       0.34      0.38      0.35        93
weighted avg       0.37      0.39      0.37        93


--- mobilenetv2_v3go2_f1 SUBJECT LEVEL (soft vote) ---
              precision    recall  f1-score   support

          CN       0.48      0.46      0.47        24
          AD       0.27      0.44      0.33        16
        EMCI       0.46      0.47      0.46        34
        LMCI       0.11      0.05      0.07        19

    accuracy                           0.38        93
   macro avg       0.33      0.35      0.33        93
weighted avg       0.36      0.38      0.36        93

soft-vote confusion matrix (rows=true, cols=pred) ['CN', 'AD', 'EMCI', 'LMCI']:
[[11  2  7  4]
 [ 3  7  5  1]
 [ 8  7 16  3]
 [ 1 10  7  1]]

=== mobilenetv2_v3go2_f1 SUMMARY ===
{
  "arch": "mobilenetv2",
  "mode": "v3go2",
  "n_params": 2228996,
  "select_by": "val_macro_f1",
  "best_epoch": 5,
  "epochs_run": 12,
  "train_minutes": 11.5,
  "slice_level_accuracy": 0.3655913978494624,
  "slice_level_macro_f1": 0.3412012327086746,
  "subject_level_accuracy": 0.3870967741935484,
  "subject_level_macro_f1": 0.3511931418335359,
  "subject_level_accuracy_softvote": 0.3763440860215054,
  "subject_level_macro_f1_softvote": 0.3341537817717281
}
=== mobilenetv2_v3go2_f1 DONE in 11.5 min ===

